03-15 18:42:43.671  6349  6467 I APi2 info : : CaptureResult.Key(android.control.afRegions) <=> [ (x:1618, y:1216, w:1386, h:1056, wt:0)]
03-15 18:42:43.671  6349  6467 I APi2 info : : CaptureResult.Key(android.statistics.faces) <=> [ ]
03-15 18:42:43.671  6349  6467 I APi2 info : : CaptureResult.Key(android.scaler.cropRegion) <=> Rect(0, 0 - 4624, 3472)
03-15 18:42:43.671  6349  6467 I APi2 info : : CaptureResult.Key(android.sensor.timestamp) <=> 2986153672087357
03-15 18:42:43.671  6349  6467 I APi2 info : : CaptureResult.Key(android.sensor.timestamp) <=> 2986153672087357
03-15 18:42:43.671  6349  6467 I APi2 info : : CaptureResult.Key(android.sensor.frameDuration) <=> 70455404
03-15 18:42:43.671  6349  6467 I APi2 info : : CaptureResult.Key(android.sensor.exposureTime) <=> 70000000
03-15 18:42:43.671  6349  6467 I APi2 info : : CaptureResult.Key(android.sensor.timestamp) <=> 2986153672087357
03-15 18:42:43.671  6349  6467 I APi2 info : : CaptureResult.Key(android.sensor.frameDuration) <=> 70455404
03-15 18:42:43.671  6349  6467 W JankMonitorFacade: PHOTO > abs (result sensor timestamp) = 70,45 ms > 70,00 ms
03-15 18:42:43.671  6349  6467 I APi2 info : : CaptureResult.Key(android.colorCorrection.gains) <=> RggbChannelVector{R:1,929688, G_even:1,000000, G_odd:1,000000, B:2,328125}
03-15 18:42:43.672  6349  6349 I APi2 info : : CaptureResult.Key(android.sensor.exposureTime) <=> 70000000
03-15 18:42:43.672  6349  6467 I APi2 info : : CaptureResult.Key(android.colorCorrection.transform) <=> ColorSpaceTransform([128/128, 0/128, 0/128], [0/128, 128/128, 0/128], [0/128, 0/128, 128/128])
03-15 18:42:43.672  6349  6349 I APi2 info : : CaptureResult.Key(android.control.postRawSensitivityBoost) <=> 100
03-15 18:42:43.672  6349  6467 I APi2 info : : CaptureResult.Key(android.control.aeRegions) <=> [ (x:0, y:0, w:0, h:0, wt:0)]
03-15 18:42:43.672  6349  6349 I APi2 info : : CaptureResult.Key(android.sensor.sensitivity) <=> 7749
03-15 18:42:43.672  6349  6467 I APi2 info : : CaptureResult.Key(android.control.aeState) <=> 2
03-15 18:42:43.672  6349  6467 I APi2 info : : CaptureResult.Key(android.control.afState) <=> 2
03-15 18:42:43.672  6349  6467 I APi2 info : : CaptureResult.Key(android.control.afMode) <=> 4
03-15 18:42:43.672  6349  6467 I APi2 info : : CaptureResult.Key(android.logicalMultiCamera.activePhysicalId) <=> <null>
03-15 18:42:43.745  6349  6467 I APi2 info : : CaptureResult.Key(android.scaler.cropRegion) <=> Rect(0, 0 - 4624, 3472)
03-15 18:42:43.745  6349  6467 I APi2 info : : CaptureResult.Key(android.control.aeState) <=> 2
03-15 18:42:43.745  6349  6467 I APi2 info : : CaptureResult.Key(android.lens.focusDistance) <=> 0.40281972
03-15 18:42:43.746  6349  6467 I APi2 info : : CaptureResult.Key(android.lens.focusRange) <=> Pair{0.1 10.0}
03-15 18:42:43.746  6349  6467 I APi2 info : : CaptureResult.Key(android.statistics.faces) <=> [ ]
03-15 18:42:43.746  6349  6467 I APi2 info : : CaptureResult.Key(android.scaler.cropRegion) <=> Rect(0, 0 - 4624, 3472)
03-15 18:42:43.746  6349  6467 I APi2 info : : CaptureResult.Key(android.sensor.frameDuration) <=> 70455404
03-15 18:42:43.746  6349  6467 I APi2 info : : CaptureResult.Key(android.control.aeMode) <=> 1
03-15 18:42:43.746  6349  6467 I APi2 info : : CaptureResult.Key(android.control.aeState) <=> 2
03-15 18:42:43.746  6349  6467 I APi2 info : : CaptureResult.Key(android.control.afMode) <=> 4
03-15 18:42:43.746  6349  6467 I APi2 info : : CaptureResult.Key(android.control.afMode) <=> 4
03-15 18:42:43.746  6349  6467 I APi2 info : : CaptureResult.Key(android.control.afState) <=> 2
03-15 18:42:43.746  6349  6566 I APi2 info : : CaptureResult.Key(android.logicalMultiCamera.activePhysicalId) <=> <null>
03-15 18:42:43.746  6349  6566 I APi2 info : : CaptureResult.Key(android.statistics.oisSamples) <=> <null>
03-15 18:42:43.746  6349  6566 E OisListener: Null pointer for OIS data. OIS API version: 2
03-15 18:42:43.746  6349  6467 I APi2 info : : CaptureResult.Key(android.lens.focusDistance) <=> 0.40281972
03-15 18:42:43.746  6349  6467 I APi2 info : : CaptureResult.Key(android.control.afMode) <=> 4
03-15 18:42:43.746  6349  6467 I APi2 info : : CaptureResult.Key(android.control.afRegions) <=> [ (x:1618, y:1216, w:1386, h:1056, wt:0)]
03-15 18:42:43.746  6349  6467 I APi2 info : : CaptureResult.Key(android.statistics.faces) <=> [ ]
03-15 18:42:43.746  6349  6467 I APi2 info : : CaptureResult.Key(android.statistics.faces) <=> [ ]
03-15 18:42:43.746  6349  6467 I APi2 info : : CaptureResult.Key(android.control.afRegions) <=> [ (x:1618, y:1216, w:1386, h:1056, wt:0)]
03-15 18:42:43.746  6349  6467 I APi2 info : : CaptureResult.Key(android.statistics.faces) <=> [ ]
03-15 18:42:43.746  6349  6467 I APi2 info : : CaptureResult.Key(android.scaler.cropRegion) <=> Rect(0, 0 - 4624, 3472)
03-15 18:42:43.746  6349  6467 I APi2 info : : CaptureResult.Key(android.scaler.cropRegion) <=> Rect(0, 0 - 4624, 3472)
03-15 18:42:43.746  6349  6467 I APi2 info : : CaptureResult.Key(android.control.afRegions) <=> [ (x:1618, y:1216, w:1386, h:1056, wt:0)]
03-15 18:42:43.746  6349  6467 I APi2 info : : CaptureResult.Key(android.statistics.faces) <=> [ ]
03-15 18:42:43.746  6349  6467 I APi2 info : : CaptureResult.Key(android.statistics.faces) <=> [ ]
03-15 18:42:43.747  6349  6467 I APi2 info : : CaptureResult.Key(android.control.afRegions) <=> [ (x:1618, y:1216, w:1386, h:1056, wt:0)]
03-15 18:42:43.747  6349  6467 I APi2 info : : CaptureResult.Key(android.statistics.faces) <=> [ ]
03-15 18:42:43.747  6349  6467 I APi2 info : : CaptureResult.Key(android.scaler.cropRegion) <=> Rect(0, 0 - 4624, 3472)
03-15 18:42:43.747  6349  6467 I APi2 info : : CaptureResult.Key(android.sensor.timestamp) <=> 2986153742534492
03-15 18:42:43.747  6349  6467 I APi2 info : : CaptureResult.Key(android.sensor.timestamp) <=> 2986153742534492
03-15 18:42:43.747  6349  6467 I APi2 info : : CaptureResult.Key(android.sensor.frameDuration) <=> 70455404
03-15 18:42:43.747  6349  6467 I APi2 info : : CaptureResult.Key(android.sensor.exposureTime) <=> 70000000
03-15 18:42:43.747  6349  6467 I APi2 info : : CaptureResult.Key(android.sensor.timestamp) <=> 2986153742534492
03-15 18:42:43.747  6349  6467 I APi2 info : : CaptureResult.Key(android.sensor.frameDuration) <=> 70455404
03-15 18:42:43.747  6349  6467 W JankMonitorFacade: PHOTO > abs (result sensor timestamp) = 70,45 ms > 70,00 ms
03-15 18:42:43.747  6349  6467 I APi2 info : : CaptureResult.Key(android.colorCorrection.gains) <=> RggbChannelVector{R:1,953125, G_even:1,000000, G_odd:1,000000, B:2,375000}
03-15 18:42:43.747  6349  6467 I APi2 info : : CaptureResult.Key(android.colorCorrection.transform) <=> ColorSpaceTransform([128/128, 0/128, 0/128], [0/128, 128/128, 0/128], [0/128, 0/128, 128/128])
03-15 18:42:43.747  6349  6467 I APi2 info : : CaptureResult.Key(android.control.aeRegions) <=> [ (x:0, y:0, w:0, h:0, wt:0)]
03-15 18:42:43.747  6349  6467 I APi2 info : : CaptureResult.Key(android.control.aeState) <=> 2
03-15 18:42:43.748  6349  6467 I APi2 info : : CaptureResult.Key(android.control.afState) <=> 2
03-15 18:42:43.748  6349  6467 I APi2 info : : CaptureResult.Key(android.control.afMode) <=> 4
03-15 18:42:43.748  6349  6467 I APi2 info : : CaptureResult.Key(android.logicalMultiCamera.activePhysicalId) <=> <null>
03-15 18:42:43.748  6349  6569 W BpBinder: Slow Binder: BpBinder transact took 606 ms, interface=android.content.IContentProvider, code=1 oneway=false
03-15 18:42:43.753  6349  6467 I APi2 info : : CaptureResult.Key(android.scaler.cropRegion) <=> <null>
03-15 18:42:43.800  6349  6409 W EngineApiLoaderContr: All remote package attempts fail.
03-15 18:42:43.802  6349  6409 W EngineApiLoaderContr: EngineApi implementation not found
03-15 18:42:43.802  6349  6409 E CAM_LenslitePP: Unable to create LinkEngineApi
03-15 18:42:43.802  6349  6409 E CAM_LenslitePP: java.lang.RuntimeException: No engine implementation found
03-15 18:42:43.802  6349  6409 E CAM_LenslitePP: 	at elk.run(Unknown Source:643)
03-15 18:42:43.802  6349  6409 E CAM_LenslitePP: 	at oxw.run(Unknown Source:19)
03-15 18:42:43.802  6349  6409 E CAM_LenslitePP: 	at oxx.run(Unknown Source:353)
03-15 18:42:43.802  6349  6409 E CAM_LenslitePP: 	at lis.run(Unknown Source:3)
03-15 18:42:43.802  6349  6409 E CAM_LenslitePP: 	at java.util.concurrent.Executors$RunnableAdapter.call(Executors.java:487)
03-15 18:42:43.802  6349  6409 E CAM_LenslitePP: 	at oye.b(Unknown Source:12)
03-15 18:42:43.802  6349  6409 E CAM_LenslitePP: 	at oxi.run(Unknown Source:951)
03-15 18:42:43.802  6349  6409 E CAM_LenslitePP: 	at oyf.run(Unknown Source:20)
03-15 18:42:43.802  6349  6409 E CAM_LenslitePP: 	at java.util.concurrent.Executors$RunnableAdapter.call(Executors.java:487)
03-15 18:42:43.802  6349  6409 E CAM_LenslitePP: 	at java.util.concurrent.FutureTask.run(FutureTask.java:264)
03-15 18:42:43.802  6349  6409 E CAM_LenslitePP: 	at java.util.concurrent.ScheduledThreadPoolExecutor$ScheduledFutureTask.run(ScheduledThreadPoolExecutor.java:307)
03-15 18:42:43.802  6349  6409 E CAM_LenslitePP: 	at ljd.run(Unknown Source:8)
03-15 18:42:43.802  6349  6409 E CAM_LenslitePP: 	at ljc.run(Unknown Source:0)
03-15 18:42:43.802  6349  6409 E CAM_LenslitePP: 	at java.util.concurrent.ThreadPoolExecutor.runWorker(ThreadPoolExecutor.java:1145)
03-15 18:42:43.802  6349  6409 E CAM_LenslitePP: 	at java.util.concurrent.ThreadPoolExecutor$Worker.run(ThreadPoolExecutor.java:644)
03-15 18:42:43.802  6349  6409 E CAM_LenslitePP: 	at java.lang.Thread.run(Thread.java:1012)
03-15 18:42:43.802  6349  6409 E CAM_LenslitePP: 	at lhu.run(Unknown Source:29)
03-15 18:42:43.802  6349  6424 W Glide   : Failed to find GeneratedAppGlideModule. You should include an annotationProcessor compile dependency on com.github.bumptech.glide:compiler in your application and a @GlideModule annotated AppGlideModule implementation or LibraryGlideModules will be silently ignored
03-15 18:42:43.814  6349  6467 I APi2 info : : CaptureResult.Key(android.scaler.cropRegion) <=> <null>
03-15 18:42:43.817  6349  6467 I APi2 info : : CaptureResult.Key(android.scaler.cropRegion) <=> Rect(0, 0 - 4624, 3472)
03-15 18:42:43.817  6349  6467 I APi2 info : : CaptureResult.Key(android.control.aeState) <=> 2
03-15 18:42:43.817  6349  6467 I APi2 info : : CaptureResult.Key(android.lens.focusDistance) <=> 0.40281972
03-15 18:42:43.817  6349  6467 I APi2 info : : CaptureResult.Key(android.lens.focusRange) <=> Pair{0.1 10.0}
03-15 18:42:43.817  6349  6467 I APi2 info : : CaptureResult.Key(android.statistics.faces) <=> [ ]
03-15 18:42:43.817  6349  6467 I APi2 info : : CaptureResult.Key(android.scaler.cropRegion) <=> Rect(0, 0 - 4624, 3472)
03-15 18:42:43.817  6349  6467 I APi2 info : : CaptureResult.Key(android.sensor.frameDuration) <=> 70455404
03-15 18:42:43.817  6349  6467 I APi2 info : : CaptureResult.Key(android.control.aeMode) <=> 1
03-15 18:42:43.817  6349  6467 I APi2 info : : CaptureResult.Key(android.control.aeState) <=> 2
03-15 18:42:43.817  6349  6467 I APi2 info : : CaptureResult.Key(android.control.afMode) <=> 4
03-15 18:42:43.818  6349  6467 I APi2 info : : CaptureResult.Key(android.control.afMode) <=> 4
03-15 18:42:43.818  6349  6467 I APi2 info : : CaptureResult.Key(android.control.afState) <=> 2
03-15 18:42:43.818  6349  6467 I APi2 info : : CaptureResult.Key(android.lens.focusDistance) <=> 0.40281972
03-15 18:42:43.818  6349  6467 I APi2 info : : CaptureResult.Key(android.control.afMode) <=> 4
03-15 18:42:43.818  6349  6566 I APi2 info : : CaptureResult.Key(android.logicalMultiCamera.activePhysicalId) <=> <null>
03-15 18:42:43.818  6349  6566 I APi2 info : : CaptureResult.Key(android.statistics.oisSamples) <=> <null>
03-15 18:42:43.818  6349  6566 E OisListener: Null pointer for OIS data. OIS API version: 2
03-15 18:42:43.819  6349  6467 I APi2 info : : CaptureResult.Key(android.control.afRegions) <=> [ (x:1618, y:1216, w:1386, h:1056, wt:0)]
03-15 18:42:43.819  6349  6467 I APi2 info : : CaptureResult.Key(android.statistics.faces) <=> [ ]
03-15 18:42:43.819  6349  6467 I APi2 info : : CaptureResult.Key(android.statistics.faces) <=> [ ]
03-15 18:42:43.819  6349  6467 I APi2 info : : CaptureResult.Key(android.control.afRegions) <=> [ (x:1618, y:1216, w:1386, h:1056, wt:0)]
03-15 18:42:43.819  6349  6467 I APi2 info : : CaptureResult.Key(android.statistics.faces) <=> [ ]
03-15 18:42:43.819  6349  6467 I APi2 info : : CaptureResult.Key(android.scaler.cropRegion) <=> Rect(0, 0 - 4624, 3472)
03-15 18:42:43.819  6349  6467 I APi2 info : : CaptureResult.Key(android.scaler.cropRegion) <=> Rect(0, 0 - 4624, 3472)
03-15 18:42:43.820  6349  6467 I APi2 info : : CaptureResult.Key(android.control.afRegions) <=> [ (x:1618, y:1216, w:1386, h:1056, wt:0)]
03-15 18:42:43.820  6349  6467 I APi2 info : : CaptureResult.Key(android.statistics.faces) <=> [ ]
03-15 18:42:43.820  6349  6467 I APi2 info : : CaptureResult.Key(android.statistics.faces) <=> [ ]
03-15 18:42:43.820  6349  6467 I APi2 info : : CaptureResult.Key(android.control.afRegions) <=> [ (x:1618, y:1216, w:1386, h:1056, wt:0)]
03-15 18:42:43.820  6349  6467 I APi2 info : : CaptureResult.Key(android.statistics.faces) <=> [ ]
03-15 18:42:43.820  6349  6467 I APi2 info : : CaptureResult.Key(android.scaler.cropRegion) <=> Rect(0, 0 - 4624, 3472)
03-15 18:42:43.820  6349  6467 I APi2 info : : CaptureResult.Key(android.sensor.timestamp) <=> 2986153812981628
03-15 18:42:43.820  6349  6467 I APi2 info : : CaptureResult.Key(android.sensor.timestamp) <=> 2986153812981628
03-15 18:42:43.820  6349  6467 I APi2 info : : CaptureResult.Key(android.sensor.frameDuration) <=> 70455404
03-15 18:42:43.820  6349  6467 I APi2 info : : CaptureResult.Key(android.sensor.exposureTime) <=> 70000000
03-15 18:42:43.820  6349  6467 I APi2 info : : CaptureResult.Key(android.sensor.timestamp) <=> 2986153812981628
03-15 18:42:43.820  6349  6467 I APi2 info : : CaptureResult.Key(android.sensor.frameDuration) <=> 70455404
03-15 18:42:43.820  6349  6467 W JankMonitorFacade: PHOTO > abs (result sensor timestamp) = 70,45 ms > 70,00 ms
03-15 18:42:43.820  6349  6467 I APi2 info : : CaptureResult.Key(android.colorCorrection.gains) <=> RggbChannelVector{R:1,992188, G_even:1,000000, G_odd:1,000000, B:2,390625}
03-15 18:42:43.820  6349  6467 I APi2 info : : CaptureResult.Key(android.colorCorrection.transform) <=> ColorSpaceTransform([128/128, 0/128, 0/128], [0/128, 128/128, 0/128], [0/128, 0/128, 128/128])
03-15 18:42:43.820  6349  6467 I APi2 info : : CaptureResult.Key(android.control.aeRegions) <=> [ (x:0, y:0, w:0, h:0, wt:0)]
03-15 18:42:43.820  6349  6467 I APi2 info : : CaptureResult.Key(android.control.aeState) <=> 2
03-15 18:42:43.820  6349  6467 I APi2 info : : CaptureResult.Key(android.control.afState) <=> 2
03-15 18:42:43.820  6349  6467 I APi2 info : : CaptureResult.Key(android.control.afMode) <=> 4
03-15 18:42:43.820  6349  6467 I APi2 info : : CaptureResult.Key(android.logicalMultiCamera.activePhysicalId) <=> <null>
03-15 18:42:43.822  6349  6402 I APi2 info : : CaptureResult.Key(android.statistics.lensShadingCorrectionMap) <=> LensShadingMap{R:([1.8310547, 1.7509766, 1.7197266, 1.6015625, 1.5263672, 1.4921875, 1.4277344, 1.3769531, 1.4013672, 1.4179688, 1.4492188, 1.4863281, 1.5361328, 1.6171875, 1.7128906, 1.7792969, 1.8984375], [1.7744141, 1.7041016, 1.6074219, 1.5068359, 1.4169922, 1.3916016, 1.3388672, 1.2949219, 1.2919922, 1.2988281, 1.3261719, 1.375, 1.4355469, 1.4980469, 1.5771484, 1.6816406, 1.828125], [1.7802734, 1.6386719, 1.5126953, 1.4238281, 1.3574219, 1.3105469, 1.2558594, 1.2041016, 1.1835938, 1.1933594, 1.2265625, 1.2802734, 1.3476562, 1.4121094, 1.4873047, 1.6083984, 1.765625], [1.7607422, 1.5947266, 1.4472656, 1.3613281, 1.2939453, 1.2402344, 1.1806641, 1.1240234, 1.0996094, 1.1103516, 1.1445312, 1.2011719, 1.2783203, 1.3476562, 1.421875, 1.5292969, 1.6787109], [1.7099609, 1.5283203, 1.3935547, 1.3115234, 1.2363281, 1.1767578, 1.1210938, 1.0664062, 1.0410156, 1.0527344, 1.0898438, 1.1416016, 1.2167969, 1.2978516, 1.3789062, 1.4873047, 1.640625], [1.6054688, 1.4824219, 1.3623047, 1.2773438, 1.1982422, 1.1376953, 1.0859375, 1.0341797, 1.0107422, 1.0214844, 1.0556641, 1.1035156, 1.1816406, 1.2705078, 1.3554688, 1.4755859, 1.6523438], [1.6328125, 1.4785156, 1.3515625, 1.2666016, 1.1923828, 1.1308594, 1.0751953, 1.0302734, 1.0048828, 1.0087891, 1.0429688, 1.0908203, 1.1689453, 1.2626953, 1.3505859, 1.4628906, 1.6103516], [1.6005859, 1.4726562, 1.3525391, 1.2666016, 1.1972656, 1.1396484, 1.0849609, 1.0400391, 1.015625, 1.0175781, 1.0517578, 1.1064453, 1.1777344, 1.2734375, 1.3701172, 1.4882812, 1.6542969], [1.6425781, 1.4990234, 1.3759766, 1.2871094, 1.2177734, 1.1611328, 1.1074219, 1.0673828, 1.0449219, 1.0507812, 1.0791016, 1.1367188, 1.2109375, 1.2988281, 1.3916016, 1.5107422, 1.6591797], [1.7060547, 1.5507812, 1.4208984, 1.3310547, 1.2636719, 1.2089844, 1.1552734, 1.1220703, 1.1044922, 1.1083984, 1.1318359, 1.1835938, 1.2578125, 1.3398438, 1.4345703, 1.5625, 1.6943359], [1.7558594, 1.6083984, 1.4775391, 1.3876953, 1.3271484, 1.2763672, 1.2275391, 1.2001953, 1.1835938, 1.1875, 1.2089844, 1.2578125, 1.3261719, 1.40625, 1.5058594, 1.6318359, 1.7558594], [1.7714844, 1.6884766, 1.5576172, 1.4609375, 1.4013672, 1.3662109, 1.3134766, 1.2841797, 1.2675781, 1.2714844, 1.2988281, 1.3623047, 1.4121094, 1.5009766, 1.6054688, 1.7285156, 1.8398438], [1.8652344, 1.8134766, 1.671875, 1.5537109, 1.5097656, 1.4384766, 1.4091797, 1.3779297, 1.3427734, 1.3740234, 1.4042969, 1.4589844, 1.5107422, 1.6220703, 1.7363281, 1.8271484, 1.8671875]), G_even:([1.8818359, 1.7724609, 1.6728516, 1.5673828, 1.4746094, 1.4121094, 1.3691406, 1.3457031, 1.3369141, 1.3447266, 1.3701172, 1.4111328, 1.4755859, 1.5585938, 1.6533203, 1.7382812, 1.8212891], [1.8193359, 1.6816406, 1.5566406, 1.4521484, 1.375, 1.3183594, 1.2792969, 1.2548828, 1.2451172, 1.25, 1.2773438, 1.3183594, 1.3740234, 1.4521484, 1.5498047, 1.65625, 1.7607422], [1.7685547, 1.6025391, 1.4677734, 1.3730469, 1.3037109, 1.2480469, 1.2041016, 1.1748047, 1.1640625, 1.1708984, 1.1972656, 1.2431641, 1.3017578, 1.3740234, 1.4697266, 1.5859375, 1.7128906], [1.7021484, 1.5351562, 1.4023438, 1.3144531, 1.2451172, 1.1884766, 1.1425781, 1.1113281, 1.0986328, 1.1074219, 1.1367188, 1.1855469, 1.2441406, 1.3183594, 1.4091797, 1.5302734, 1.6689453], [1.6513672, 1.4833984, 1.359375, 1.2763672, 1.2021484, 1.1425781, 1.0996094, 1.0683594, 1.0546875, 1.0634766, 1.09375, 1.1376953, 1.2011719, 1.2802734, 1.3710938, 1.4873047, 1.625], [1.6132812, 1.4560547, 1.3378906, 1.2539062, 1.1777344, 1.1162109, 1.0722656, 1.0390625, 1.0273438, 1.0332031, 1.0644531, 1.1103516, 1.1757812, 1.2578125, 1.3496094, 1.4619141, 1.5976562], [1.5917969, 1.4482422, 1.3339844, 1.2490234, 1.1738281, 1.1074219, 1.0654297, 1.0341797, 1.0195312, 1.0292969, 1.0595703, 1.1025391, 1.1699219, 1.2529297, 1.3427734, 1.4560547, 1.5859375], [1.6201172, 1.4609375, 1.3417969, 1.2597656, 1.1826172, 1.1191406, 1.0742188, 1.0449219, 1.0341797, 1.0400391, 1.0703125, 1.1162109, 1.1816406, 1.2626953, 1.3554688, 1.4677734, 1.5927734], [1.6523438, 1.4902344, 1.3
03-15 18:42:43.824  6349  6402 I APi2 info : : CaptureResult.Key(android.sensor.timestamp) <=> 2986153812981628
03-15 18:42:43.824  6349  6402 I APi2 info : : CaptureResult.Key(android.sensor.exposureTime) <=> 70000000
03-15 18:42:43.829  6349  6402 D qdgralloc: GetYUVPlaneInfo: Invalid format passed: 0x21
03-15 18:42:43.840  6349  6402 I APi2 info : : CaptureResult.Key(android.statistics.faces) <=> [ ]
03-15 18:42:43.850  6349  6402 I APi2 info : : CaptureResult.Key(android.control.aeRegions) <=> [ (x:0, y:0, w:0, h:0, wt:0)]
03-15 18:42:43.851  6349  6402 I APi2 info : : CaptureResult.Key(android.control.awbRegions) <=> [ (x:0, y:0, w:0, h:0, wt:0)]
03-15 18:42:43.851  6349  6402 I APi2 info : : CaptureResult.Key(android.control.afRegions) <=> [ (x:1618, y:1216, w:1386, h:1056, wt:0)]
03-15 18:42:43.851  6349  6402 I APi2 info : : CaptureResult.Key(android.scaler.cropRegion) <=> Rect(0, 0 - 4624, 3472)
03-15 18:42:43.851  6349  6402 I APi2 info : : CaptureResult.Key(android.statistics.oisDataMode) <=> <null>
03-15 18:42:43.851  6349  6402 I APi2 info : : CaptureResult.Key(android.lens.distortion) <=> [ 0.0, 0.0, 0.0, 0.0, 0.0]
03-15 18:42:43.851  6349  6402 I APi2 info : : CaptureResult.Key(android.lens.intrinsicCalibration) <=> [ 3393.7498, 3393.7498, 0.0, 0.0, 0.0]
03-15 18:42:43.851  6349  6402 I APi2 info : : CaptureResult.Key(android.lens.poseRotation) <=> [ 0.0, 0.0, 0.0, 1.0]
03-15 18:42:43.851  6349  6402 I APi2 info : : CaptureResult.Key(android.lens.poseTranslation) <=> [ 0.0, 0.0, 0.0]
03-15 18:42:43.851  6349  6402 I APi2 info : : CaptureResult.Key(android.sensor.exposureTime) <=> 70000000
03-15 18:42:43.851  6349  6402 I APi2 info : : CaptureResult.Key(android.sensor.sensitivity) <=> 7981
03-15 18:42:43.851  6349  6402 D Deez IN ISO: 7981
03-15 18:42:43.851  6349  6402 I APi2 info : : CaptureResult.Key(android.control.postRawSensitivityBoost) <=> 100
03-15 18:42:43.851  6349  6402 I APi2 info : : CaptureResult.Key(android.flash.mode) <=> 0
03-15 18:42:43.852  6349  6402 I APi2 info : : CaptureResult.Key(android.colorCorrection.gains) <=> RggbChannelVector{R:1,992188, G_even:1,000000, G_odd:1,000000, B:2,390625}
03-15 18:42:43.852  6349  6402 I APi2 info : : CaptureResult.Key(android.colorCorrection.transform) <=> ColorSpaceTransform([128/128, 0/128, 0/128], [0/128, 128/128, 0/128], [0/128, 0/128, 128/128])
03-15 18:42:43.853  6349  6402 I APi2 info : : CaptureResult.Key(android.sensor.sensitivity) <=> 7981
03-15 18:42:43.853  6349  6402 I APi2 info : : CaptureResult.Key(android.sensor.neutralColorPoint) <=> [ 515/1024, 1/1, 107/256]
03-15 18:42:43.853  6349  6402 I APi2 info : : CaptureResult.Key(android.blackLevel.lock) <=> false
03-15 18:42:43.853  6349  6402 I APi2 info : : CaptureResult.Key(android.sensor.timestamp) <=> 2986153812981628
03-15 18:42:43.853  6349  6402 I APi2 info : : CaptureResult.Key(android.statistics.sceneFlicker) <=> 1
03-15 18:42:43.854  6349  6402 I APi2 info : : CaptureResult.Key(android.sensor.noiseProfile) <=> [ Pair{0.004007058617899999 9.209946991600171E-5}, Pair{0.004007058617899999 9.209946991600171E-5}, Pair{0.004007058617899999 9.209946991600171E-5}, Pair{0.004007058617899999 9.209946991600171E-5}]
03-15 18:42:43.880  6349  6467 I APi2 info : : CaptureResult.Key(android.scaler.cropRegion) <=> Rect(0, 0 - 4624, 3472)
03-15 18:42:43.880  6349  6467 I APi2 info : : CaptureResult.Key(android.control.aeState) <=> 1
03-15 18:42:43.880  6349  6467 I APi2 info : : CaptureResult.Key(android.lens.focusDistance) <=> 0.40281972
03-15 18:42:43.880  6349  6467 I APi2 info : : CaptureResult.Key(android.lens.focusRange) <=> Pair{0.1 10.0}
03-15 18:42:43.880  6349  6467 I APi2 info : : CaptureResult.Key(android.statistics.faces) <=> [ ]
03-15 18:42:43.880  6349  6467 I APi2 info : : CaptureResult.Key(android.scaler.cropRegion) <=> Rect(0, 0 - 4624, 3472)
03-15 18:42:43.880  6349  6467 I APi2 info : : CaptureResult.Key(android.sensor.frameDuration) <=> 70455404
03-15 18:42:43.880  6349  6467 I APi2 info : : CaptureResult.Key(android.control.aeMode) <=> 1
03-15 18:42:43.880  6349  6467 I APi2 info : : CaptureResult.Key(android.control.aeState) <=> 1
03-15 18:42:43.881  6349  6467 I APi2 info : : CaptureResult.Key(android.control.afMode) <=> 4
03-15 18:42:43.881  6349  6467 I APi2 info : : CaptureResult.Key(android.control.afMode) <=> 4
03-15 18:42:43.881  6349  6566 I APi2 info : : CaptureResult.Key(android.logicalMultiCamera.activePhysicalId) <=> <null>
03-15 18:42:43.881  6349  6467 I APi2 info : : CaptureResult.Key(android.control.afState) <=> 2
03-15 18:42:43.881  6349  6467 I APi2 info : : CaptureResult.Key(android.lens.focusDistance) <=> 0.40281972
03-15 18:42:43.881  6349  6467 I APi2 info : : CaptureResult.Key(android.control.afMode) <=> 4
03-15 18:42:43.881  6349  6467 I APi2 info : : CaptureResult.Key(android.control.afRegions) <=> [ (x:1618, y:1216, w:1386, h:1056, wt:0)]
03-15 18:42:43.881  6349  6467 I APi2 info : : CaptureResult.Key(android.statistics.faces) <=> [ ]
03-15 18:42:43.881  6349  6467 I APi2 info : : CaptureResult.Key(android.statistics.faces) <=> [ ]
03-15 18:42:43.881  6349  6467 I APi2 info : : CaptureResult.Key(android.control.afRegions) <=> [ (x:1618, y:1216, w:1386, h:1056, wt:0)]
03-15 18:42:43.881  6349  6467 I APi2 info : : CaptureResult.Key(android.statistics.faces) <=> [ ]
03-15 18:42:43.881  6349  6467 I APi2 info : : CaptureResult.Key(android.scaler.cropRegion) <=> Rect(0, 0 - 4624, 3472)
03-15 18:42:43.881  6349  6467 I APi2 info : : CaptureResult.Key(android.scaler.cropRegion) <=> Rect(0, 0 - 4624, 3472)
03-15 18:42:43.881  6349  6467 I APi2 info : : CaptureResult.Key(android.control.afRegions) <=> [ (x:1618, y:1216, w:1386, h:1056, wt:0)]
03-15 18:42:43.881  6349  6467 I APi2 info : : CaptureResult.Key(android.statistics.faces) <=> [ ]
03-15 18:42:43.881  6349  6467 I APi2 info : : CaptureResult.Key(android.statistics.faces) <=> [ ]
03-15 18:42:43.881  6349  6467 I APi2 info : : CaptureResult.Key(android.control.afRegions) <=> [ (x:1618, y:1216, w:1386, h:1056, wt:0)]
03-15 18:42:43.881  6349  6467 I APi2 info : : CaptureResult.Key(android.statistics.faces) <=> [ ]
03-15 18:42:43.881  6349  6467 I APi2 info : : CaptureResult.Key(android.scaler.cropRegion) <=> Rect(0, 0 - 4624, 3472)
03-15 18:42:43.881  6349  6467 I APi2 info : : CaptureResult.Key(android.sensor.timestamp) <=> 2986153883428763
03-15 18:42:43.881  6349  6467 I APi2 info : : CaptureResult.Key(android.sensor.timestamp) <=> 2986153883428763
03-15 18:42:43.881  6349  6467 I APi2 info : : CaptureResult.Key(android.sensor.frameDuration) <=> 70455404
03-15 18:42:43.881  6349  6467 I APi2 info : : CaptureResult.Key(android.sensor.exposureTime) <=> 70000000
03-15 18:42:43.881  6349  6467 I APi2 info : : CaptureResult.Key(android.sensor.timestamp) <=> 2986153883428763
03-15 18:42:43.882  6349  6467 I APi2 info : : CaptureResult.Key(android.sensor.frameDuration) <=> 70455404
03-15 18:42:43.882  6349  6467 W JankMonitorFacade: PHOTO > abs (result sensor timestamp) = 70,45 ms > 70,00 ms
03-15 18:42:43.882  6349  6467 I APi2 info : : CaptureResult.Key(android.colorCorrection.gains) <=> RggbChannelVector{R:2,031250, G_even:1,000000, G_odd:1,000000, B:2,320313}
03-15 18:42:43.882  6349  6467 I APi2 info : : CaptureResult.Key(android.colorCorrection.transform) <=> ColorSpaceTransform([128/128, 0/128, 0/128], [0/128, 128/128, 0/128], [0/128, 0/128, 128/128])
03-15 18:42:43.882  6349  6467 I APi2 info : : CaptureResult.Key(android.control.aeRegions) <=> [ (x:0, y:0, w:0, h:0, wt:0)]
03-15 18:42:43.882  6349  6467 I APi2 info : : CaptureResult.Key(android.control.aeState) <=> 1
03-15 18:42:43.882  6349  6467 I APi2 info : : CaptureResult.Key(android.control.afState) <=> 2
03-15 18:42:43.882  6349  6467 I APi2 info : : CaptureResult.Key(android.control.afMode) <=> 4
03-15 18:42:43.882  6349  6467 I APi2 info : : CaptureResult.Key(android.logicalMultiCamera.activePhysicalId) <=> <null>
03-15 18:42:43.884  6349  6349 I APi2 info : : CaptureResult.Key(android.sensor.exposureTime) <=> 70000000
03-15 18:42:43.884  6349  6349 I APi2 info : : CaptureResult.Key(android.control.postRawSensitivityBoost) <=> 100
03-15 18:42:43.884  6349  6349 I APi2 info : : CaptureResult.Key(android.sensor.sensitivity) <=> 7413
03-15 18:42:43.885  6349  6402 I APi2 info : : CaptureResult.Key(android.lens.focusDistance) <=> 0.40281972
03-15 18:42:43.885  6349  6402 I APi2 info : : CaptureResult.Key(android.lens.focalLength) <=> 5.43
03-15 18:42:43.885  6349  6402 I APi2 info : : CaptureResult.Key(android.lens.aperture) <=> 1.89
03-15 18:42:43.885  6349  6402 I APi2 info : : CaptureResult.Key(android.control.mode) <=> 2
03-15 18:42:43.885  6349  6402 I APi2 info : : CaptureResult.Key(android.control.aeMode) <=> 1
03-15 18:42:43.885  6349  6402 I APi2 info : : CaptureResult.Key(android.control.aeLock) <=> false
03-15 18:42:43.885  6349  6402 I APi2 info : : CaptureResult.Key(android.control.aeState) <=> 2
03-15 18:42:43.885  6349  6402 I APi2 info : : CaptureResult.Key(android.control.aePrecaptureTrigger) <=> 0
03-15 18:42:43.885  6349  6402 I APi2 info : : CaptureResult.Key(android.control.aeExposureCompensation) <=> 0
03-15 18:42:43.886  6349  6566 I APi2 info : : CaptureResult.Key(android.statistics.oisSamples) <=> <null>
03-15 18:42:43.886  6349  6566 E OisListener: Null pointer for OIS data. OIS API version: 2
03-15 18:42:43.887  6349  6402 I APi2 info : : CaptureResult.Key(android.control.awbMode) <=> 1
03-15 18:42:43.887  6349  6402 I APi2 info : : CaptureResult.Key(android.control.awbLock) <=> false
03-15 18:42:43.887  6349  6402 I APi2 info : : CaptureResult.Key(android.control.awbState) <=> 2
03-15 18:42:43.887  6349  6402 I APi2 info : : CaptureResult.Key(android.control.afMode) <=> 4
03-15 18:42:43.887  6349  6402 I APi2 info : : CaptureResult.Key(android.control.afState) <=> 2
03-15 18:42:43.887  6349  6402 I APi2 info : : CaptureResult.Key(android.control.afTrigger) <=> 0
03-15 18:42:43.887  6349  6402 I APi2 info : : CaptureResult.Key(android.lens.state) <=> 0
03-15 18:42:43.889  6349  6402 I APi2 info : : CaptureResult.Key(android.statistics.lensShadingCorrectionMap) <=> LensShadingMap{R:([1.8310547, 1.7509766, 1.7197266, 1.6015625, 1.5263672, 1.4921875, 1.4277344, 1.3769531, 1.4013672, 1.4179688, 1.4492188, 1.4863281, 1.5361328, 1.6171875, 1.7128906, 1.7792969, 1.8984375], [1.7744141, 1.7041016, 1.6074219, 1.5068359, 1.4169922, 1.3916016, 1.3388672, 1.2949219, 1.2919922, 1.2988281, 1.3261719, 1.375, 1.4355469, 1.4980469, 1.5771484, 1.6816406, 1.828125], [1.7802734, 1.6386719, 1.5126953, 1.4238281, 1.3574219, 1.3105469, 1.2558594, 1.2041016, 1.1835938, 1.1933594, 1.2265625, 1.2802734, 1.3476562, 1.4121094, 1.4873047, 1.6083984, 1.765625], [1.7607422, 1.5947266, 1.4472656, 1.3613281, 1.2939453, 1.2402344, 1.1806641, 1.1240234, 1.0996094, 1.1103516, 1.1445312, 1.2011719, 1.2783203, 1.3476562, 1.421875, 1.5292969, 1.6787109], [1.7099609, 1.5283203, 1.3935547, 1.3115234, 1.2363281, 1.1767578, 1.1210938, 1.0664062, 1.0410156, 1.0527344, 1.0898438, 1.1416016, 1.2167969, 1.2978516, 1.3789062, 1.4873047, 1.640625], [1.6054688, 1.4824219, 1.3623047, 1.2773438, 1.1982422, 1.1376953, 1.0859375, 1.0341797, 1.0107422, 1.0214844, 1.0556641, 1.1035156, 1.1816406, 1.2705078, 1.3554688, 1.4755859, 1.6523438], [1.6328125, 1.4785156, 1.3515625, 1.2666016, 1.1923828, 1.1308594, 1.0751953, 1.0302734, 1.0048828, 1.0087891, 1.0429688, 1.0908203, 1.1689453, 1.2626953, 1.3505859, 1.4628906, 1.6103516], [1.6005859, 1.4726562, 1.3525391, 1.2666016, 1.1972656, 1.1396484, 1.0849609, 1.0400391, 1.015625, 1.0175781, 1.0517578, 1.1064453, 1.1777344, 1.2734375, 1.3701172, 1.4882812, 1.6542969], [1.6425781, 1.4990234, 1.3759766, 1.2871094, 1.2177734, 1.1611328, 1.1074219, 1.0673828, 1.0449219, 1.0507812, 1.0791016, 1.1367188, 1.2109375, 1.2988281, 1.3916016, 1.5107422, 1.6591797], [1.7060547, 1.5507812, 1.4208984, 1.3310547, 1.2636719, 1.2089844, 1.1552734, 1.1220703, 1.1044922, 1.1083984, 1.1318359, 1.1835938, 1.2578125, 1.3398438, 1.4345703, 1.5625, 1.6943359], [1.7558594, 1.6083984, 1.4775391, 1.3876953, 1.3271484, 1.2763672, 1.2275391, 1.2001953, 1.1835938, 1.1875, 1.2089844, 1.2578125, 1.3261719, 1.40625, 1.5058594, 1.6318359, 1.7558594], [1.7714844, 1.6884766, 1.5576172, 1.4609375, 1.4013672, 1.3662109, 1.3134766, 1.2841797, 1.2675781, 1.2714844, 1.2988281, 1.3623047, 1.4121094, 1.5009766, 1.6054688, 1.7285156, 1.8398438], [1.8652344, 1.8134766, 1.671875, 1.5537109, 1.5097656, 1.4384766, 1.4091797, 1.3779297, 1.3427734, 1.3740234, 1.4042969, 1.4589844, 1.5107422, 1.6220703, 1.7363281, 1.8271484, 1.8671875]), G_even:([1.8818359, 1.7724609, 1.6728516, 1.5673828, 1.4746094, 1.4121094, 1.3691406, 1.3457031, 1.3369141, 1.3447266, 1.3701172, 1.4111328, 1.4755859, 1.5585938, 1.6533203, 1.7382812, 1.8212891], [1.8193359, 1.6816406, 1.5566406, 1.4521484, 1.375, 1.3183594, 1.2792969, 1.2548828, 1.2451172, 1.25, 1.2773438, 1.3183594, 1.3740234, 1.4521484, 1.5498047, 1.65625, 1.7607422], [1.7685547, 1.6025391, 1.4677734, 1.3730469, 1.3037109, 1.2480469, 1.2041016, 1.1748047, 1.1640625, 1.1708984, 1.1972656, 1.2431641, 1.3017578, 1.3740234, 1.4697266, 1.5859375, 1.7128906], [1.7021484, 1.5351562, 1.4023438, 1.3144531, 1.2451172, 1.1884766, 1.1425781, 1.1113281, 1.0986328, 1.1074219, 1.1367188, 1.1855469, 1.2441406, 1.3183594, 1.4091797, 1.5302734, 1.6689453], [1.6513672, 1.4833984, 1.359375, 1.2763672, 1.2021484, 1.1425781, 1.0996094, 1.0683594, 1.0546875, 1.0634766, 1.09375, 1.1376953, 1.2011719, 1.2802734, 1.3710938, 1.4873047, 1.625], [1.6132812, 1.4560547, 1.3378906, 1.2539062, 1.1777344, 1.1162109, 1.0722656, 1.0390625, 1.0273438, 1.0332031, 1.0644531, 1.1103516, 1.1757812, 1.2578125, 1.3496094, 1.4619141, 1.5976562], [1.5917969, 1.4482422, 1.3339844, 1.2490234, 1.1738281, 1.1074219, 1.0654297, 1.0341797, 1.0195312, 1.0292969, 1.0595703, 1.1025391, 1.1699219, 1.2529297, 1.3427734, 1.4560547, 1.5859375], [1.6201172, 1.4609375, 1.3417969, 1.2597656, 1.1826172, 1.1191406, 1.0742188, 1.0449219, 1.0341797, 1.0400391, 1.0703125, 1.1162109, 1.1816406, 1.2626953, 1.3554688, 1.4677734, 1.5927734], [1.6523438, 1.4902344, 1.3
03-15 18:42:43.890  6349  6467 I APi2 info : : CaptureResult.Key(android.scaler.cropRegion) <=> <null>
03-15 18:42:43.890  6349  6402 I APi2 info : : CaptureResult.Key(android.control.aeExposureCompensation) <=> 0
03-15 18:42:43.892  6349  6402 I APi2 info : : CaptureResult.Key(android.scaler.cropRegion) <=> Rect(0, 0 - 4624, 3472)
03-15 18:42:43.892  6349  6402 I APi2 info : : CaptureResult.Key(android.control.aeRegions) <=> [ (x:0, y:0, w:0, h:0, wt:0)]
03-15 18:42:43.892  6349  6402 I APi2 info : : CaptureResult.Key(android.scaler.cropRegion) <=> Rect(0, 0 - 4624, 3472)
03-15 18:42:43.924  6349  6349 I APi2 info : : CaptureRequest.Key(android.jpeg.orientation) <=> 0
03-15 18:42:43.924  6349  6349 I APi2 info : : CaptureRequest.Key(android.control.mode) <=> 2
03-15 18:42:43.924  6349  6349 I APi2 info : : CaptureRequest.Key(android.control.afMode) <=> 4
03-15 18:42:43.924  6349  6349 I APi2 info : : CaptureRequest.Key(android.control.aeMode) <=> 1
03-15 18:42:43.924  6349  6349 I APi2 info : : CaptureRequest.Key(android.control.awbMode) <=> 1
03-15 18:42:43.924  6349  6349 I APi2 info : : CaptureRequest.Key(android.flash.mode) <=> 0
03-15 18:42:43.924  6349  6349 I APi2 info : : CaptureRequest.Key(android.control.aeLock) <=> false
03-15 18:42:43.925  6349  6349 I APi2 info : : CaptureRequest.Key(android.control.awbLock) <=> false
03-15 18:42:43.925  6349  6349 I APi2 info : : CaptureRequest.Key(android.control.afRegions) <=> [ (x:0, y:0, w:0, h:0, wt:0)]
03-15 18:42:43.925  6349  6349 I APi2 info : : CaptureRequest.Key(android.control.aeRegions) <=> [ (x:0, y:0, w:0, h:0, wt:0)]
03-15 18:42:43.925  6349  6349 I APi2 info : : CaptureRequest.Key(android.control.awbRegions) <=> [ (x:0, y:0, w:0, h:0, wt:0)]
03-15 18:42:43.949  6349  6467 I APi2 info : : CaptureResult.Key(android.scaler.cropRegion) <=> <null>
03-15 18:42:43.960  6349  6467 I APi2 info : : CaptureResult.Key(android.scaler.cropRegion) <=> Rect(0, 0 - 4624, 3472)
03-15 18:42:43.960  6349  6467 I APi2 info : : CaptureResult.Key(android.control.aeState) <=> 1
03-15 18:42:43.961  6349  6467 I APi2 info : : CaptureResult.Key(android.lens.focusDistance) <=> 0.40281972
03-15 18:42:43.961  6349  6467 I APi2 info : : CaptureResult.Key(android.lens.focusRange) <=> Pair{0.1 10.0}
03-15 18:42:43.961  6349  6467 I APi2 info : : CaptureResult.Key(android.statistics.faces) <=> [ ]
03-15 18:42:43.961  6349  6467 I APi2 info : : CaptureResult.Key(android.scaler.cropRegion) <=> Rect(0, 0 - 4624, 3472)
03-15 18:42:43.961  6349  6467 I APi2 info : : CaptureResult.Key(android.sensor.frameDuration) <=> 70455404
03-15 18:42:43.961  6349  6467 I APi2 info : : CaptureResult.Key(android.control.aeMode) <=> 1
03-15 18:42:43.961  6349  6467 I APi2 info : : CaptureResult.Key(android.control.aeState) <=> 1
03-15 18:42:43.961  6349  6467 I APi2 info : : CaptureResult.Key(android.control.afMode) <=> 4
03-15 18:42:43.961  6349  6467 I APi2 info : : CaptureResult.Key(android.control.afMode) <=> 4
03-15 18:42:43.961  6349  6467 I APi2 info : : CaptureResult.Key(android.control.afState) <=> 2
03-15 18:42:43.961  6349  6467 I APi2 info : : CaptureResult.Key(android.lens.focusDistance) <=> 0.40281972
03-15 18:42:43.961  6349  6566 I APi2 info : : CaptureResult.Key(android.logicalMultiCamera.activePhysicalId) <=> <null>
03-15 18:42:43.961  6349  6566 I APi2 info : : CaptureResult.Key(android.statistics.oisSamples) <=> <null>
03-15 18:42:43.961  6349  6566 E OisListener: Null pointer for OIS data. OIS API version: 2
03-15 18:42:43.961  6349  6467 I APi2 info : : CaptureResult.Key(android.control.afMode) <=> 4
03-15 18:42:43.962  6349  6467 I APi2 info : : CaptureResult.Key(android.control.afRegions) <=> [ (x:1618, y:1216, w:1386, h:1056, wt:0)]
03-15 18:42:43.962  6349  6467 I APi2 info : : CaptureResult.Key(android.statistics.faces) <=> [ ]
03-15 18:42:43.962  6349  6467 I APi2 info : : CaptureResult.Key(android.statistics.faces) <=> [ ]
03-15 18:42:43.962  6349  6467 I APi2 info : : CaptureResult.Key(android.control.afRegions) <=> [ (x:1618, y:1216, w:1386, h:1056, wt:0)]
03-15 18:42:43.962  6349  6467 I APi2 info : : CaptureResult.Key(android.statistics.faces) <=> [ ]
03-15 18:42:43.962  6349  6467 I APi2 info : : CaptureResult.Key(android.scaler.cropRegion) <=> Rect(0, 0 - 4624, 3472)
03-15 18:42:43.962  6349  6467 I APi2 info : : CaptureResult.Key(android.scaler.cropRegion) <=> Rect(0, 0 - 4624, 3472)
03-15 18:42:43.962  6349  6467 I APi2 info : : CaptureResult.Key(android.control.afRegions) <=> [ (x:1618, y:1216, w:1386, h:1056, wt:0)]
03-15 18:42:43.962  6349  6467 I APi2 info : : CaptureResult.Key(android.statistics.faces) <=> [ ]
03-15 18:42:43.962  6349  6467 I APi2 info : : CaptureResult.Key(android.statistics.faces) <=> [ ]
03-15 18:42:43.962  6349  6467 I APi2 info : : CaptureResult.Key(android.control.afRegions) <=> [ (x:1618, y:1216, w:1386, h:1056, wt:0)]
03-15 18:42:43.962  6349  6467 I APi2 info : : CaptureResult.Key(android.statistics.faces) <=> [ ]
03-15 18:42:43.962  6349  6467 I APi2 info : : CaptureResult.Key(android.scaler.cropRegion) <=> Rect(0, 0 - 4624, 3472)
03-15 18:42:43.962  6349  6467 I APi2 info : : CaptureResult.Key(android.sensor.timestamp) <=> 2986153953875899
03-15 18:42:43.962  6349  6467 I APi2 info : : CaptureResult.Key(android.sensor.timestamp) <=> 2986153953875899
03-15 18:42:43.962  6349  6467 I APi2 info : : CaptureResult.Key(android.sensor.frameDuration) <=> 70455404
03-15 18:42:43.962  6349  6467 I APi2 info : : CaptureResult.Key(android.sensor.exposureTime) <=> 70000000
03-15 18:42:43.962  6349  6467 I APi2 info : : CaptureResult.Key(android.sensor.timestamp) <=> 2986153953875899
03-15 18:42:43.962  6349  6467 I APi2 info : : CaptureResult.Key(android.sensor.frameDuration) <=> 70455404
03-15 18:42:43.962  6349  6467 W JankMonitorFacade: PHOTO > abs (result sensor timestamp) = 70,45 ms > 70,00 ms
03-15 18:42:43.962  6349  6467 I APi2 info : : CaptureResult.Key(android.colorCorrection.gains) <=> RggbChannelVector{R:2,054688, G_even:1,000000, G_odd:1,000000, B:2,234375}
03-15 18:42:43.962  6349  6467 I APi2 info : : CaptureResult.Key(android.colorCorrection.transform) <=> ColorSpaceTransform([128/128, 0/128, 0/128], [0/128, 128/128, 0/128], [0/128, 0/128, 128/128])
03-15 18:42:43.962  6349  6467 I APi2 info : : CaptureResult.Key(android.control.aeRegions) <=> [ (x:0, y:0, w:0, h:0, wt:0)]
03-15 18:42:43.962  6349  6467 I APi2 info : : CaptureResult.Key(android.control.aeState) <=> 1
03-15 18:42:43.962  6349  6467 I APi2 info : : CaptureResult.Key(android.control.afState) <=> 2
03-15 18:42:43.963  6349  6467 I APi2 info : : CaptureResult.Key(android.control.afMode) <=> 4
03-15 18:42:43.963  6349  6467 I APi2 info : : CaptureResult.Key(android.logicalMultiCamera.activePhysicalId) <=> <null>
03-15 18:42:44.020  6349  6467 I APi2 info : : CaptureResult.Key(android.scaler.cropRegion) <=> Rect(0, 0 - 4624, 3472)
03-15 18:42:44.021  6349  6467 I APi2 info : : CaptureResult.Key(android.control.aeState) <=> 1
03-15 18:42:44.021  6349  6467 I APi2 info : : CaptureResult.Key(android.lens.focusDistance) <=> 0.40281972
03-15 18:42:44.021  6349  6467 I APi2 info : : CaptureResult.Key(android.lens.focusRange) <=> Pair{0.1 10.0}
03-15 18:42:44.021  6349  6467 I APi2 info : : CaptureResult.Key(android.statistics.faces) <=> [ ]
03-15 18:42:44.021  6349  6467 I APi2 info : : CaptureResult.Key(android.scaler.cropRegion) <=> Rect(0, 0 - 4624, 3472)
03-15 18:42:44.021  6349  6467 I APi2 info : : CaptureResult.Key(android.sensor.frameDuration) <=> 70455404
03-15 18:42:44.021  6349  6467 I APi2 info : : CaptureResult.Key(android.control.aeMode) <=> 1
03-15 18:42:44.021  6349  6467 I APi2 info : : CaptureResult.Key(android.control.aeState) <=> 1
03-15 18:42:44.021  6349  6467 I APi2 info : : CaptureResult.Key(android.control.afMode) <=> 4
03-15 18:42:44.021  6349  6467 I APi2 info : : CaptureResult.Key(android.control.afMode) <=> 4
03-15 18:42:44.021  6349  6467 I APi2 info : : CaptureResult.Key(android.control.afState) <=> 2
03-15 18:42:44.021  6349  6467 I APi2 info : : CaptureResult.Key(android.lens.focusDistance) <=> 0.40281972
03-15 18:42:44.021  6349  6467 I APi2 info : : CaptureResult.Key(android.control.afMode) <=> 4
03-15 18:42:44.022  6349  6566 I APi2 info : : CaptureResult.Key(android.logicalMultiCamera.activePhysicalId) <=> <null>
03-15 18:42:44.022  6349  6566 I APi2 info : : CaptureResult.Key(android.statistics.oisSamples) <=> <null>
03-15 18:42:44.022  6349  6566 E OisListener: Null pointer for OIS data. OIS API version: 2
03-15 18:42:44.022  6349  6467 I APi2 info : : CaptureResult.Key(android.control.afRegions) <=> [ (x:1618, y:1216, w:1386, h:1056, wt:0)]
03-15 18:42:44.022  6349  6467 I APi2 info : : CaptureResult.Key(android.statistics.faces) <=> [ ]
03-15 18:42:44.022  6349  6467 I APi2 info : : CaptureResult.Key(android.statistics.faces) <=> [ ]
03-15 18:42:44.022  6349  6467 I APi2 info : : CaptureResult.Key(android.control.afRegions) <=> [ (x:1618, y:1216, w:1386, h:1056, wt:0)]
03-15 18:42:44.022  6349  6467 I APi2 info : : CaptureResult.Key(android.statistics.faces) <=> [ ]
03-15 18:42:44.022  6349  6467 I APi2 info : : CaptureResult.Key(android.scaler.cropRegion) <=> Rect(0, 0 - 4624, 3472)
03-15 18:42:44.022  6349  6467 I APi2 info : : CaptureResult.Key(android.scaler.cropRegion) <=> Rect(0, 0 - 4624, 3472)
03-15 18:42:44.022  6349  6467 I APi2 info : : CaptureResult.Key(android.control.afRegions) <=> [ (x:1618, y:1216, w:1386, h:1056, wt:0)]
03-15 18:42:44.022  6349  6467 I APi2 info : : CaptureResult.Key(android.statistics.faces) <=> [ ]
03-15 18:42:44.022  6349  6467 I APi2 info : : CaptureResult.Key(android.statistics.faces) <=> [ ]
03-15 18:42:44.022  6349  6467 I APi2 info : : CaptureResult.Key(android.control.afRegions) <=> [ (x:1618, y:1216, w:1386, h:1056, wt:0)]
03-15 18:42:44.022  6349  6467 I APi2 info : : CaptureResult.Key(android.statistics.faces) <=> [ ]
03-15 18:42:44.022  6349  6467 I APi2 info : : CaptureResult.Key(android.scaler.cropRegion) <=> Rect(0, 0 - 4624, 3472)
03-15 18:42:44.023  6349  6467 I APi2 info : : CaptureResult.Key(android.sensor.timestamp) <=> 2986154024323034
03-15 18:42:44.023  6349  6467 I APi2 info : : CaptureResult.Key(android.sensor.timestamp) <=> 2986154024323034
03-15 18:42:44.023  6349  6467 I APi2 info : : CaptureResult.Key(android.sensor.frameDuration) <=> 70455404
03-15 18:42:44.023  6349  6467 I APi2 info : : CaptureResult.Key(android.sensor.exposureTime) <=> 70000000
03-15 18:42:44.023  6349  6467 I APi2 info : : CaptureResult.Key(android.sensor.timestamp) <=> 2986154024323034
03-15 18:42:44.024  6349  6467 I APi2 info : : CaptureResult.Key(android.sensor.frameDuration) <=> 70455404
03-15 18:42:44.024  6349  6467 W JankMonitorFacade: PHOTO > abs (result sensor timestamp) = 70,45 ms > 70,00 ms
03-15 18:42:44.024  6349  6467 I APi2 info : : CaptureResult.Key(android.colorCorrection.gains) <=> RggbChannelVector{R:2,101563, G_even:1,000000, G_odd:1,000000, B:2,132813}
03-15 18:42:44.024  6349  6467 I APi2 info : : CaptureResult.Key(android.colorCorrection.transform) <=> ColorSpaceTransform([128/128, 0/128, 0/128], [0/128, 128/128, 0/128], [0/128, 0/128, 128/128])
03-15 18:42:44.024  6349  6467 I APi2 info : : CaptureResult.Key(android.control.aeRegions) <=> [ (x:0, y:0, w:0, h:0, wt:0)]
03-15 18:42:44.024  6349  6467 I APi2 info : : CaptureResult.Key(android.control.aeState) <=> 1
03-15 18:42:44.024  6349  6467 I APi2 info : : CaptureResult.Key(android.control.afState) <=> 2
03-15 18:42:44.024  6349  6467 I APi2 info : : CaptureResult.Key(android.control.afMode) <=> 4
03-15 18:42:44.024  6349  6467 I APi2 info : : CaptureResult.Key(android.logicalMultiCamera.activePhysicalId) <=> <null>
03-15 18:42:44.024  6349  6467 I APi2 info : : CaptureResult.Key(android.scaler.cropRegion) <=> <null>
03-15 18:42:44.093  6349  6467 I APi2 info : : CaptureResult.Key(android.scaler.cropRegion) <=> Rect(0, 0 - 4624, 3472)
03-15 18:42:44.094  6349  6467 I APi2 info : : CaptureResult.Key(android.control.aeState) <=> 1
03-15 18:42:44.094  6349  6467 I APi2 info : : CaptureResult.Key(android.lens.focusDistance) <=> 0.40281972
03-15 18:42:44.094  6349  6467 I APi2 info : : CaptureResult.Key(android.lens.focusRange) <=> Pair{0.1 10.0}
03-15 18:42:44.094  6349  6467 I APi2 info : : CaptureResult.Key(android.statistics.faces) <=> [ ]
03-15 18:42:44.094  6349  6467 I APi2 info : : CaptureResult.Key(android.scaler.cropRegion) <=> Rect(0, 0 - 4624, 3472)
03-15 18:42:44.094  6349  6467 I APi2 info : : CaptureResult.Key(android.sensor.frameDuration) <=> 60449735
03-15 18:42:44.094  6349  6467 I APi2 info : : CaptureResult.Key(android.control.aeMode) <=> 1
03-15 18:42:44.094  6349  6467 I APi2 info : : CaptureResult.Key(android.control.aeState) <=> 1
03-15 18:42:44.094  6349  6467 I APi2 info : : CaptureResult.Key(android.control.afMode) <=> 4
03-15 18:42:44.094  6349  6467 I APi2 info : : CaptureResult.Key(android.control.afMode) <=> 4
03-15 18:42:44.094  6349  6566 I APi2 info : : CaptureResult.Key(android.logicalMultiCamera.activePhysicalId) <=> <null>
03-15 18:42:44.094  6349  6566 I APi2 info : : CaptureResult.Key(android.statistics.oisSamples) <=> <null>
03-15 18:42:44.094  6349  6566 E OisListener: Null pointer for OIS data. OIS API version: 2
03-15 18:42:44.094  6349  6467 I APi2 info : : CaptureResult.Key(android.control.afState) <=> 2
03-15 18:42:44.094  6349  6467 I APi2 info : : CaptureResult.Key(android.lens.focusDistance) <=> 0.40281972
03-15 18:42:44.094  6349  6467 I APi2 info : : CaptureResult.Key(android.control.afMode) <=> 4
03-15 18:42:44.094  6349  6467 I APi2 info : : CaptureResult.Key(android.control.afRegions) <=> [ (x:1734, y:1164, w:1156, h:1160, wt:0)]
03-15 18:42:44.094  6349  6467 I APi2 info : : CaptureResult.Key(android.statistics.faces) <=> [ ]
03-15 18:42:44.094  6349  6467 I APi2 info : : CaptureResult.Key(android.statistics.faces) <=> [ ]
03-15 18:42:44.095  6349  6467 I APi2 info : : CaptureResult.Key(android.control.afRegions) <=> [ (x:1734, y:1164, w:1156, h:1160, wt:0)]
03-15 18:42:44.095  6349  6467 I APi2 info : : CaptureResult.Key(android.statistics.faces) <=> [ ]
03-15 18:42:44.095  6349  6467 I APi2 info : : CaptureResult.Key(android.scaler.cropRegion) <=> Rect(0, 0 - 4624, 3472)
03-15 18:42:44.095  6349  6467 I APi2 info : : CaptureResult.Key(android.scaler.cropRegion) <=> Rect(0, 0 - 4624, 3472)
03-15 18:42:44.095  6349  6467 I APi2 info : : CaptureResult.Key(android.control.afRegions) <=> [ (x:1734, y:1164, w:1156, h:1160, wt:0)]
03-15 18:42:44.095  6349  6467 I APi2 info : : CaptureResult.Key(android.statistics.faces) <=> [ ]
03-15 18:42:44.095  6349  6467 I APi2 info : : CaptureResult.Key(android.statistics.faces) <=> [ ]
03-15 18:42:44.095  6349  6467 I APi2 info : : CaptureResult.Key(android.control.afRegions) <=> [ (x:1734, y:1164, w:1156, h:1160, wt:0)]
03-15 18:42:44.095  6349  6467 I APi2 info : : CaptureResult.Key(android.statistics.faces) <=> [ ]
03-15 18:42:44.095  6349  6467 I APi2 info : : CaptureResult.Key(android.scaler.cropRegion) <=> Rect(0, 0 - 4624, 3472)
03-15 18:42:44.095  6349  6467 I APi2 info : : CaptureResult.Key(android.sensor.timestamp) <=> 2986154104770169
03-15 18:42:44.095  6349  6467 I APi2 info : : CaptureResult.Key(android.sensor.timestamp) <=> 2986154104770169
03-15 18:42:44.095  6349  6467 I APi2 info : : CaptureResult.Key(android.sensor.frameDuration) <=> 60449735
03-15 18:42:44.095  6349  6467 I APi2 info : : CaptureResult.Key(android.sensor.exposureTime) <=> 60000000
03-15 18:42:44.095  6349  6467 I APi2 info : : CaptureResult.Key(android.sensor.timestamp) <=> 2986154104770169
03-15 18:42:44.095  6349  6467 I APi2 info : : CaptureResult.Key(android.sensor.frameDuration) <=> 60449735
03-15 18:42:44.095  6349  6467 W JankMonitorFacade: PHOTO > abs (result sensor timestamp) = 80,45 ms > 70,00 ms
03-15 18:42:44.095  6349  6467 W JankMonitorFacade: PHOTO > result sensor delay = 1,33 > 1,10
03-15 18:42:44.095  6349  6349 I APi2 info : : CaptureResult.Key(android.sensor.exposureTime) <=> 60000000
03-15 18:42:44.095  6349  6349 I APi2 info : : CaptureResult.Key(android.control.postRawSensitivityBoost) <=> 100
03-15 18:42:44.095  6349  6349 I APi2 info : : CaptureResult.Key(android.sensor.sensitivity) <=> 5156
03-15 18:42:44.098  6349  6467 I APi2 info : : CaptureResult.Key(android.colorCorrection.gains) <=> RggbChannelVector{R:2,164063, G_even:1,000000, G_odd:1,000000, B:2,023438}
03-15 18:42:44.098  6349  6467 I APi2 info : : CaptureResult.Key(android.colorCorrection.transform) <=> ColorSpaceTransform([128/128, 0/128, 0/128], [0/128, 128/128, 0/128], [0/128, 0/128, 128/128])
