03-15 18:42:44.876  6349  6467 I APi2 info : : CaptureResult.Key(android.statistics.faces) <=> [ ]
03-15 18:42:44.876  6349  6467 I APi2 info : : CaptureResult.Key(android.control.afRegions) <=> [ (x:1734, y:1164, w:1156, h:1160, wt:0)]
03-15 18:42:44.876  6349  6467 I APi2 info : : CaptureResult.Key(android.statistics.faces) <=> [ ]
03-15 18:42:44.876  6349  6467 I APi2 info : : CaptureResult.Key(android.scaler.cropRegion) <=> Rect(0, 0 - 4624, 3472)
03-15 18:42:44.876  6349  6467 I APi2 info : : CaptureResult.Key(android.sensor.timestamp) <=> 2986154917841576
03-15 18:42:44.876  6349  6467 I APi2 info : : CaptureResult.Key(android.sensor.timestamp) <=> 2986154917841576
03-15 18:42:44.876  6349  6467 I APi2 info : : CaptureResult.Key(android.sensor.frameDuration) <=> 33333333
03-15 18:42:44.876  6349  6467 I APi2 info : : CaptureResult.Key(android.colorCorrection.gains) <=> RggbChannelVector{R:2,156250, G_even:1,000000, G_odd:1,000000, B:1,335938}
03-15 18:42:44.876  6349  6467 I APi2 info : : CaptureResult.Key(android.colorCorrection.transform) <=> ColorSpaceTransform([128/128, 0/128, 0/128], [0/128, 128/128, 0/128], [0/128, 0/128, 128/128])
03-15 18:42:44.876  6349  6467 I APi2 info : : CaptureResult.Key(android.control.aeRegions) <=> [ (x:0, y:0, w:0, h:0, wt:0)]
03-15 18:42:44.876  6349  6467 I APi2 info : : CaptureResult.Key(android.control.aeState) <=> 1
03-15 18:42:44.876  6349  6467 I APi2 info : : CaptureResult.Key(android.control.afState) <=> 2
03-15 18:42:44.876  6349  6467 I APi2 info : : CaptureResult.Key(android.control.afMode) <=> 4
03-15 18:42:44.876  6349  6467 I APi2 info : : CaptureResult.Key(android.logicalMultiCamera.activePhysicalId) <=> <null>
03-15 18:42:44.876  6349  6467 I APi2 info : : CaptureResult.Key(android.scaler.cropRegion) <=> <null>
03-15 18:42:44.900  6349  6467 I APi2 info : : CaptureResult.Key(android.scaler.cropRegion) <=> <null>
03-15 18:42:44.905  6349  6467 I APi2 info : : CaptureResult.Key(android.scaler.cropRegion) <=> Rect(0, 0 - 4624, 3472)
03-15 18:42:44.905  6349  6467 I APi2 info : : CaptureResult.Key(android.control.aeState) <=> 1
03-15 18:42:44.906  6349  6467 I APi2 info : : CaptureResult.Key(android.lens.focusDistance) <=> 1.574074
03-15 18:42:44.906  6349  6467 I APi2 info : : CaptureResult.Key(android.lens.focusRange) <=> Pair{0.1 10.0}
03-15 18:42:44.906  6349  6467 I APi2 info : : CaptureResult.Key(android.statistics.faces) <=> [ ]
03-15 18:42:44.906  6349  6467 I APi2 info : : CaptureResult.Key(android.scaler.cropRegion) <=> Rect(0, 0 - 4624, 3472)
03-15 18:42:44.906  6349  6467 I APi2 info : : CaptureResult.Key(android.sensor.frameDuration) <=> 33333333
03-15 18:42:44.906  6349  6467 I APi2 info : : CaptureResult.Key(android.control.aeMode) <=> 1
03-15 18:42:44.906  6349  6467 I APi2 info : : CaptureResult.Key(android.control.aeState) <=> 1
03-15 18:42:44.906  6349  6467 I APi2 info : : CaptureResult.Key(android.control.afMode) <=> 4
03-15 18:42:44.906  6349  6467 I APi2 info : : CaptureResult.Key(android.control.afMode) <=> 4
03-15 18:42:44.906  6349  6566 I APi2 info : : CaptureResult.Key(android.logicalMultiCamera.activePhysicalId) <=> <null>
03-15 18:42:44.906  6349  6566 I APi2 info : : CaptureResult.Key(android.statistics.oisSamples) <=> <null>
03-15 18:42:44.906  6349  6566 E OisListener: Null pointer for OIS data. OIS API version: 2
03-15 18:42:44.906  6349  6467 I APi2 info : : CaptureResult.Key(android.control.afState) <=> 2
03-15 18:42:44.906  6349  6467 I APi2 info : : CaptureResult.Key(android.lens.focusDistance) <=> 1.574074
03-15 18:42:44.906  6349  6467 I APi2 info : : CaptureResult.Key(android.control.afMode) <=> 4
03-15 18:42:44.906  6349  6467 I APi2 info : : CaptureResult.Key(android.control.afRegions) <=> [ (x:1734, y:1164, w:1156, h:1160, wt:0)]
03-15 18:42:44.906  6349  6467 I APi2 info : : CaptureResult.Key(android.statistics.faces) <=> [ ]
03-15 18:42:44.906  6349  6467 I APi2 info : : CaptureResult.Key(android.statistics.faces) <=> [ ]
03-15 18:42:44.906  6349  6467 I APi2 info : : CaptureResult.Key(android.control.afRegions) <=> [ (x:1734, y:1164, w:1156, h:1160, wt:0)]
03-15 18:42:44.906  6349  6467 I APi2 info : : CaptureResult.Key(android.statistics.faces) <=> [ ]
03-15 18:42:44.906  6349  6467 I APi2 info : : CaptureResult.Key(android.scaler.cropRegion) <=> Rect(0, 0 - 4624, 3472)
03-15 18:42:44.906  6349  6467 I APi2 info : : CaptureResult.Key(android.scaler.cropRegion) <=> Rect(0, 0 - 4624, 3472)
03-15 18:42:44.906  6349  6467 I APi2 info : : CaptureResult.Key(android.control.afRegions) <=> [ (x:1734, y:1164, w:1156, h:1160, wt:0)]
03-15 18:42:44.907  6349  6467 I APi2 info : : CaptureResult.Key(android.statistics.faces) <=> [ ]
03-15 18:42:44.907  6349  6467 I APi2 info : : CaptureResult.Key(android.statistics.faces) <=> [ ]
03-15 18:42:44.907  6349  6467 I APi2 info : : CaptureResult.Key(android.control.afRegions) <=> [ (x:1734, y:1164, w:1156, h:1160, wt:0)]
03-15 18:42:44.907  6349  6467 I APi2 info : : CaptureResult.Key(android.statistics.faces) <=> [ ]
03-15 18:42:44.907  6349  6467 I APi2 info : : CaptureResult.Key(android.scaler.cropRegion) <=> Rect(0, 0 - 4624, 3472)
03-15 18:42:44.907  6349  6467 I APi2 info : : CaptureResult.Key(android.sensor.timestamp) <=> 2986154951171003
03-15 18:42:44.907  6349  6467 I APi2 info : : CaptureResult.Key(android.sensor.timestamp) <=> 2986154951171003
03-15 18:42:44.907  6349  6467 I APi2 info : : CaptureResult.Key(android.sensor.frameDuration) <=> 33333333
03-15 18:42:44.907  6349  6467 I APi2 info : : CaptureResult.Key(android.colorCorrection.gains) <=> RggbChannelVector{R:2,148438, G_even:1,000000, G_odd:1,000000, B:1,335938}
03-15 18:42:44.907  6349  6467 I APi2 info : : CaptureResult.Key(android.colorCorrection.transform) <=> ColorSpaceTransform([128/128, 0/128, 0/128], [0/128, 128/128, 0/128], [0/128, 0/128, 128/128])
03-15 18:42:44.907  6349  6467 I APi2 info : : CaptureResult.Key(android.control.aeRegions) <=> [ (x:0, y:0, w:0, h:0, wt:0)]
03-15 18:42:44.907  6349  6467 I APi2 info : : CaptureResult.Key(android.control.aeState) <=> 1
03-15 18:42:44.907  6349  6467 I APi2 info : : CaptureResult.Key(android.control.afState) <=> 2
03-15 18:42:44.907  6349  6467 I APi2 info : : CaptureResult.Key(android.control.afMode) <=> 4
03-15 18:42:44.907  6349  6467 I APi2 info : : CaptureResult.Key(android.logicalMultiCamera.activePhysicalId) <=> <null>
03-15 18:42:44.910  6349  6406 I APi2 info : : CaptureResult.Key(android.statistics.lensShadingCorrectionMap) <=> LensShadingMap{R:([4.2646484, 3.9697266, 3.5615234, 3.1708984, 2.7988281, 2.6396484, 2.4228516, 2.3076172, 2.3007812, 2.3457031, 2.46875, 2.6347656, 2.8417969, 3.1689453, 3.4892578, 4.0791016, 4.5820312], [3.8935547, 3.5751953, 3.1777344, 2.7607422, 2.4580078, 2.2548828, 2.0742188, 1.9648438, 1.9404297, 1.9833984, 2.100586, 2.2626953, 2.4960938, 2.7451172, 3.1816406, 3.6796875, 4.2529297], [3.8710938, 3.3486328, 2.8515625, 2.4716797, 2.1894531, 1.9619141, 1.7783203, 1.6640625, 1.625, 1.6630859, 1.7861328, 1.9726562, 2.2060547, 2.5029297, 2.8847656, 3.3730469, 3.9091797], [3.6357422, 3.078125, 2.6083984, 2.2509766, 1.9648438, 1.7109375, 1.5146484, 1.3964844, 1.3544922, 1.3994141, 1.5253906, 1.7246094, 1.9775391, 2.2822266, 2.6513672, 3.1503906, 3.7207031], [3.4003906, 2.8984375, 2.4355469, 2.0957031, 1.7851562, 1.5146484, 1.3173828, 1.1992188, 1.1601562, 1.2050781, 1.3271484, 1.5205078, 1.7890625, 2.1044922, 2.4746094, 2.9472656, 3.4892578], [3.2041016, 2.7304688, 2.3242188, 2.0019531, 1.6699219, 1.3964844, 1.2001953, 1.0898438, 1.0576172, 1.0966797, 1.2099609, 1.4091797, 1.6806641, 2.0019531, 2.390625, 2.8535156, 3.375], [3.2148438, 2.7167969, 2.2792969, 1.9609375, 1.6337891, 1.3583984, 1.1601562, 1.0556641, 1.0234375, 1.0595703, 1.1767578, 1.3740234, 1.6464844, 1.9765625, 2.383789, 2.8173828, 3.3076172], [3.2666016, 2.7460938, 2.2939453, 1.9755859, 1.6669922, 1.390625, 1.1982422, 1.0908203, 1.0576172, 1.0966797, 1.2109375, 1.40625, 1.6816406, 2.0175781, 2.4082031, 2.8476562, 3.3398438], [3.336914, 2.8232422, 2.3964844, 2.0761719, 1.7792969, 1.5087891, 1.3203125, 1.2080078, 1.1748047, 1.2177734, 1.3310547, 1.5322266, 1.8085938, 2.133789, 2.4882812, 2.913086, 3.3701172], [3.5546875, 3.0419922, 2.5859375, 2.2480469, 1.9609375, 1.7109375, 1.5195312, 1.4052734, 1.375, 1.4179688, 1.5351562, 1.7324219, 1.9951172, 2.303711, 2.6601562, 3.1220703, 3.6933594], [3.7626953, 3.2841797, 2.8330078, 2.4804688, 2.2011719, 1.9707031, 1.7919922, 1.6738281, 1.6484375, 1.6943359, 1.7998047, 1.9775391, 2.2265625, 2.5214844, 2.9082031, 3.4013672, 3.9335938], [3.9013672, 3.5019531, 3.1445312, 2.7792969, 2.5, 2.2851562, 2.1308594, 2.03125, 2.0019531, 2.040039, 2.118164, 2.2978516, 2.5273438, 2.8720703, 3.2841797, 3.7089844, 4.1503906], [4.0654297, 3.703125, 3.5595703, 3.1914062, 2.9121094, 2.6123047, 2.5908203, 2.4355469, 2.4160156, 2.4804688, 2.5126953, 2.6542969, 2.9335938, 3.3535156, 3.7734375, 3.9853516, 4.3291016]), G_even:([3.7783203, 3.4423828, 3.1386719, 2.8134766, 2.5185547, 2.3183594, 2.1845703, 2.100586, 2.0761719, 2.0996094, 2.1845703, 2.321289, 2.53125, 2.8154297, 3.1357422, 3.430664, 3.734375], [3.5830078, 3.1738281, 2.7949219, 2.4589844, 2.2050781, 2.0195312, 1.8857422, 1.7998047, 1.7695312, 1.7949219, 1.8857422, 2.0253906, 2.2138672, 2.475586, 2.8066406, 3.1669922, 3.5283203], [3.4492188, 2.9550781, 2.5292969, 2.2128906, 1.9765625, 1.7832031, 1.6367188, 1.5390625, 1.5048828, 1.5380859, 1.6337891, 1.7851562, 1.984375, 2.2304688, 2.555664, 2.9550781, 3.3857422], [3.2626953, 2.7490234, 2.3271484, 2.0302734, 1.7880859, 1.5810547, 1.4208984, 1.3183594, 1.2832031, 1.3193359, 1.4208984, 1.5859375, 1.796875, 2.0498047, 2.3574219, 2.7646484, 3.2314453], [3.0859375, 2.5761719, 2.178711, 1.890625, 1.6347656, 1.4160156, 1.2539062, 1.1523438, 1.1191406, 1.1523438, 1.2548828, 1.4199219, 1.6435547, 1.9082031, 2.2138672, 2.6035156, 3.0625], [2.9833984, 2.4941406, 2.1074219, 1.8134766, 1.546875, 1.3222656, 1.1591797, 1.0615234, 1.03125, 1.0625, 1.1601562, 1.3271484, 1.5566406, 1.8320312, 2.1416016, 2.5253906, 2.9765625], [2.944336, 2.4804688, 2.0986328, 1.7978516, 1.5263672, 1.2958984, 1.1337891, 1.0380859, 1.0068359, 1.0400391, 1.1367188, 1.3017578, 1.5361328, 1.8164062, 2.1289062, 2.5136719, 2.9541016], [3.0029297, 2.5097656, 2.1220703, 1.8261719, 1.5576172, 1.3291016, 1.1630859, 1.0673828, 1.0371094, 1.0683594, 1.1669922, 1.3359375, 1.5664062, 1.84375, 2.1582031, 2.5439453, 2.9814453], [3.1132812, 2.6064453, 2.2041016, 1.9121094, 1.656
03-15 18:42:44.911  6349  6406 I APi2 info : : CaptureResult.Key(android.sensor.timestamp) <=> 2986154951171003
03-15 18:42:44.912  6349  6406 I APi2 info : : CaptureResult.Key(android.sensor.exposureTime) <=> 30000000
03-15 18:42:44.916  6349  6406 D qdgralloc: GetYUVPlaneInfo: Invalid format passed: 0x21
03-15 18:42:44.916  6349  6406 D qdgralloc: GetYUVPlaneInfo: Invalid format passed: 0x21
03-15 18:42:44.917  6349  6406 D qdgralloc: GetYUVPlaneInfo: Invalid format passed: 0x21
03-15 18:42:44.917  6349  6406 D qdgralloc: GetYUVPlaneInfo: Invalid format passed: 0x21
03-15 18:42:44.917  6349  6406 D qdgralloc: GetYUVPlaneInfo: Invalid format passed: 0x21
03-15 18:42:44.917  6349  6406 D qdgralloc: GetYUVPlaneInfo: Invalid format passed: 0x21
03-15 18:42:44.917  6349  6406 D qdgralloc: GetYUVPlaneInfo: Invalid format passed: 0x21
03-15 18:42:44.917  6349  6406 D qdgralloc: GetYUVPlaneInfo: Invalid format passed: 0x21
03-15 18:42:44.917  6349  6406 D qdgralloc: GetYUVPlaneInfo: Invalid format passed: 0x21
03-15 18:42:44.917  6349  6406 D qdgralloc: GetYUVPlaneInfo: Invalid format passed: 0x21
03-15 18:42:44.917  6349  6406 D qdgralloc: GetYUVPlaneInfo: Invalid format passed: 0x21
03-15 18:42:44.919  6349  6406 D qdgralloc: GetYUVPlaneInfo: Invalid format passed: 0x21
03-15 18:42:44.919  6349  6406 D qdgralloc: GetYUVPlaneInfo: Invalid format passed: 0x21
03-15 18:42:44.919  6349  6406 D qdgralloc: GetYUVPlaneInfo: Invalid format passed: 0x21
03-15 18:42:44.919  6349  6406 D qdgralloc: GetYUVPlaneInfo: Invalid format passed: 0x21
03-15 18:42:44.919  6349  6406 D qdgralloc: GetYUVPlaneInfo: Invalid format passed: 0x21
03-15 18:42:44.919  6349  6406 D qdgralloc: GetYUVPlaneInfo: Invalid format passed: 0x21
03-15 18:42:44.919  6349  6406 D qdgralloc: GetYUVPlaneInfo: Invalid format passed: 0x21
03-15 18:42:44.919  6349  6406 D qdgralloc: GetYUVPlaneInfo: Invalid format passed: 0x21
03-15 18:42:44.919  6349  6406 D qdgralloc: GetYUVPlaneInfo: Invalid format passed: 0x21
03-15 18:42:44.919  6349  6406 D qdgralloc: GetYUVPlaneInfo: Invalid format passed: 0x21
03-15 18:42:44.919  6349  6406 D qdgralloc: GetYUVPlaneInfo: Invalid format passed: 0x21
03-15 18:42:44.919  6349  6406 D qdgralloc: GetYUVPlaneInfo: Invalid format passed: 0x21
03-15 18:42:44.919  6349  6406 D qdgralloc: GetYUVPlaneInfo: Invalid format passed: 0x21
03-15 18:42:44.919  6349  6406 D qdgralloc: GetYUVPlaneInfo: Invalid format passed: 0x21
03-15 18:42:44.919  6349  6406 D qdgralloc: GetYUVPlaneInfo: Invalid format passed: 0x21
03-15 18:42:44.919  6349  6406 D qdgralloc: GetYUVPlaneInfo: Invalid format passed: 0x21
03-15 18:42:44.919  6349  6406 D qdgralloc: GetYUVPlaneInfo: Invalid format passed: 0x21
03-15 18:42:44.919  6349  6406 D qdgralloc: GetYUVPlaneInfo: Invalid format passed: 0x21
03-15 18:42:44.919  6349  6406 D qdgralloc: GetYUVPlaneInfo: Invalid format passed: 0x21
03-15 18:42:44.919  6349  6406 D qdgralloc: GetYUVPlaneInfo: Invalid format passed: 0x21
03-15 18:42:44.919  6349  6406 D qdgralloc: GetYUVPlaneInfo: Invalid format passed: 0x21
03-15 18:42:44.919  6349  6406 D qdgralloc: GetYUVPlaneInfo: Invalid format passed: 0x21
03-15 18:42:44.919  6349  6406 D qdgralloc: GetYUVPlaneInfo: Invalid format passed: 0x21
03-15 18:42:44.919  6349  6406 D qdgralloc: GetYUVPlaneInfo: Invalid format passed: 0x21
03-15 18:42:44.919  6349  6406 D qdgralloc: GetYUVPlaneInfo: Invalid format passed: 0x21
03-15 18:42:44.919  6349  6406 D qdgralloc: GetYUVPlaneInfo: Invalid format passed: 0x21
03-15 18:42:44.919  6349  6406 D qdgralloc: GetYUVPlaneInfo: Invalid format passed: 0x21
03-15 18:42:44.919  6349  6406 D qdgralloc: GetYUVPlaneInfo: Invalid format passed: 0x21
03-15 18:42:44.920  6349  6406 D qdgralloc: GetYUVPlaneInfo: Invalid format passed: 0x21
03-15 18:42:44.920  6349  6406 D qdgralloc: GetYUVPlaneInfo: Invalid format passed: 0x21
03-15 18:42:44.920  6349  6406 D qdgralloc: GetYUVPlaneInfo: Invalid format passed: 0x21
03-15 18:42:44.920  6349  6406 D qdgralloc: GetYUVPlaneInfo: Invalid format passed: 0x21
03-15 18:42:44.920  6349  6406 I APi2 info : : CaptureResult.Key(android.statistics.faces) <=> [ ]
03-15 18:42:44.924  6349  6406 I APi2 info : : CaptureResult.Key(android.control.aeRegions) <=> [ (x:0, y:0, w:0, h:0, wt:0)]
03-15 18:42:44.924  6349  6406 I APi2 info : : CaptureResult.Key(android.control.awbRegions) <=> [ (x:0, y:0, w:0, h:0, wt:0)]
03-15 18:42:44.924  6349  6406 I APi2 info : : CaptureResult.Key(android.control.afRegions) <=> [ (x:1734, y:1164, w:1156, h:1160, wt:0)]
03-15 18:42:44.924  6349  6406 I APi2 info : : CaptureResult.Key(android.scaler.cropRegion) <=> Rect(0, 0 - 4624, 3472)
03-15 18:42:44.924  6349  6406 I APi2 info : : CaptureResult.Key(android.statistics.oisDataMode) <=> <null>
03-15 18:42:44.924  6349  6406 I APi2 info : : CaptureResult.Key(android.lens.distortion) <=> [ 0.0, 0.0, 0.0, 0.0, 0.0]
03-15 18:42:44.924  6349  6406 I APi2 info : : CaptureResult.Key(android.lens.intrinsicCalibration) <=> [ 3393.7498, 3393.7498, 0.0, 0.0, 0.0]
03-15 18:42:44.924  6349  6406 I APi2 info : : CaptureResult.Key(android.lens.poseRotation) <=> [ 0.0, 0.0, 0.0, 1.0]
03-15 18:42:44.924  6349  6406 I APi2 info : : CaptureResult.Key(android.lens.poseTranslation) <=> [ 0.0, 0.0, 0.0]
03-15 18:42:44.925  6349  6406 I APi2 info : : CaptureResult.Key(android.sensor.exposureTime) <=> 30000000
03-15 18:42:44.925  6349  6406 I APi2 info : : CaptureResult.Key(android.sensor.sensitivity) <=> 228
03-15 18:42:44.925  6349  6406 D Deez IN ISO: 228
03-15 18:42:44.925  6349  6406 I APi2 info : : CaptureResult.Key(android.control.postRawSensitivityBoost) <=> 100
03-15 18:42:44.925  6349  6406 I APi2 info : : CaptureResult.Key(android.flash.mode) <=> 0
03-15 18:42:44.925  6349  6406 I APi2 info : : CaptureResult.Key(android.colorCorrection.gains) <=> RggbChannelVector{R:2,148438, G_even:1,000000, G_odd:1,000000, B:1,335938}
03-15 18:42:44.925  6349  6406 I APi2 info : : CaptureResult.Key(android.colorCorrection.transform) <=> ColorSpaceTransform([128/128, 0/128, 0/128], [0/128, 128/128, 0/128], [0/128, 0/128, 128/128])
03-15 18:42:44.926  6349  6406 I APi2 info : : CaptureResult.Key(android.sensor.sensitivity) <=> 228
03-15 18:42:44.926  6349  6406 I APi2 info : : CaptureResult.Key(android.sensor.neutralColorPoint) <=> [ 119/256, 1/1, 767/1024]
03-15 18:42:44.926  6349  6406 I APi2 info : : CaptureResult.Key(android.blackLevel.lock) <=> false
03-15 18:42:44.926  6349  6406 I APi2 info : : CaptureResult.Key(android.sensor.timestamp) <=> 2986154951171003
03-15 18:42:44.926  6349  6406 I APi2 info : : CaptureResult.Key(android.statistics.sceneFlicker) <=> 1
03-15 18:42:44.926  6349  6406 I APi2 info : : CaptureResult.Key(android.sensor.noiseProfile) <=> [ Pair{1.1847246619999999E-4 2.64370267376E-7}, Pair{1.1847246619999999E-4 2.64370267376E-7}, Pair{1.1847246619999999E-4 2.64370267376E-7}, Pair{1.1847246619999999E-4 2.64370267376E-7}]
03-15 18:42:44.937  6349  6467 I APi2 info : : CaptureResult.Key(android.scaler.cropRegion) <=> Rect(0, 0 - 4624, 3472)
03-15 18:42:44.937  6349  6467 I APi2 info : : CaptureResult.Key(android.control.aeState) <=> 1
03-15 18:42:44.938  6349  6467 I APi2 info : : CaptureResult.Key(android.lens.focusDistance) <=> 1.7142857
03-15 18:42:44.938  6349  6467 I APi2 info : : CaptureResult.Key(android.lens.focusRange) <=> Pair{0.1 10.0}
03-15 18:42:44.938  6349  6467 I APi2 info : : CaptureResult.Key(android.statistics.faces) <=> [ ]
03-15 18:42:44.938  6349  6467 I APi2 info : : CaptureResult.Key(android.scaler.cropRegion) <=> Rect(0, 0 - 4624, 3472)
03-15 18:42:44.938  6349  6467 I APi2 info : : CaptureResult.Key(android.sensor.frameDuration) <=> 33333333
03-15 18:42:44.938  6349  6467 I APi2 info : : CaptureResult.Key(android.control.aeMode) <=> 1
03-15 18:42:44.938  6349  6467 I APi2 info : : CaptureResult.Key(android.control.aeState) <=> 1
03-15 18:42:44.938  6349  6467 I APi2 info : : CaptureResult.Key(android.control.afMode) <=> 4
03-15 18:42:44.938  6349  6467 I APi2 info : : CaptureResult.Key(android.control.afMode) <=> 4
03-15 18:42:44.938  6349  6467 I APi2 info : : CaptureResult.Key(android.control.afState) <=> 2
03-15 18:42:44.938  6349  6467 I APi2 info : : CaptureResult.Key(android.lens.focusDistance) <=> 1.7142857
03-15 18:42:44.938  6349  6467 I APi2 info : : CaptureResult.Key(android.control.afMode) <=> 4
03-15 18:42:44.938  6349  6467 I APi2 info : : CaptureResult.Key(android.control.afRegions) <=> [ (x:1734, y:1164, w:1156, h:1160, wt:0)]
03-15 18:42:44.938  6349  6566 I APi2 info : : CaptureResult.Key(android.logicalMultiCamera.activePhysicalId) <=> <null>
03-15 18:42:44.938  6349  6566 I APi2 info : : CaptureResult.Key(android.statistics.oisSamples) <=> <null>
03-15 18:42:44.938  6349  6467 I APi2 info : : CaptureResult.Key(android.statistics.faces) <=> [ ]
03-15 18:42:44.938  6349  6467 I APi2 info : : CaptureResult.Key(android.statistics.faces) <=> [ ]
03-15 18:42:44.939  6349  6467 I APi2 info : : CaptureResult.Key(android.control.afRegions) <=> [ (x:1734, y:1164, w:1156, h:1160, wt:0)]
03-15 18:42:44.939  6349  6467 I APi2 info : : CaptureResult.Key(android.statistics.faces) <=> [ ]
03-15 18:42:44.939  6349  6566 E OisListener: Null pointer for OIS data. OIS API version: 2
03-15 18:42:44.939  6349  6467 I APi2 info : : CaptureResult.Key(android.scaler.cropRegion) <=> Rect(0, 0 - 4624, 3472)
03-15 18:42:44.939  6349  6467 I APi2 info : : CaptureResult.Key(android.scaler.cropRegion) <=> Rect(0, 0 - 4624, 3472)
03-15 18:42:44.939  6349  6467 I APi2 info : : CaptureResult.Key(android.control.afRegions) <=> [ (x:1734, y:1164, w:1156, h:1160, wt:0)]
03-15 18:42:44.939  6349  6467 I APi2 info : : CaptureResult.Key(android.statistics.faces) <=> [ ]
03-15 18:42:44.939  6349  6467 I APi2 info : : CaptureResult.Key(android.statistics.faces) <=> [ ]
03-15 18:42:44.939  6349  6467 I APi2 info : : CaptureResult.Key(android.control.afRegions) <=> [ (x:1734, y:1164, w:1156, h:1160, wt:0)]
03-15 18:42:44.939  6349  6467 I APi2 info : : CaptureResult.Key(android.statistics.faces) <=> [ ]
03-15 18:42:44.939  6349  6467 I APi2 info : : CaptureResult.Key(android.scaler.cropRegion) <=> Rect(0, 0 - 4624, 3472)
03-15 18:42:44.939  6349  6467 I APi2 info : : CaptureResult.Key(android.sensor.timestamp) <=> 2986154984500430
03-15 18:42:44.939  6349  6467 I APi2 info : : CaptureResult.Key(android.sensor.timestamp) <=> 2986154984500430
03-15 18:42:44.939  6349  6467 I APi2 info : : CaptureResult.Key(android.sensor.frameDuration) <=> 33333333
03-15 18:42:44.939  6349  6467 I APi2 info : : CaptureResult.Key(android.colorCorrection.gains) <=> RggbChannelVector{R:2,140625, G_even:1,000000, G_odd:1,000000, B:1,335938}
03-15 18:42:44.939  6349  6467 I APi2 info : : CaptureResult.Key(android.colorCorrection.transform) <=> ColorSpaceTransform([128/128, 0/128, 0/128], [0/128, 128/128, 0/128], [0/128, 0/128, 128/128])
03-15 18:42:44.939  6349  6349 I APi2 info : : CaptureResult.Key(android.sensor.exposureTime) <=> 30000000
03-15 18:42:44.939  6349  6467 I APi2 info : : CaptureResult.Key(android.control.aeRegions) <=> [ (x:0, y:0, w:0, h:0, wt:0)]
03-15 18:42:44.940  6349  6349 I APi2 info : : CaptureResult.Key(android.control.postRawSensitivityBoost) <=> 100
03-15 18:42:44.940  6349  6349 I APi2 info : : CaptureResult.Key(android.sensor.sensitivity) <=> 221
03-15 18:42:44.940  6349  6467 I APi2 info : : CaptureResult.Key(android.control.aeState) <=> 1
03-15 18:42:44.940  6349  6467 I APi2 info : : CaptureResult.Key(android.control.afState) <=> 2
03-15 18:42:44.940  6349  6467 I APi2 info : : CaptureResult.Key(android.control.afMode) <=> 4
03-15 18:42:44.940  6349  6467 I APi2 info : : CaptureResult.Key(android.logicalMultiCamera.activePhysicalId) <=> <null>
03-15 18:42:44.940  6349  6467 I APi2 info : : CaptureResult.Key(android.scaler.cropRegion) <=> <null>
03-15 18:42:44.948  6349  6406 I APi2 info : : CaptureResult.Key(android.lens.focusDistance) <=> 1.574074
03-15 18:42:44.949  6349  6406 I APi2 info : : CaptureResult.Key(android.lens.focalLength) <=> 5.43
03-15 18:42:44.949  6349  6406 I APi2 info : : CaptureResult.Key(android.lens.aperture) <=> 1.89
03-15 18:42:44.949  6349  6406 I APi2 info : : CaptureResult.Key(android.control.mode) <=> 2
03-15 18:42:44.949  6349  6406 I APi2 info : : CaptureResult.Key(android.control.aeMode) <=> 1
03-15 18:42:44.949  6349  6406 I APi2 info : : CaptureResult.Key(android.control.aeLock) <=> false
03-15 18:42:44.949  6349  6406 I APi2 info : : CaptureResult.Key(android.control.aeState) <=> 1
03-15 18:42:44.949  6349  6406 I APi2 info : : CaptureResult.Key(android.control.aePrecaptureTrigger) <=> 0
03-15 18:42:44.949  6349  6406 I APi2 info : : CaptureResult.Key(android.control.aeExposureCompensation) <=> 0
03-15 18:42:44.949  6349  6406 I APi2 info : : CaptureResult.Key(android.control.awbMode) <=> 1
03-15 18:42:44.949  6349  6406 I APi2 info : : CaptureResult.Key(android.control.awbLock) <=> false
03-15 18:42:44.949  6349  6406 I APi2 info : : CaptureResult.Key(android.control.awbState) <=> 2
03-15 18:42:44.949  6349  6406 I APi2 info : : CaptureResult.Key(android.control.afMode) <=> 4
03-15 18:42:44.949  6349  6406 I APi2 info : : CaptureResult.Key(android.control.afState) <=> 2
03-15 18:42:44.949  6349  6406 I APi2 info : : CaptureResult.Key(android.control.afTrigger) <=> 0
03-15 18:42:44.949  6349  6406 I APi2 info : : CaptureResult.Key(android.lens.state) <=> 1
03-15 18:42:44.950  6349  6406 I APi2 info : : CaptureResult.Key(android.statistics.lensShadingCorrectionMap) <=> LensShadingMap{R:([4.2646484, 3.9697266, 3.5615234, 3.1708984, 2.7988281, 2.6396484, 2.4228516, 2.3076172, 2.3007812, 2.3457031, 2.46875, 2.6347656, 2.8417969, 3.1689453, 3.4892578, 4.0791016, 4.5820312], [3.8935547, 3.5751953, 3.1777344, 2.7607422, 2.4580078, 2.2548828, 2.0742188, 1.9648438, 1.9404297, 1.9833984, 2.100586, 2.2626953, 2.4960938, 2.7451172, 3.1816406, 3.6796875, 4.2529297], [3.8710938, 3.3486328, 2.8515625, 2.4716797, 2.1894531, 1.9619141, 1.7783203, 1.6640625, 1.625, 1.6630859, 1.7861328, 1.9726562, 2.2060547, 2.5029297, 2.8847656, 3.3730469, 3.9091797], [3.6357422, 3.078125, 2.6083984, 2.2509766, 1.9648438, 1.7109375, 1.5146484, 1.3964844, 1.3544922, 1.3994141, 1.5253906, 1.7246094, 1.9775391, 2.2822266, 2.6513672, 3.1503906, 3.7207031], [3.4003906, 2.8984375, 2.4355469, 2.0957031, 1.7851562, 1.5146484, 1.3173828, 1.1992188, 1.1601562, 1.2050781, 1.3271484, 1.5205078, 1.7890625, 2.1044922, 2.4746094, 2.9472656, 3.4892578], [3.2041016, 2.7304688, 2.3242188, 2.0019531, 1.6699219, 1.3964844, 1.2001953, 1.0898438, 1.0576172, 1.0966797, 1.2099609, 1.4091797, 1.6806641, 2.0019531, 2.390625, 2.8535156, 3.375], [3.2148438, 2.7167969, 2.2792969, 1.9609375, 1.6337891, 1.3583984, 1.1601562, 1.0556641, 1.0234375, 1.0595703, 1.1767578, 1.3740234, 1.6464844, 1.9765625, 2.383789, 2.8173828, 3.3076172], [3.2666016, 2.7460938, 2.2939453, 1.9755859, 1.6669922, 1.390625, 1.1982422, 1.0908203, 1.0576172, 1.0966797, 1.2109375, 1.40625, 1.6816406, 2.0175781, 2.4082031, 2.8476562, 3.3398438], [3.336914, 2.8232422, 2.3964844, 2.0761719, 1.7792969, 1.5087891, 1.3203125, 1.2080078, 1.1748047, 1.2177734, 1.3310547, 1.5322266, 1.8085938, 2.133789, 2.4882812, 2.913086, 3.3701172], [3.5546875, 3.0419922, 2.5859375, 2.2480469, 1.9609375, 1.7109375, 1.5195312, 1.4052734, 1.375, 1.4179688, 1.5351562, 1.7324219, 1.9951172, 2.303711, 2.6601562, 3.1220703, 3.6933594], [3.7626953, 3.2841797, 2.8330078, 2.4804688, 2.2011719, 1.9707031, 1.7919922, 1.6738281, 1.6484375, 1.6943359, 1.7998047, 1.9775391, 2.2265625, 2.5214844, 2.9082031, 3.4013672, 3.9335938], [3.9013672, 3.5019531, 3.1445312, 2.7792969, 2.5, 2.2851562, 2.1308594, 2.03125, 2.0019531, 2.040039, 2.118164, 2.2978516, 2.5273438, 2.8720703, 3.2841797, 3.7089844, 4.1503906], [4.0654297, 3.703125, 3.5595703, 3.1914062, 2.9121094, 2.6123047, 2.5908203, 2.4355469, 2.4160156, 2.4804688, 2.5126953, 2.6542969, 2.9335938, 3.3535156, 3.7734375, 3.9853516, 4.3291016]), G_even:([3.7783203, 3.4423828, 3.1386719, 2.8134766, 2.5185547, 2.3183594, 2.1845703, 2.100586, 2.0761719, 2.0996094, 2.1845703, 2.321289, 2.53125, 2.8154297, 3.1357422, 3.430664, 3.734375], [3.5830078, 3.1738281, 2.7949219, 2.4589844, 2.2050781, 2.0195312, 1.8857422, 1.7998047, 1.7695312, 1.7949219, 1.8857422, 2.0253906, 2.2138672, 2.475586, 2.8066406, 3.1669922, 3.5283203], [3.4492188, 2.9550781, 2.5292969, 2.2128906, 1.9765625, 1.7832031, 1.6367188, 1.5390625, 1.5048828, 1.5380859, 1.6337891, 1.7851562, 1.984375, 2.2304688, 2.555664, 2.9550781, 3.3857422], [3.2626953, 2.7490234, 2.3271484, 2.0302734, 1.7880859, 1.5810547, 1.4208984, 1.3183594, 1.2832031, 1.3193359, 1.4208984, 1.5859375, 1.796875, 2.0498047, 2.3574219, 2.7646484, 3.2314453], [3.0859375, 2.5761719, 2.178711, 1.890625, 1.6347656, 1.4160156, 1.2539062, 1.1523438, 1.1191406, 1.1523438, 1.2548828, 1.4199219, 1.6435547, 1.9082031, 2.2138672, 2.6035156, 3.0625], [2.9833984, 2.4941406, 2.1074219, 1.8134766, 1.546875, 1.3222656, 1.1591797, 1.0615234, 1.03125, 1.0625, 1.1601562, 1.3271484, 1.5566406, 1.8320312, 2.1416016, 2.5253906, 2.9765625], [2.944336, 2.4804688, 2.0986328, 1.7978516, 1.5263672, 1.2958984, 1.1337891, 1.0380859, 1.0068359, 1.0400391, 1.1367188, 1.3017578, 1.5361328, 1.8164062, 2.1289062, 2.5136719, 2.9541016], [3.0029297, 2.5097656, 2.1220703, 1.8261719, 1.5576172, 1.3291016, 1.1630859, 1.0673828, 1.0371094, 1.0683594, 1.1669922, 1.3359375, 1.5664062, 1.84375, 2.1582031, 2.5439453, 2.9814453], [3.1132812, 2.6064453, 2.2041016, 1.9121094, 1.656
03-15 18:42:44.950  6349  6406 I APi2 info : : CaptureResult.Key(android.control.aeExposureCompensation) <=> 0
03-15 18:42:44.951  6349  6406 I APi2 info : : CaptureResult.Key(android.scaler.cropRegion) <=> Rect(0, 0 - 4624, 3472)
03-15 18:42:44.951  6349  6406 I APi2 info : : CaptureResult.Key(android.control.aeRegions) <=> [ (x:0, y:0, w:0, h:0, wt:0)]
03-15 18:42:44.951  6349  6406 I APi2 info : : CaptureResult.Key(android.scaler.cropRegion) <=> Rect(0, 0 - 4624, 3472)
03-15 18:42:44.972  6349  6467 I APi2 info : : CaptureResult.Key(android.scaler.cropRegion) <=> Rect(0, 0 - 4624, 3472)
03-15 18:42:44.972  6349  6467 I APi2 info : : CaptureResult.Key(android.control.aeState) <=> 1
03-15 18:42:44.973  6349  6467 I APi2 info : : CaptureResult.Key(android.lens.focusDistance) <=> 1.7391305
03-15 18:42:44.973  6349  6467 I APi2 info : : CaptureResult.Key(android.lens.focusRange) <=> Pair{0.1 10.0}
03-15 18:42:44.973  6349  6467 I APi2 info : : CaptureResult.Key(android.statistics.faces) <=> [ ]
03-15 18:42:44.973  6349  6467 I APi2 info : : CaptureResult.Key(android.scaler.cropRegion) <=> Rect(0, 0 - 4624, 3472)
03-15 18:42:44.973  6349  6467 I APi2 info : : CaptureResult.Key(android.sensor.frameDuration) <=> 33333333
03-15 18:42:44.973  6349  6467 I APi2 info : : CaptureResult.Key(android.control.aeMode) <=> 1
03-15 18:42:44.973  6349  6467 I APi2 info : : CaptureResult.Key(android.control.aeState) <=> 1
03-15 18:42:44.973  6349  6467 I APi2 info : : CaptureResult.Key(android.control.afMode) <=> 4
03-15 18:42:44.973  6349  6467 I APi2 info : : CaptureResult.Key(android.control.afMode) <=> 4
03-15 18:42:44.973  6349  6467 I APi2 info : : CaptureResult.Key(android.control.afState) <=> 2
03-15 18:42:44.973  6349  6467 I APi2 info : : CaptureResult.Key(android.lens.focusDistance) <=> 1.7391305
03-15 18:42:44.973  6349  6467 I APi2 info : : CaptureResult.Key(android.control.afMode) <=> 4
03-15 18:42:44.973  6349  6467 I APi2 info : : CaptureResult.Key(android.control.afRegions) <=> [ (x:1734, y:1164, w:1156, h:1160, wt:0)]
03-15 18:42:44.973  6349  6467 I APi2 info : : CaptureResult.Key(android.statistics.faces) <=> [ ]
03-15 18:42:44.973  6349  6467 I APi2 info : : CaptureResult.Key(android.statistics.faces) <=> [ ]
03-15 18:42:44.973  6349  6467 I APi2 info : : CaptureResult.Key(android.control.afRegions) <=> [ (x:1734, y:1164, w:1156, h:1160, wt:0)]
03-15 18:42:44.973  6349  6566 I APi2 info : : CaptureResult.Key(android.logicalMultiCamera.activePhysicalId) <=> <null>
03-15 18:42:44.973  6349  6566 I APi2 info : : CaptureResult.Key(android.statistics.oisSamples) <=> <null>
03-15 18:42:44.973  6349  6566 E OisListener: Null pointer for OIS data. OIS API version: 2
03-15 18:42:44.974  6349  6467 I APi2 info : : CaptureResult.Key(android.statistics.faces) <=> [ ]
03-15 18:42:44.974  6349  6467 I APi2 info : : CaptureResult.Key(android.scaler.cropRegion) <=> Rect(0, 0 - 4624, 3472)
03-15 18:42:44.974  6349  6467 I APi2 info : : CaptureResult.Key(android.scaler.cropRegion) <=> Rect(0, 0 - 4624, 3472)
03-15 18:42:44.974  6349  6467 I APi2 info : : CaptureResult.Key(android.control.afRegions) <=> [ (x:1734, y:1164, w:1156, h:1160, wt:0)]
03-15 18:42:44.974  6349  6467 I APi2 info : : CaptureResult.Key(android.statistics.faces) <=> [ ]
03-15 18:42:44.974  6349  6467 I APi2 info : : CaptureResult.Key(android.statistics.faces) <=> [ ]
03-15 18:42:44.974  6349  6467 I APi2 info : : CaptureResult.Key(android.control.afRegions) <=> [ (x:1734, y:1164, w:1156, h:1160, wt:0)]
03-15 18:42:44.974  6349  6467 I APi2 info : : CaptureResult.Key(android.statistics.faces) <=> [ ]
03-15 18:42:44.974  6349  6467 I APi2 info : : CaptureResult.Key(android.scaler.cropRegion) <=> Rect(0, 0 - 4624, 3472)
03-15 18:42:44.974  6349  6467 I APi2 info : : CaptureResult.Key(android.sensor.timestamp) <=> 2986155017829857
03-15 18:42:44.974  6349  6467 I APi2 info : : CaptureResult.Key(android.sensor.timestamp) <=> 2986155017829857
03-15 18:42:44.974  6349  6467 I APi2 info : : CaptureResult.Key(android.sensor.frameDuration) <=> 33333333
03-15 18:42:44.974  6349  6467 I APi2 info : : CaptureResult.Key(android.colorCorrection.gains) <=> RggbChannelVector{R:2,140625, G_even:1,000000, G_odd:1,000000, B:1,335938}
03-15 18:42:44.974  6349  6467 I APi2 info : : CaptureResult.Key(android.colorCorrection.transform) <=> ColorSpaceTransform([128/128, 0/128, 0/128], [0/128, 128/128, 0/128], [0/128, 0/128, 128/128])
03-15 18:42:44.974  6349  6467 I APi2 info : : CaptureResult.Key(android.control.aeRegions) <=> [ (x:0, y:0, w:0, h:0, wt:0)]
03-15 18:42:44.974  6349  6467 I APi2 info : : CaptureResult.Key(android.control.aeState) <=> 1
03-15 18:42:44.974  6349  6467 I APi2 info : : CaptureResult.Key(android.control.afState) <=> 2
03-15 18:42:44.974  6349  6467 I APi2 info : : CaptureResult.Key(android.control.afMode) <=> 4
03-15 18:42:44.975  6349  6467 I APi2 info : : CaptureResult.Key(android.logicalMultiCamera.activePhysicalId) <=> <null>
03-15 18:42:44.975  6349  6467 I APi2 info : : CaptureResult.Key(android.scaler.cropRegion) <=> <null>
03-15 18:42:45.008  6349  6467 I APi2 info : : CaptureResult.Key(android.scaler.cropRegion) <=> Rect(0, 0 - 4624, 3472)
03-15 18:42:45.008  6349  6467 I APi2 info : : CaptureResult.Key(android.control.aeState) <=> 1
03-15 18:42:45.008  6349  6467 I APi2 info : : CaptureResult.Key(android.lens.focusDistance) <=> 1.7391305
03-15 18:42:45.008  6349  6467 I APi2 info : : CaptureResult.Key(android.lens.focusRange) <=> Pair{0.1 10.0}
03-15 18:42:45.008  6349  6467 I APi2 info : : CaptureResult.Key(android.statistics.faces) <=> [ ]
03-15 18:42:45.008  6349  6467 I APi2 info : : CaptureResult.Key(android.scaler.cropRegion) <=> Rect(0, 0 - 4624, 3472)
03-15 18:42:45.008  6349  6467 I APi2 info : : CaptureResult.Key(android.sensor.frameDuration) <=> 33333333
03-15 18:42:45.008  6349  6467 I APi2 info : : CaptureResult.Key(android.control.aeMode) <=> 1
03-15 18:42:45.008  6349  6467 I APi2 info : : CaptureResult.Key(android.control.aeState) <=> 1
03-15 18:42:45.008  6349  6467 I APi2 info : : CaptureResult.Key(android.control.afMode) <=> 4
03-15 18:42:45.008  6349  6467 I APi2 info : : CaptureResult.Key(android.control.afMode) <=> 4
03-15 18:42:45.008  6349  6566 I APi2 info : : CaptureResult.Key(android.logicalMultiCamera.activePhysicalId) <=> <null>
03-15 18:42:45.008  6349  6566 I APi2 info : : CaptureResult.Key(android.statistics.oisSamples) <=> <null>
03-15 18:42:45.008  6349  6566 E OisListener: Null pointer for OIS data. OIS API version: 2
03-15 18:42:45.009  6349  6467 I APi2 info : : CaptureResult.Key(android.control.afState) <=> 2
03-15 18:42:45.009  6349  6467 I APi2 info : : CaptureResult.Key(android.lens.focusDistance) <=> 1.7391305
03-15 18:42:45.009  6349  6467 I APi2 info : : CaptureResult.Key(android.control.afMode) <=> 4
03-15 18:42:45.009  6349  6467 I APi2 info : : CaptureResult.Key(android.control.afRegions) <=> [ (x:1734, y:1164, w:1156, h:1160, wt:0)]
03-15 18:42:45.009  6349  6467 I APi2 info : : CaptureResult.Key(android.statistics.faces) <=> [ ]
03-15 18:42:45.009  6349  6467 I APi2 info : : CaptureResult.Key(android.statistics.faces) <=> [ ]
03-15 18:42:45.009  6349  6467 I APi2 info : : CaptureResult.Key(android.control.afRegions) <=> [ (x:1734, y:1164, w:1156, h:1160, wt:0)]
03-15 18:42:45.009  6349  6467 I APi2 info : : CaptureResult.Key(android.statistics.faces) <=> [ ]
03-15 18:42:45.010  6349  6467 I APi2 info : : CaptureResult.Key(android.scaler.cropRegion) <=> Rect(0, 0 - 4624, 3472)
03-15 18:42:45.010  6349  6467 I APi2 info : : CaptureResult.Key(android.scaler.cropRegion) <=> Rect(0, 0 - 4624, 3472)
03-15 18:42:45.010  6349  6467 I APi2 info : : CaptureResult.Key(android.control.afRegions) <=> [ (x:1734, y:1164, w:1156, h:1160, wt:0)]
03-15 18:42:45.010  6349  6467 I APi2 info : : CaptureResult.Key(android.statistics.faces) <=> [ ]
03-15 18:42:45.010  6349  6467 I APi2 info : : CaptureResult.Key(android.statistics.faces) <=> [ ]
03-15 18:42:45.010  6349  6467 I APi2 info : : CaptureResult.Key(android.control.afRegions) <=> [ (x:1734, y:1164, w:1156, h:1160, wt:0)]
03-15 18:42:45.010  6349  6467 I APi2 info : : CaptureResult.Key(android.statistics.faces) <=> [ ]
03-15 18:42:45.010  6349  6467 I APi2 info : : CaptureResult.Key(android.scaler.cropRegion) <=> Rect(0, 0 - 4624, 3472)
03-15 18:42:45.010  6349  6467 I APi2 info : : CaptureResult.Key(android.sensor.timestamp) <=> 2986155051159284
03-15 18:42:45.010  6349  6467 I APi2 info : : CaptureResult.Key(android.sensor.timestamp) <=> 2986155051159284
03-15 18:42:45.010  6349  6467 I APi2 info : : CaptureResult.Key(android.sensor.frameDuration) <=> 33333333
03-15 18:42:45.010  6349  6467 I APi2 info : : CaptureResult.Key(android.colorCorrection.gains) <=> RggbChannelVector{R:2,132813, G_even:1,000000, G_odd:1,000000, B:1,343750}
03-15 18:42:45.010  6349  6467 I APi2 info : : CaptureResult.Key(android.colorCorrection.transform) <=> ColorSpaceTransform([128/128, 0/128, 0/128], [0/128, 128/128, 0/128], [0/128, 0/128, 128/128])
03-15 18:42:45.010  6349  6467 I APi2 info : : CaptureResult.Key(android.control.aeRegions) <=> [ (x:0, y:0, w:0, h:0, wt:0)]
03-15 18:42:45.010  6349  6467 I APi2 info : : CaptureResult.Key(android.control.aeState) <=> 1
03-15 18:42:45.010  6349  6467 I APi2 info : : CaptureResult.Key(android.control.afState) <=> 2
03-15 18:42:45.010  6349  6467 I APi2 info : : CaptureResult.Key(android.control.afMode) <=> 4
03-15 18:42:45.010  6349  6467 I APi2 info : : CaptureResult.Key(android.logicalMultiCamera.activePhysicalId) <=> <null>
03-15 18:42:45.010  6349  6467 I APi2 info : : CaptureResult.Key(android.scaler.cropRegion) <=> <null>
03-15 18:42:45.014  6349  6431 W BpBinder: Slow Binder: BpBinder transact took 1390 ms, interface=android.os.storage.IStorageManager, code=78 oneway=false
03-15 18:42:45.021  6349  6431 W PlatformVersion: Build version must be at least 5954562 to support R in gmscore
03-15 18:42:45.028  6349  6704 W GoogleCameraEn: Accessing hidden field Ljava/util/Collections$SynchronizedCollection;->mutex:Ljava/lang/Object; (max-target-o, reflection, denied)
03-15 18:42:45.030  6349  6704 W GoogleCameraEn: Accessing hidden method Ljava/util/Collections$SynchronizedSet;-><init>(Ljava/util/Set;Ljava/lang/Object;)V (max-target-o, reflection, denied)
03-15 18:42:45.030  6349  6704 W GoogleCameraEn: Accessing hidden method Ljava/util/Collections$SynchronizedCollection;-><init>(Ljava/util/Collection;Ljava/lang/Object;)V (max-target-o, reflection, denied)
03-15 18:42:45.036  6349  6467 I APi2 info : : CaptureResult.Key(android.scaler.cropRegion) <=> <null>
03-15 18:42:45.040  6349  6467 I APi2 info : : CaptureResult.Key(android.scaler.cropRegion) <=> Rect(0, 0 - 4624, 3472)
03-15 18:42:45.040  6349  6467 I APi2 info : : CaptureResult.Key(android.control.aeState) <=> 2
03-15 18:42:45.040  6349  6467 I APi2 info : : CaptureResult.Key(android.lens.focusDistance) <=> 1.7391305
03-15 18:42:45.040  6349  6467 I APi2 info : : CaptureResult.Key(android.lens.focusRange) <=> Pair{0.1 10.0}
03-15 18:42:45.040  6349  6467 I APi2 info : : CaptureResult.Key(android.statistics.faces) <=> [ ]
03-15 18:42:45.040  6349  6467 I APi2 info : : CaptureResult.Key(android.scaler.cropRegion) <=> Rect(0, 0 - 4624, 3472)
03-15 18:42:45.040  6349  6467 I APi2 info : : CaptureResult.Key(android.sensor.frameDuration) <=> 33333333
03-15 18:42:45.041  6349  6467 I APi2 info : : CaptureResult.Key(android.control.aeMode) <=> 1
03-15 18:42:45.041  6349  6467 I APi2 info : : CaptureResult.Key(android.control.aeState) <=> 2
03-15 18:42:45.041  6349  6467 I APi2 info : : CaptureResult.Key(android.control.afMode) <=> 4
03-15 18:42:45.041  6349  6467 I APi2 info : : CaptureResult.Key(android.control.afMode) <=> 4
03-15 18:42:45.041  6349  6467 I APi2 info : : CaptureResult.Key(android.control.afState) <=> 2
03-15 18:42:45.041  6349  6566 I APi2 info : : CaptureResult.Key(android.logicalMultiCamera.activePhysicalId) <=> <null>
03-15 18:42:45.041  6349  6566 I APi2 info : : CaptureResult.Key(android.statistics.oisSamples) <=> <null>
03-15 18:42:45.041  6349  6566 E OisListener: Null pointer for OIS data. OIS API version: 2
03-15 18:42:45.041  6349  6467 I APi2 info : : CaptureResult.Key(android.lens.focusDistance) <=> 1.7391305
03-15 18:42:45.041  6349  6467 I APi2 info : : CaptureResult.Key(android.control.afMode) <=> 4
03-15 18:42:45.041  6349  6467 I APi2 info : : CaptureResult.Key(android.control.afRegions) <=> [ (x:1734, y:1164, w:1156, h:1160, wt:0)]
03-15 18:42:45.041  6349  6467 I APi2 info : : CaptureResult.Key(android.statistics.faces) <=> [ ]
03-15 18:42:45.041  6349  6467 I APi2 info : : CaptureResult.Key(android.statistics.faces) <=> [ ]
03-15 18:42:45.041  6349  6467 I APi2 info : : CaptureResult.Key(android.control.afRegions) <=> [ (x:1734, y:1164, w:1156, h:1160, wt:0)]
03-15 18:42:45.041  6349  6467 I APi2 info : : CaptureResult.Key(android.statistics.faces) <=> [ ]
03-15 18:42:45.041  6349  6467 I APi2 info : : CaptureResult.Key(android.scaler.cropRegion) <=> Rect(0, 0 - 4624, 3472)
03-15 18:42:45.041  6349  6467 I APi2 info : : CaptureResult.Key(android.scaler.cropRegion) <=> Rect(0, 0 - 4624, 3472)
03-15 18:42:45.041  6349  6467 I APi2 info : : CaptureResult.Key(android.control.afRegions) <=> [ (x:1734, y:1164, w:1156, h:1160, wt:0)]
03-15 18:42:45.042  6349  6467 I APi2 info : : CaptureResult.Key(android.statistics.faces) <=> [ ]
03-15 18:42:45.042  6349  6467 I APi2 info : : CaptureResult.Key(android.statistics.faces) <=> [ ]
03-15 18:42:45.042  6349  6467 I APi2 info : : CaptureResult.Key(android.control.afRegions) <=> [ (x:1734, y:1164, w:1156, h:1160, wt:0)]
03-15 18:42:45.042  6349  6467 I APi2 info : : CaptureResult.Key(android.statistics.faces) <=> [ ]
03-15 18:42:45.042  6349  6467 I APi2 info : : CaptureResult.Key(android.scaler.cropRegion) <=> Rect(0, 0 - 4624, 3472)
03-15 18:42:45.042  6349  6467 I APi2 info : : CaptureResult.Key(android.sensor.timestamp) <=> 2986155084488711
03-15 18:42:45.042  6349  6467 I APi2 info : : CaptureResult.Key(android.sensor.timestamp) <=> 2986155084488711
03-15 18:42:45.042  6349  6467 I APi2 info : : CaptureResult.Key(android.sensor.frameDuration) <=> 33333333
03-15 18:42:45.042  6349  6467 I APi2 info : : CaptureResult.Key(android.colorCorrection.gains) <=> RggbChannelVector{R:2,117188, G_even:1,000000, G_odd:1,000000, B:1,351563}
03-15 18:42:45.042  6349  6467 I APi2 info : : CaptureResult.Key(android.colorCorrection.transform) <=> ColorSpaceTransform([128/128, 0/128, 0/128], [0/128, 128/128, 0/128], [0/128, 0/128, 128/128])
03-15 18:42:45.042  6349  6467 I APi2 info : : CaptureResult.Key(android.control.aeRegions) <=> [ (x:0, y:0, w:0, h:0, wt:0)]
03-15 18:42:45.042  6349  6467 I APi2 info : : CaptureResult.Key(android.control.aeState) <=> 2
03-15 18:42:45.042  6349  6467 I APi2 info : : CaptureResult.Key(android.control.afState) <=> 2
03-15 18:42:45.042  6349  6467 I APi2 info : : CaptureResult.Key(android.control.afMode) <=> 4
03-15 18:42:45.042  6349  6467 I APi2 info : : CaptureResult.Key(android.logicalMultiCamera.activePhysicalId) <=> <null>
03-15 18:42:45.043  6349  6349 I APi2 info : : CaptureResult.Key(android.sensor.exposureTime) <=> 30000000
03-15 18:42:45.043  6349  6349 I APi2 info : : CaptureResult.Key(android.control.postRawSensitivityBoost) <=> 100
03-15 18:42:45.043  6349  6349 I APi2 info : : CaptureResult.Key(android.sensor.sensitivity) <=> 208
03-15 18:42:45.077  6349  6467 I APi2 info : : CaptureResult.Key(android.scaler.cropRegion) <=> Rect(0, 0 - 4624, 3472)
03-15 18:42:45.077  6349  6467 I APi2 info : : CaptureResult.Key(android.control.aeState) <=> 1
03-15 18:42:45.078  6349  6467 I APi2 info : : CaptureResult.Key(android.lens.focusDistance) <=> 1.7391305
03-15 18:42:45.078  6349  6467 I APi2 info : : CaptureResult.Key(android.lens.focusRange) <=> Pair{0.1 10.0}
03-15 18:42:45.078  6349  6467 I APi2 info : : CaptureResult.Key(android.statistics.faces) <=> [ ]
03-15 18:42:45.078  6349  6467 I APi2 info : : CaptureResult.Key(android.scaler.cropRegion) <=> Rect(0, 0 - 4624, 3472)
03-15 18:42:45.078  6349  6467 I APi2 info : : CaptureResult.Key(android.sensor.frameDuration) <=> 33333333
03-15 18:42:45.078  6349  6467 I APi2 info : : CaptureResult.Key(android.control.aeMode) <=> 1
03-15 18:42:45.078  6349  6467 I APi2 info : : CaptureResult.Key(android.control.aeState) <=> 1
03-15 18:42:45.078  6349  6467 I APi2 info : : CaptureResult.Key(android.control.afMode) <=> 4
03-15 18:42:45.078  6349  6467 I APi2 info : : CaptureResult.Key(android.control.afMode) <=> 4
03-15 18:42:45.078  6349  6467 I APi2 info : : CaptureResult.Key(android.control.afState) <=> 2
03-15 18:42:45.078  6349  6467 I APi2 info : : CaptureResult.Key(android.lens.focusDistance) <=> 1.7391305
03-15 18:42:45.078  6349  6467 I APi2 info : : CaptureResult.Key(android.control.afMode) <=> 4
03-15 18:42:45.078  6349  6467 I APi2 info : : CaptureResult.Key(android.control.afRegions) <=> [ (x:1734, y:1164, w:1156, h:1160, wt:0)]
03-15 18:42:45.078  6349  6467 I APi2 info : : CaptureResult.Key(android.statistics.faces) <=> [ ]
03-15 18:42:45.078  6349  6467 I APi2 info : : CaptureResult.Key(android.statistics.faces) <=> [ ]
03-15 18:42:45.078  6349  6566 I APi2 info : : CaptureResult.Key(android.logicalMultiCamera.activePhysicalId) <=> <null>
03-15 18:42:45.079  6349  6566 I APi2 info : : CaptureResult.Key(android.statistics.oisSamples) <=> <null>
03-15 18:42:45.079  6349  6566 E OisListener: Null pointer for OIS data. OIS API version: 2
03-15 18:42:45.079  6349  6467 I APi2 info : : CaptureResult.Key(android.control.afRegions) <=> [ (x:1734, y:1164, w:1156, h:1160, wt:0)]
03-15 18:42:45.079  6349  6467 I APi2 info : : CaptureResult.Key(android.statistics.faces) <=> [ ]
03-15 18:42:45.079  6349  6467 I APi2 info : : CaptureResult.Key(android.scaler.cropRegion) <=> Rect(0, 0 - 4624, 3472)
03-15 18:42:45.079  6349  6467 I APi2 info : : CaptureResult.Key(android.scaler.cropRegion) <=> Rect(0, 0 - 4624, 3472)
03-15 18:42:45.079  6349  6467 I APi2 info : : CaptureResult.Key(android.control.afRegions) <=> [ (x:1734, y:1164, w:1156, h:1160, wt:0)]
03-15 18:42:45.079  6349  6467 I APi2 info : : CaptureResult.Key(android.statistics.faces) <=> [ ]
03-15 18:42:45.079  6349  6467 I APi2 info : : CaptureResult.Key(android.statistics.faces) <=> [ ]
03-15 18:42:45.079  6349  6467 I APi2 info : : CaptureResult.Key(android.control.afRegions) <=> [ (x:1734, y:1164, w:1156, h:1160, wt:0)]
03-15 18:42:45.079  6349  6467 I APi2 info : : CaptureResult.Key(android.statistics.faces) <=> [ ]
03-15 18:42:45.079  6349  6467 I APi2 info : : CaptureResult.Key(android.scaler.cropRegion) <=> Rect(0, 0 - 4624, 3472)
03-15 18:42:45.080  6349  6467 I APi2 info : : CaptureResult.Key(android.sensor.timestamp) <=> 2986155117818138
03-15 18:42:45.080  6349  6467 I APi2 info : : CaptureResult.Key(android.sensor.timestamp) <=> 2986155117818138
03-15 18:42:45.080  6349  6467 I APi2 info : : CaptureResult.Key(android.sensor.frameDuration) <=> 33333333
03-15 18:42:45.080  6349  6467 I APi2 info : : CaptureResult.Key(android.colorCorrection.gains) <=> RggbChannelVector{R:2,109375, G_even:1,000000, G_odd:1,000000, B:1,359375}
03-15 18:42:45.080  6349  6467 I APi2 info : : CaptureResult.Key(android.colorCorrection.transform) <=> ColorSpaceTransform([128/128, 0/128, 0/128], [0/128, 128/128, 0/128], [0/128, 0/128, 128/128])
03-15 18:42:45.080  6349  6467 I APi2 info : : CaptureResult.Key(android.control.aeRegions) <=> [ (x:0, y:0, w:0, h:0, wt:0)]
03-15 18:42:45.080  6349  6467 I APi2 info : : CaptureResult.Key(android.control.aeState) <=> 1
03-15 18:42:45.080  6349  6467 I APi2 info : : CaptureResult.Key(android.control.afState) <=> 2
03-15 18:42:45.080  6349  6467 I APi2 info : : CaptureResult.Key(android.control.afMode) <=> 4
03-15 18:42:45.080  6349  6467 I APi2 info : : CaptureResult.Key(android.logicalMultiCamera.activePhysicalId) <=> <null>
03-15 18:42:45.080  6349  6467 I APi2 info : : CaptureResult.Key(android.scaler.cropRegion) <=> <null>
03-15 18:42:45.106  6349  6467 I APi2 info : : CaptureResult.Key(android.scaler.cropRegion) <=> Rect(0, 0 - 4624, 3472)
03-15 18:42:45.106  6349  6467 I APi2 info : : CaptureResult.Key(android.control.aeState) <=> 1
03-15 18:42:45.106  6349  6467 I APi2 info : : CaptureResult.Key(android.lens.focusDistance) <=> 1.7391305
03-15 18:42:45.106  6349  6467 I APi2 info : : CaptureResult.Key(android.lens.focusRange) <=> Pair{0.1 10.0}
03-15 18:42:45.106  6349  6467 I APi2 info : : CaptureResult.Key(android.statistics.faces) <=> [ ]
03-15 18:42:45.107  6349  6467 I APi2 info : : CaptureResult.Key(android.scaler.cropRegion) <=> Rect(0, 0 - 4624, 3472)
03-15 18:42:45.107  6349  6467 I APi2 info : : CaptureResult.Key(android.sensor.frameDuration) <=> 33333333
03-15 18:42:45.107  6349  6467 I APi2 info : : CaptureResult.Key(android.control.aeMode) <=> 1
03-15 18:42:45.107  6349  6467 I APi2 info : : CaptureResult.Key(android.control.aeState) <=> 1
03-15 18:42:45.108  6349  6467 I APi2 info : : CaptureResult.Key(android.control.afMode) <=> 4
03-15 18:42:45.108  6349  6467 I APi2 info : : CaptureResult.Key(android.control.afMode) <=> 4
03-15 18:42:45.108  6349  6566 I APi2 info : : CaptureResult.Key(android.logicalMultiCamera.activePhysicalId) <=> <null>
03-15 18:42:45.108  6349  6467 I APi2 info : : CaptureResult.Key(android.control.afState) <=> 2
03-15 18:42:45.108  6349  6467 I APi2 info : : CaptureResult.Key(android.lens.focusDistance) <=> 1.7391305
03-15 18:42:45.108  6349  6467 I APi2 info : : CaptureResult.Key(android.control.afMode) <=> 4
03-15 18:42:45.108  6349  6566 I APi2 info : : CaptureResult.Key(android.statistics.oisSamples) <=> <null>
03-15 18:42:45.108  6349  6566 E OisListener: Null pointer for OIS data. OIS API version: 2
