03-15 18:42:45.108  6349  6467 I APi2 info : : CaptureResult.Key(android.control.afRegions) <=> [ (x:1734, y:1164, w:1156, h:1160, wt:0)]
03-15 18:42:45.108  6349  6467 I APi2 info : : CaptureResult.Key(android.statistics.faces) <=> [ ]
03-15 18:42:45.108  6349  6467 I APi2 info : : CaptureResult.Key(android.statistics.faces) <=> [ ]
03-15 18:42:45.108  6349  6467 I APi2 info : : CaptureResult.Key(android.control.afRegions) <=> [ (x:1734, y:1164, w:1156, h:1160, wt:0)]
03-15 18:42:45.108  6349  6467 I APi2 info : : CaptureResult.Key(android.statistics.faces) <=> [ ]
03-15 18:42:45.108  6349  6467 I APi2 info : : CaptureResult.Key(android.scaler.cropRegion) <=> Rect(0, 0 - 4624, 3472)
03-15 18:42:45.108  6349  6467 I APi2 info : : CaptureResult.Key(android.scaler.cropRegion) <=> Rect(0, 0 - 4624, 3472)
03-15 18:42:45.109  6349  6467 I APi2 info : : CaptureResult.Key(android.control.afRegions) <=> [ (x:1734, y:1164, w:1156, h:1160, wt:0)]
03-15 18:42:45.109  6349  6467 I APi2 info : : CaptureResult.Key(android.statistics.faces) <=> [ ]
03-15 18:42:45.109  6349  6467 I APi2 info : : CaptureResult.Key(android.statistics.faces) <=> [ ]
03-15 18:42:45.109  6349  6467 I APi2 info : : CaptureResult.Key(android.control.afRegions) <=> [ (x:1734, y:1164, w:1156, h:1160, wt:0)]
03-15 18:42:45.109  6349  6467 I APi2 info : : CaptureResult.Key(android.statistics.faces) <=> [ ]
03-15 18:42:45.109  6349  6467 I APi2 info : : CaptureResult.Key(android.scaler.cropRegion) <=> Rect(0, 0 - 4624, 3472)
03-15 18:42:45.109  6349  6467 I APi2 info : : CaptureResult.Key(android.sensor.timestamp) <=> 2986155151147513
03-15 18:42:45.109  6349  6467 I APi2 info : : CaptureResult.Key(android.sensor.timestamp) <=> 2986155151147513
03-15 18:42:45.109  6349  6467 I APi2 info : : CaptureResult.Key(android.sensor.frameDuration) <=> 33333333
03-15 18:42:45.109  6349  6467 I APi2 info : : CaptureResult.Key(android.colorCorrection.gains) <=> RggbChannelVector{R:2,093750, G_even:1,000000, G_odd:1,000000, B:1,367188}
03-15 18:42:45.109  6349  6467 I APi2 info : : CaptureResult.Key(android.colorCorrection.transform) <=> ColorSpaceTransform([128/128, 0/128, 0/128], [0/128, 128/128, 0/128], [0/128, 0/128, 128/128])
03-15 18:42:45.109  6349  6467 I APi2 info : : CaptureResult.Key(android.control.aeRegions) <=> [ (x:0, y:0, w:0, h:0, wt:0)]
03-15 18:42:45.109  6349  6467 I APi2 info : : CaptureResult.Key(android.control.aeState) <=> 1
03-15 18:42:45.109  6349  6467 I APi2 info : : CaptureResult.Key(android.control.afState) <=> 2
03-15 18:42:45.109  6349  6467 I APi2 info : : CaptureResult.Key(android.control.afMode) <=> 4
03-15 18:42:45.109  6349  6467 I APi2 info : : CaptureResult.Key(android.logicalMultiCamera.activePhysicalId) <=> <null>
03-15 18:42:45.110  6349  6467 I APi2 info : : CaptureResult.Key(android.scaler.cropRegion) <=> <null>
03-15 18:42:45.111  6349  6403 I APi2 info : : CaptureResult.Key(android.statistics.lensShadingCorrectionMap) <=> LensShadingMap{R:([4.135742, 3.859375, 3.4765625, 3.1708984, 2.8115234, 2.600586, 2.4541016, 2.3310547, 2.3457031, 2.3632812, 2.4658203, 2.6259766, 2.850586, 3.1240234, 3.5429688, 3.9277344, 4.381836], [3.8271484, 3.5478516, 3.178711, 2.7753906, 2.4638672, 2.2558594, 2.0966797, 1.9833984, 1.9628906, 1.9951172, 2.100586, 2.2783203, 2.5048828, 2.772461, 3.194336, 3.6884766, 4.248047], [3.7216797, 3.3310547, 2.8652344, 2.4882812, 2.203125, 1.9755859, 1.7929688, 1.6777344, 1.6376953, 1.6767578, 1.7998047, 1.9931641, 2.2333984, 2.5371094, 2.9277344, 3.421875, 3.9941406], [3.7041016, 3.116211, 2.6279297, 2.2705078, 1.9794922, 1.7226562, 1.53125, 1.4072266, 1.3632812, 1.4150391, 1.5410156, 1.7441406, 1.9970703, 2.3066406, 2.6777344, 3.165039, 3.7041016], [3.461914, 2.9121094, 2.4570312, 2.1054688, 1.7958984, 1.5244141, 1.3300781, 1.2109375, 1.1660156, 1.2119141, 1.3359375, 1.5341797, 1.8046875, 2.125, 2.491211, 2.9648438, 3.5048828], [3.3300781, 2.805664, 2.3613281, 2.015625, 1.6845703, 1.4072266, 1.2109375, 1.0957031, 1.0576172, 1.1005859, 1.21875, 1.4199219, 1.6972656, 2.0166016, 2.3955078, 2.8652344, 3.381836], [3.2734375, 2.7480469, 2.3232422, 1.9863281, 1.6513672, 1.3740234, 1.1699219, 1.0615234, 1.0283203, 1.0673828, 1.1855469, 1.3867188, 1.6630859, 1.9824219, 2.3798828, 2.852539, 3.3789062], [3.3164062, 2.774414, 2.3203125, 1.9990234, 1.6767578, 1.4003906, 1.2050781, 1.0986328, 1.0625, 1.1025391, 1.2167969, 1.4140625, 1.6875, 2.008789, 2.4042969, 2.8457031, 3.3105469], [3.3330078, 2.8330078, 2.4013672, 2.0878906, 1.7832031, 1.5166016, 1.3349609, 1.2207031, 1.1787109, 1.2236328, 1.3378906, 1.5283203, 1.8017578, 2.1240234, 2.4902344, 2.9345703, 3.4101562], [3.6191406, 3.038086, 2.5839844, 2.2558594, 1.9648438, 1.7177734, 1.5390625, 1.4228516, 1.3828125, 1.4228516, 1.5429688, 1.7392578, 1.9931641, 2.3046875, 2.6689453, 3.1396484, 3.6894531], [3.8300781, 3.2871094, 2.8339844, 2.4794922, 2.1982422, 1.9716797, 1.8007812, 1.6894531, 1.6582031, 1.6953125, 1.8056641, 1.9804688, 2.2158203, 2.515625, 2.9052734, 3.3896484, 3.8857422], [3.8710938, 3.506836, 3.1464844, 2.7919922, 2.5058594, 2.2734375, 2.1201172, 2.0166016, 1.9882812, 2.0273438, 2.1054688, 2.2626953, 2.4980469, 2.828125, 3.2597656, 3.725586, 4.1865234], [3.9199219, 3.6728516, 3.5429688, 3.1777344, 2.8964844, 2.6259766, 2.4794922, 2.4570312, 2.3623047, 2.4804688, 2.515625, 2.6240234, 2.9365234, 3.290039, 3.7548828, 4.1572266, 4.5585938]), G_even:([3.7958984, 3.4589844, 3.1533203, 2.8261719, 2.5302734, 2.3291016, 2.194336, 2.1103516, 2.0859375, 2.109375, 2.194336, 2.3320312, 2.5429688, 2.8291016, 3.1503906, 3.4472656, 3.7519531], [3.5996094, 3.1884766, 2.8076172, 2.4707031, 2.2148438, 2.0292969, 1.8945312, 1.8085938, 1.7783203, 1.8037109, 1.8945312, 2.0351562, 2.2246094, 2.4873047, 2.819336, 3.1816406, 3.5449219], [3.4648438, 2.96875, 2.5410156, 2.2236328, 1.9853516, 1.7919922, 1.6445312, 1.546875, 1.5126953, 1.5449219, 1.6416016, 1.7939453, 1.9931641, 2.241211, 2.5673828, 2.96875, 3.4013672], [3.2773438, 2.7617188, 2.3378906, 2.040039, 1.7958984, 1.5888672, 1.4277344, 1.3242188, 1.2890625, 1.3251953, 1.4277344, 1.5927734, 1.8056641, 2.0595703, 2.368164, 2.7783203, 3.2460938], [3.100586, 2.5878906, 2.1894531, 1.8994141, 1.6425781, 1.4228516, 1.2597656, 1.1572266, 1.1240234, 1.1582031, 1.2607422, 1.4267578, 1.6503906, 1.9169922, 2.2246094, 2.616211, 3.0771484], [2.9970703, 2.5058594, 2.118164, 1.8222656, 1.5537109, 1.328125, 1.1640625, 1.0664062, 1.0361328, 1.0673828, 1.1650391, 1.3330078, 1.5634766, 1.8408203, 2.1513672, 2.5371094, 2.991211], [2.9580078, 2.4921875, 2.1083984, 1.8066406, 1.5341797, 1.3027344, 1.1386719, 1.0429688, 1.0117188, 1.0449219, 1.1416016, 1.3076172, 1.5429688, 1.8242188, 2.1386719, 2.5253906, 2.9677734], [3.0175781, 2.5214844, 2.131836, 1.8349609, 1.5654297, 1.3349609, 1.1689453, 1.0722656, 1.0419922, 1.0732422, 1.1728516, 1.3417969, 1.5742188, 1.8525391, 2.1689453, 2.5566406, 2.9960938], [3.1279297, 2.6191406, 2.2148438, 1.9208984, 1.6640
03-15 18:42:45.113  6349  6403 I APi2 info : : CaptureResult.Key(android.sensor.timestamp) <=> 2986155151147513
03-15 18:42:45.113  6349  6403 I APi2 info : : CaptureResult.Key(android.sensor.exposureTime) <=> 30000000
03-15 18:42:45.117  6349  6403 D qdgralloc: GetYUVPlaneInfo: Invalid format passed: 0x21
03-15 18:42:45.117  6349  6403 D qdgralloc: GetYUVPlaneInfo: Invalid format passed: 0x21
03-15 18:42:45.117  6349  6403 D qdgralloc: GetYUVPlaneInfo: Invalid format passed: 0x21
03-15 18:42:45.117  6349  6403 D qdgralloc: GetYUVPlaneInfo: Invalid format passed: 0x21
03-15 18:42:45.117  6349  6403 D qdgralloc: GetYUVPlaneInfo: Invalid format passed: 0x21
03-15 18:42:45.117  6349  6403 D qdgralloc: GetYUVPlaneInfo: Invalid format passed: 0x21
03-15 18:42:45.117  6349  6403 D qdgralloc: GetYUVPlaneInfo: Invalid format passed: 0x21
03-15 18:42:45.117  6349  6403 D qdgralloc: GetYUVPlaneInfo: Invalid format passed: 0x21
03-15 18:42:45.117  6349  6403 D qdgralloc: GetYUVPlaneInfo: Invalid format passed: 0x21
03-15 18:42:45.117  6349  6403 D qdgralloc: GetYUVPlaneInfo: Invalid format passed: 0x21
03-15 18:42:45.117  6349  6403 D qdgralloc: GetYUVPlaneInfo: Invalid format passed: 0x21
03-15 18:42:45.117  6349  6403 D qdgralloc: GetYUVPlaneInfo: Invalid format passed: 0x21
03-15 18:42:45.117  6349  6403 D qdgralloc: GetYUVPlaneInfo: Invalid format passed: 0x21
03-15 18:42:45.117  6349  6403 D qdgralloc: GetYUVPlaneInfo: Invalid format passed: 0x21
03-15 18:42:45.117  6349  6403 D qdgralloc: GetYUVPlaneInfo: Invalid format passed: 0x21
03-15 18:42:45.117  6349  6403 D qdgralloc: GetYUVPlaneInfo: Invalid format passed: 0x21
03-15 18:42:45.117  6349  6403 D qdgralloc: GetYUVPlaneInfo: Invalid format passed: 0x21
03-15 18:42:45.117  6349  6403 D qdgralloc: GetYUVPlaneInfo: Invalid format passed: 0x21
03-15 18:42:45.118  6349  6403 D qdgralloc: GetYUVPlaneInfo: Invalid format passed: 0x21
03-15 18:42:45.118  6349  6403 D qdgralloc: GetYUVPlaneInfo: Invalid format passed: 0x21
03-15 18:42:45.118  6349  6403 D qdgralloc: GetYUVPlaneInfo: Invalid format passed: 0x21
03-15 18:42:45.118  6349  6403 D qdgralloc: GetYUVPlaneInfo: Invalid format passed: 0x21
03-15 18:42:45.118  6349  6403 D qdgralloc: GetYUVPlaneInfo: Invalid format passed: 0x21
03-15 18:42:45.118  6349  6403 D qdgralloc: GetYUVPlaneInfo: Invalid format passed: 0x21
03-15 18:42:45.118  6349  6403 D qdgralloc: GetYUVPlaneInfo: Invalid format passed: 0x21
03-15 18:42:45.118  6349  6403 D qdgralloc: GetYUVPlaneInfo: Invalid format passed: 0x21
03-15 18:42:45.118  6349  6403 D qdgralloc: GetYUVPlaneInfo: Invalid format passed: 0x21
03-15 18:42:45.118  6349  6403 D qdgralloc: GetYUVPlaneInfo: Invalid format passed: 0x21
03-15 18:42:45.118  6349  6403 D qdgralloc: GetYUVPlaneInfo: Invalid format passed: 0x21
03-15 18:42:45.118  6349  6403 D qdgralloc: GetYUVPlaneInfo: Invalid format passed: 0x21
03-15 18:42:45.118  6349  6403 D qdgralloc: GetYUVPlaneInfo: Invalid format passed: 0x21
03-15 18:42:45.118  6349  6403 D qdgralloc: GetYUVPlaneInfo: Invalid format passed: 0x21
03-15 18:42:45.118  6349  6403 D qdgralloc: GetYUVPlaneInfo: Invalid format passed: 0x21
03-15 18:42:45.118  6349  6403 D qdgralloc: GetYUVPlaneInfo: Invalid format passed: 0x21
03-15 18:42:45.118  6349  6403 D qdgralloc: GetYUVPlaneInfo: Invalid format passed: 0x21
03-15 18:42:45.118  6349  6403 D qdgralloc: GetYUVPlaneInfo: Invalid format passed: 0x21
03-15 18:42:45.118  6349  6403 D qdgralloc: GetYUVPlaneInfo: Invalid format passed: 0x21
03-15 18:42:45.118  6349  6403 D qdgralloc: GetYUVPlaneInfo: Invalid format passed: 0x21
03-15 18:42:45.118  6349  6403 D qdgralloc: GetYUVPlaneInfo: Invalid format passed: 0x21
03-15 18:42:45.118  6349  6403 D qdgralloc: GetYUVPlaneInfo: Invalid format passed: 0x21
03-15 18:42:45.118  6349  6403 D qdgralloc: GetYUVPlaneInfo: Invalid format passed: 0x21
03-15 18:42:45.118  6349  6403 D qdgralloc: GetYUVPlaneInfo: Invalid format passed: 0x21
03-15 18:42:45.118  6349  6403 D qdgralloc: GetYUVPlaneInfo: Invalid format passed: 0x21
03-15 18:42:45.124  6349  6403 I APi2 info : : CaptureResult.Key(android.statistics.faces) <=> [ ]
03-15 18:42:45.127  6349  6403 I APi2 info : : CaptureResult.Key(android.control.aeRegions) <=> [ (x:0, y:0, w:0, h:0, wt:0)]
03-15 18:42:45.128  6349  6403 I APi2 info : : CaptureResult.Key(android.control.awbRegions) <=> [ (x:0, y:0, w:0, h:0, wt:0)]
03-15 18:42:45.128  6349  6403 I APi2 info : : CaptureResult.Key(android.control.afRegions) <=> [ (x:1734, y:1164, w:1156, h:1160, wt:0)]
03-15 18:42:45.128  6349  6403 I APi2 info : : CaptureResult.Key(android.scaler.cropRegion) <=> Rect(0, 0 - 4624, 3472)
03-15 18:42:45.128  6349  6403 I APi2 info : : CaptureResult.Key(android.statistics.oisDataMode) <=> <null>
03-15 18:42:45.128  6349  6403 I APi2 info : : CaptureResult.Key(android.lens.distortion) <=> [ 0.0, 0.0, 0.0, 0.0, 0.0]
03-15 18:42:45.128  6349  6403 I APi2 info : : CaptureResult.Key(android.lens.intrinsicCalibration) <=> [ 3393.7498, 3393.7498, 0.0, 0.0, 0.0]
03-15 18:42:45.128  6349  6403 I APi2 info : : CaptureResult.Key(android.lens.poseRotation) <=> [ 0.0, 0.0, 0.0, 1.0]
03-15 18:42:45.128  6349  6403 I APi2 info : : CaptureResult.Key(android.lens.poseTranslation) <=> [ 0.0, 0.0, 0.0]
03-15 18:42:45.128  6349  6403 I APi2 info : : CaptureResult.Key(android.sensor.exposureTime) <=> 30000000
03-15 18:42:45.128  6349  6403 I APi2 info : : CaptureResult.Key(android.sensor.sensitivity) <=> 196
03-15 18:42:45.128  6349  6403 D Deez IN ISO: 196
03-15 18:42:45.128  6349  6403 I APi2 info : : CaptureResult.Key(android.control.postRawSensitivityBoost) <=> 100
03-15 18:42:45.129  6349  6403 I APi2 info : : CaptureResult.Key(android.flash.mode) <=> 0
03-15 18:42:45.129  6349  6403 I APi2 info : : CaptureResult.Key(android.colorCorrection.gains) <=> RggbChannelVector{R:2,093750, G_even:1,000000, G_odd:1,000000, B:1,367188}
03-15 18:42:45.129  6349  6403 I APi2 info : : CaptureResult.Key(android.colorCorrection.transform) <=> ColorSpaceTransform([128/128, 0/128, 0/128], [0/128, 128/128, 0/128], [0/128, 0/128, 128/128])
03-15 18:42:45.130  6349  6403 I APi2 info : : CaptureResult.Key(android.sensor.sensitivity) <=> 196
03-15 18:42:45.130  6349  6403 I APi2 info : : CaptureResult.Key(android.sensor.neutralColorPoint) <=> [ 489/1024, 1/1, 375/512]
03-15 18:42:45.130  6349  6403 I APi2 info : : CaptureResult.Key(android.blackLevel.lock) <=> false
03-15 18:42:45.130  6349  6403 I APi2 info : : CaptureResult.Key(android.sensor.timestamp) <=> 2986155151147513
03-15 18:42:45.130  6349  6403 I APi2 info : : CaptureResult.Key(android.statistics.sceneFlicker) <=> 1
03-15 18:42:45.130  6349  6403 I APi2 info : : CaptureResult.Key(android.sensor.noiseProfile) <=> [ Pair{1.0242258139999999E-4 2.44814858224E-7}, Pair{1.0242258139999999E-4 2.44814858224E-7}, Pair{1.0242258139999999E-4 2.44814858224E-7}, Pair{1.0242258139999999E-4 2.44814858224E-7}]
03-15 18:42:45.138  6349  6467 I APi2 info : : CaptureResult.Key(android.scaler.cropRegion) <=> Rect(0, 0 - 4624, 3472)
03-15 18:42:45.138  6349  6467 I APi2 info : : CaptureResult.Key(android.control.aeState) <=> 1
03-15 18:42:45.138  6349  6467 I APi2 info : : CaptureResult.Key(android.lens.focusDistance) <=> 1.7647059
03-15 18:42:45.138  6349  6467 I APi2 info : : CaptureResult.Key(android.lens.focusRange) <=> Pair{0.1 10.0}
03-15 18:42:45.138  6349  6467 I APi2 info : : CaptureResult.Key(android.statistics.faces) <=> [ ]
03-15 18:42:45.138  6349  6467 I APi2 info : : CaptureResult.Key(android.scaler.cropRegion) <=> Rect(0, 0 - 4624, 3472)
03-15 18:42:45.138  6349  6467 I APi2 info : : CaptureResult.Key(android.sensor.frameDuration) <=> 33333333
03-15 18:42:45.139  6349  6467 I APi2 info : : CaptureResult.Key(android.control.aeMode) <=> 1
03-15 18:42:45.139  6349  6467 I APi2 info : : CaptureResult.Key(android.control.aeState) <=> 1
03-15 18:42:45.139  6349  6467 I APi2 info : : CaptureResult.Key(android.control.afMode) <=> 4
03-15 18:42:45.139  6349  6467 I APi2 info : : CaptureResult.Key(android.control.afMode) <=> 4
03-15 18:42:45.139  6349  6467 I APi2 info : : CaptureResult.Key(android.control.afState) <=> 2
03-15 18:42:45.139  6349  6467 I APi2 info : : CaptureResult.Key(android.lens.focusDistance) <=> 1.7647059
03-15 18:42:45.139  6349  6467 I APi2 info : : CaptureResult.Key(android.control.afMode) <=> 4
03-15 18:42:45.139  6349  6566 I APi2 info : : CaptureResult.Key(android.logicalMultiCamera.activePhysicalId) <=> <null>
03-15 18:42:45.139  6349  6467 I APi2 info : : CaptureResult.Key(android.control.afRegions) <=> [ (x:1734, y:1164, w:1156, h:1160, wt:0)]
03-15 18:42:45.139  6349  6566 I APi2 info : : CaptureResult.Key(android.statistics.oisSamples) <=> <null>
03-15 18:42:45.139  6349  6566 E OisListener: Null pointer for OIS data. OIS API version: 2
03-15 18:42:45.139  6349  6467 I APi2 info : : CaptureResult.Key(android.statistics.faces) <=> [ ]
03-15 18:42:45.139  6349  6467 I APi2 info : : CaptureResult.Key(android.statistics.faces) <=> [ ]
03-15 18:42:45.139  6349  6467 I APi2 info : : CaptureResult.Key(android.control.afRegions) <=> [ (x:1734, y:1164, w:1156, h:1160, wt:0)]
03-15 18:42:45.139  6349  6467 I APi2 info : : CaptureResult.Key(android.statistics.faces) <=> [ ]
03-15 18:42:45.139  6349  6467 I APi2 info : : CaptureResult.Key(android.scaler.cropRegion) <=> Rect(0, 0 - 4624, 3472)
03-15 18:42:45.139  6349  6467 I APi2 info : : CaptureResult.Key(android.scaler.cropRegion) <=> Rect(0, 0 - 4624, 3472)
03-15 18:42:45.139  6349  6467 I APi2 info : : CaptureResult.Key(android.control.afRegions) <=> [ (x:1734, y:1164, w:1156, h:1160, wt:0)]
03-15 18:42:45.139  6349  6467 I APi2 info : : CaptureResult.Key(android.statistics.faces) <=> [ ]
03-15 18:42:45.139  6349  6467 I APi2 info : : CaptureResult.Key(android.statistics.faces) <=> [ ]
03-15 18:42:45.139  6349  6467 I APi2 info : : CaptureResult.Key(android.control.afRegions) <=> [ (x:1734, y:1164, w:1156, h:1160, wt:0)]
03-15 18:42:45.139  6349  6467 I APi2 info : : CaptureResult.Key(android.statistics.faces) <=> [ ]
03-15 18:42:45.139  6349  6467 I APi2 info : : CaptureResult.Key(android.scaler.cropRegion) <=> Rect(0, 0 - 4624, 3472)
03-15 18:42:45.139  6349  6467 I APi2 info : : CaptureResult.Key(android.sensor.timestamp) <=> 2986155184476992
03-15 18:42:45.140  6349  6467 I APi2 info : : CaptureResult.Key(android.sensor.timestamp) <=> 2986155184476992
03-15 18:42:45.140  6349  6467 I APi2 info : : CaptureResult.Key(android.sensor.frameDuration) <=> 33333333
03-15 18:42:45.140  6349  6467 I APi2 info : : CaptureResult.Key(android.colorCorrection.gains) <=> RggbChannelVector{R:2,078125, G_even:1,000000, G_odd:1,000000, B:1,375000}
03-15 18:42:45.140  6349  6467 I APi2 info : : CaptureResult.Key(android.colorCorrection.transform) <=> ColorSpaceTransform([128/128, 0/128, 0/128], [0/128, 128/128, 0/128], [0/128, 0/128, 128/128])
03-15 18:42:45.140  6349  6467 I APi2 info : : CaptureResult.Key(android.control.aeRegions) <=> [ (x:0, y:0, w:0, h:0, wt:0)]
03-15 18:42:45.140  6349  6467 I APi2 info : : CaptureResult.Key(android.control.aeState) <=> 1
03-15 18:42:45.140  6349  6467 I APi2 info : : CaptureResult.Key(android.control.afState) <=> 2
03-15 18:42:45.140  6349  6467 I APi2 info : : CaptureResult.Key(android.control.afMode) <=> 4
03-15 18:42:45.140  6349  6467 I APi2 info : : CaptureResult.Key(android.logicalMultiCamera.activePhysicalId) <=> <null>
03-15 18:42:45.141  6349  6349 I APi2 info : : CaptureResult.Key(android.sensor.exposureTime) <=> 30000000
03-15 18:42:45.141  6349  6349 I APi2 info : : CaptureResult.Key(android.control.postRawSensitivityBoost) <=> 100
03-15 18:42:45.141  6349  6349 I APi2 info : : CaptureResult.Key(android.sensor.sensitivity) <=> 191
03-15 18:42:45.144  6349  6467 I APi2 info : : CaptureResult.Key(android.scaler.cropRegion) <=> <null>
03-15 18:42:45.156  6349  6403 I APi2 info : : CaptureResult.Key(android.lens.focusDistance) <=> 1.7391305
03-15 18:42:45.156  6349  6403 I APi2 info : : CaptureResult.Key(android.lens.focalLength) <=> 5.43
03-15 18:42:45.156  6349  6403 I APi2 info : : CaptureResult.Key(android.lens.aperture) <=> 1.89
03-15 18:42:45.156  6349  6403 I APi2 info : : CaptureResult.Key(android.control.mode) <=> 2
03-15 18:42:45.156  6349  6403 I APi2 info : : CaptureResult.Key(android.control.aeMode) <=> 1
03-15 18:42:45.156  6349  6403 I APi2 info : : CaptureResult.Key(android.control.aeLock) <=> false
03-15 18:42:45.156  6349  6403 I APi2 info : : CaptureResult.Key(android.control.aeState) <=> 1
03-15 18:42:45.156  6349  6403 I APi2 info : : CaptureResult.Key(android.control.aePrecaptureTrigger) <=> 0
03-15 18:42:45.156  6349  6403 I APi2 info : : CaptureResult.Key(android.control.aeExposureCompensation) <=> 0
03-15 18:42:45.158  6349  6403 I APi2 info : : CaptureResult.Key(android.control.awbMode) <=> 1
03-15 18:42:45.158  6349  6403 I APi2 info : : CaptureResult.Key(android.control.awbLock) <=> false
03-15 18:42:45.158  6349  6403 I APi2 info : : CaptureResult.Key(android.control.awbState) <=> 2
03-15 18:42:45.158  6349  6403 I APi2 info : : CaptureResult.Key(android.control.afMode) <=> 4
03-15 18:42:45.158  6349  6403 I APi2 info : : CaptureResult.Key(android.control.afState) <=> 2
03-15 18:42:45.158  6349  6403 I APi2 info : : CaptureResult.Key(android.control.afTrigger) <=> 0
03-15 18:42:45.158  6349  6403 I APi2 info : : CaptureResult.Key(android.lens.state) <=> 1
03-15 18:42:45.158  6349  6403 I APi2 info : : CaptureResult.Key(android.statistics.lensShadingCorrectionMap) <=> LensShadingMap{R:([4.135742, 3.859375, 3.4765625, 3.1708984, 2.8115234, 2.600586, 2.4541016, 2.3310547, 2.3457031, 2.3632812, 2.4658203, 2.6259766, 2.850586, 3.1240234, 3.5429688, 3.9277344, 4.381836], [3.8271484, 3.5478516, 3.178711, 2.7753906, 2.4638672, 2.2558594, 2.0966797, 1.9833984, 1.9628906, 1.9951172, 2.100586, 2.2783203, 2.5048828, 2.772461, 3.194336, 3.6884766, 4.248047], [3.7216797, 3.3310547, 2.8652344, 2.4882812, 2.203125, 1.9755859, 1.7929688, 1.6777344, 1.6376953, 1.6767578, 1.7998047, 1.9931641, 2.2333984, 2.5371094, 2.9277344, 3.421875, 3.9941406], [3.7041016, 3.116211, 2.6279297, 2.2705078, 1.9794922, 1.7226562, 1.53125, 1.4072266, 1.3632812, 1.4150391, 1.5410156, 1.7441406, 1.9970703, 2.3066406, 2.6777344, 3.165039, 3.7041016], [3.461914, 2.9121094, 2.4570312, 2.1054688, 1.7958984, 1.5244141, 1.3300781, 1.2109375, 1.1660156, 1.2119141, 1.3359375, 1.5341797, 1.8046875, 2.125, 2.491211, 2.9648438, 3.5048828], [3.3300781, 2.805664, 2.3613281, 2.015625, 1.6845703, 1.4072266, 1.2109375, 1.0957031, 1.0576172, 1.1005859, 1.21875, 1.4199219, 1.6972656, 2.0166016, 2.3955078, 2.8652344, 3.381836], [3.2734375, 2.7480469, 2.3232422, 1.9863281, 1.6513672, 1.3740234, 1.1699219, 1.0615234, 1.0283203, 1.0673828, 1.1855469, 1.3867188, 1.6630859, 1.9824219, 2.3798828, 2.852539, 3.3789062], [3.3164062, 2.774414, 2.3203125, 1.9990234, 1.6767578, 1.4003906, 1.2050781, 1.0986328, 1.0625, 1.1025391, 1.2167969, 1.4140625, 1.6875, 2.008789, 2.4042969, 2.8457031, 3.3105469], [3.3330078, 2.8330078, 2.4013672, 2.0878906, 1.7832031, 1.5166016, 1.3349609, 1.2207031, 1.1787109, 1.2236328, 1.3378906, 1.5283203, 1.8017578, 2.1240234, 2.4902344, 2.9345703, 3.4101562], [3.6191406, 3.038086, 2.5839844, 2.2558594, 1.9648438, 1.7177734, 1.5390625, 1.4228516, 1.3828125, 1.4228516, 1.5429688, 1.7392578, 1.9931641, 2.3046875, 2.6689453, 3.1396484, 3.6894531], [3.8300781, 3.2871094, 2.8339844, 2.4794922, 2.1982422, 1.9716797, 1.8007812, 1.6894531, 1.6582031, 1.6953125, 1.8056641, 1.9804688, 2.2158203, 2.515625, 2.9052734, 3.3896484, 3.8857422], [3.8710938, 3.506836, 3.1464844, 2.7919922, 2.5058594, 2.2734375, 2.1201172, 2.0166016, 1.9882812, 2.0273438, 2.1054688, 2.2626953, 2.4980469, 2.828125, 3.2597656, 3.725586, 4.1865234], [3.9199219, 3.6728516, 3.5429688, 3.1777344, 2.8964844, 2.6259766, 2.4794922, 2.4570312, 2.3623047, 2.4804688, 2.515625, 2.6240234, 2.9365234, 3.290039, 3.7548828, 4.1572266, 4.5585938]), G_even:([3.7958984, 3.4589844, 3.1533203, 2.8261719, 2.5302734, 2.3291016, 2.194336, 2.1103516, 2.0859375, 2.109375, 2.194336, 2.3320312, 2.5429688, 2.8291016, 3.1503906, 3.4472656, 3.7519531], [3.5996094, 3.1884766, 2.8076172, 2.4707031, 2.2148438, 2.0292969, 1.8945312, 1.8085938, 1.7783203, 1.8037109, 1.8945312, 2.0351562, 2.2246094, 2.4873047, 2.819336, 3.1816406, 3.5449219], [3.4648438, 2.96875, 2.5410156, 2.2236328, 1.9853516, 1.7919922, 1.6445312, 1.546875, 1.5126953, 1.5449219, 1.6416016, 1.7939453, 1.9931641, 2.241211, 2.5673828, 2.96875, 3.4013672], [3.2773438, 2.7617188, 2.3378906, 2.040039, 1.7958984, 1.5888672, 1.4277344, 1.3242188, 1.2890625, 1.3251953, 1.4277344, 1.5927734, 1.8056641, 2.0595703, 2.368164, 2.7783203, 3.2460938], [3.100586, 2.5878906, 2.1894531, 1.8994141, 1.6425781, 1.4228516, 1.2597656, 1.1572266, 1.1240234, 1.1582031, 1.2607422, 1.4267578, 1.6503906, 1.9169922, 2.2246094, 2.616211, 3.0771484], [2.9970703, 2.5058594, 2.118164, 1.8222656, 1.5537109, 1.328125, 1.1640625, 1.0664062, 1.0361328, 1.0673828, 1.1650391, 1.3330078, 1.5634766, 1.8408203, 2.1513672, 2.5371094, 2.991211], [2.9580078, 2.4921875, 2.1083984, 1.8066406, 1.5341797, 1.3027344, 1.1386719, 1.0429688, 1.0117188, 1.0449219, 1.1416016, 1.3076172, 1.5429688, 1.8242188, 2.1386719, 2.5253906, 2.9677734], [3.0175781, 2.5214844, 2.131836, 1.8349609, 1.5654297, 1.3349609, 1.1689453, 1.0722656, 1.0419922, 1.0732422, 1.1728516, 1.3417969, 1.5742188, 1.8525391, 2.1689453, 2.5566406, 2.9960938], [3.1279297, 2.6191406, 2.2148438, 1.9208984, 1.6640
03-15 18:42:45.159  6349  6403 I APi2 info : : CaptureResult.Key(android.control.aeExposureCompensation) <=> 0
03-15 18:42:45.159  6349  6403 I APi2 info : : CaptureResult.Key(android.scaler.cropRegion) <=> Rect(0, 0 - 4624, 3472)
03-15 18:42:45.159  6349  6403 I APi2 info : : CaptureResult.Key(android.control.aeRegions) <=> [ (x:0, y:0, w:0, h:0, wt:0)]
03-15 18:42:45.159  6349  6403 I APi2 info : : CaptureResult.Key(android.scaler.cropRegion) <=> Rect(0, 0 - 4624, 3472)
03-15 18:42:45.172  6349  6467 I APi2 info : : CaptureResult.Key(android.scaler.cropRegion) <=> <null>
03-15 18:42:45.172  6349  6467 I APi2 info : : CaptureResult.Key(android.scaler.cropRegion) <=> Rect(0, 0 - 4624, 3472)
03-15 18:42:45.172  6349  6467 I APi2 info : : CaptureResult.Key(android.control.aeState) <=> 2
03-15 18:42:45.172  6349  6467 I APi2 info : : CaptureResult.Key(android.lens.focusDistance) <=> 1.7910447
03-15 18:42:45.172  6349  6467 I APi2 info : : CaptureResult.Key(android.lens.focusRange) <=> Pair{0.1 10.0}
03-15 18:42:45.173  6349  6467 I APi2 info : : CaptureResult.Key(android.statistics.faces) <=> [ ]
03-15 18:42:45.173  6349  6467 I APi2 info : : CaptureResult.Key(android.scaler.cropRegion) <=> Rect(0, 0 - 4624, 3472)
03-15 18:42:45.173  6349  6467 I APi2 info : : CaptureResult.Key(android.sensor.frameDuration) <=> 33333333
03-15 18:42:45.173  6349  6467 I APi2 info : : CaptureResult.Key(android.control.aeMode) <=> 1
03-15 18:42:45.173  6349  6467 I APi2 info : : CaptureResult.Key(android.control.aeState) <=> 2
03-15 18:42:45.173  6349  6467 I APi2 info : : CaptureResult.Key(android.control.afMode) <=> 4
03-15 18:42:45.173  6349  6467 I APi2 info : : CaptureResult.Key(android.control.afMode) <=> 4
03-15 18:42:45.173  6349  6467 I APi2 info : : CaptureResult.Key(android.control.afState) <=> 2
03-15 18:42:45.173  6349  6566 I APi2 info : : CaptureResult.Key(android.logicalMultiCamera.activePhysicalId) <=> <null>
03-15 18:42:45.173  6349  6467 I APi2 info : : CaptureResult.Key(android.lens.focusDistance) <=> 1.7910447
03-15 18:42:45.173  6349  6566 I APi2 info : : CaptureResult.Key(android.statistics.oisSamples) <=> <null>
03-15 18:42:45.173  6349  6566 E OisListener: Null pointer for OIS data. OIS API version: 2
03-15 18:42:45.173  6349  6467 I APi2 info : : CaptureResult.Key(android.control.afMode) <=> 4
03-15 18:42:45.173  6349  6467 I APi2 info : : CaptureResult.Key(android.control.afRegions) <=> [ (x:1734, y:1164, w:1156, h:1160, wt:0)]
03-15 18:42:45.173  6349  6467 I APi2 info : : CaptureResult.Key(android.statistics.faces) <=> [ ]
03-15 18:42:45.173  6349  6467 I APi2 info : : CaptureResult.Key(android.statistics.faces) <=> [ ]
03-15 18:42:45.173  6349  6467 I APi2 info : : CaptureResult.Key(android.control.afRegions) <=> [ (x:1734, y:1164, w:1156, h:1160, wt:0)]
03-15 18:42:45.174  6349  6467 I APi2 info : : CaptureResult.Key(android.statistics.faces) <=> [ ]
03-15 18:42:45.174  6349  6467 I APi2 info : : CaptureResult.Key(android.scaler.cropRegion) <=> Rect(0, 0 - 4624, 3472)
03-15 18:42:45.174  6349  6467 I APi2 info : : CaptureResult.Key(android.scaler.cropRegion) <=> Rect(0, 0 - 4624, 3472)
03-15 18:42:45.174  6349  6467 I APi2 info : : CaptureResult.Key(android.control.afRegions) <=> [ (x:1734, y:1164, w:1156, h:1160, wt:0)]
03-15 18:42:45.174  6349  6467 I APi2 info : : CaptureResult.Key(android.statistics.faces) <=> [ ]
03-15 18:42:45.174  6349  6467 I APi2 info : : CaptureResult.Key(android.statistics.faces) <=> [ ]
03-15 18:42:45.174  6349  6467 I APi2 info : : CaptureResult.Key(android.control.afRegions) <=> [ (x:1734, y:1164, w:1156, h:1160, wt:0)]
03-15 18:42:45.174  6349  6467 I APi2 info : : CaptureResult.Key(android.statistics.faces) <=> [ ]
03-15 18:42:45.174  6349  6467 I APi2 info : : CaptureResult.Key(android.scaler.cropRegion) <=> Rect(0, 0 - 4624, 3472)
03-15 18:42:45.174  6349  6467 I APi2 info : : CaptureResult.Key(android.sensor.timestamp) <=> 2986155217806367
03-15 18:42:45.174  6349  6467 I APi2 info : : CaptureResult.Key(android.sensor.timestamp) <=> 2986155217806367
03-15 18:42:45.174  6349  6467 I APi2 info : : CaptureResult.Key(android.sensor.frameDuration) <=> 33333333
03-15 18:42:45.174  6349  6467 I APi2 info : : CaptureResult.Key(android.colorCorrection.gains) <=> RggbChannelVector{R:2,070313, G_even:1,000000, G_odd:1,000000, B:1,382813}
03-15 18:42:45.174  6349  6467 I APi2 info : : CaptureResult.Key(android.colorCorrection.transform) <=> ColorSpaceTransform([128/128, 0/128, 0/128], [0/128, 128/128, 0/128], [0/128, 0/128, 128/128])
03-15 18:42:45.174  6349  6467 I APi2 info : : CaptureResult.Key(android.control.aeRegions) <=> [ (x:0, y:0, w:0, h:0, wt:0)]
03-15 18:42:45.175  6349  6467 I APi2 info : : CaptureResult.Key(android.control.aeState) <=> 2
03-15 18:42:45.175  6349  6467 I APi2 info : : CaptureResult.Key(android.control.afState) <=> 2
03-15 18:42:45.175  6349  6467 I APi2 info : : CaptureResult.Key(android.control.afMode) <=> 4
03-15 18:42:45.175  6349  6467 I APi2 info : : CaptureResult.Key(android.logicalMultiCamera.activePhysicalId) <=> <null>
03-15 18:42:45.205  6349  6467 I APi2 info : : CaptureResult.Key(android.scaler.cropRegion) <=> <null>
03-15 18:42:45.207  6349  6467 I APi2 info : : CaptureResult.Key(android.scaler.cropRegion) <=> Rect(0, 0 - 4624, 3472)
03-15 18:42:45.207  6349  6467 I APi2 info : : CaptureResult.Key(android.control.aeState) <=> 2
03-15 18:42:45.208  6349  6467 I APi2 info : : CaptureResult.Key(android.lens.focusDistance) <=> 1.8181818
03-15 18:42:45.208  6349  6467 I APi2 info : : CaptureResult.Key(android.lens.focusRange) <=> Pair{0.1 10.0}
03-15 18:42:45.208  6349  6467 I APi2 info : : CaptureResult.Key(android.statistics.faces) <=> [ ]
03-15 18:42:45.208  6349  6467 I APi2 info : : CaptureResult.Key(android.scaler.cropRegion) <=> Rect(0, 0 - 4624, 3472)
03-15 18:42:45.208  6349  6467 I APi2 info : : CaptureResult.Key(android.sensor.frameDuration) <=> 33333333
03-15 18:42:45.208  6349  6467 I APi2 info : : CaptureResult.Key(android.control.aeMode) <=> 1
03-15 18:42:45.208  6349  6467 I APi2 info : : CaptureResult.Key(android.control.aeState) <=> 2
03-15 18:42:45.208  6349  6467 I APi2 info : : CaptureResult.Key(android.control.afMode) <=> 4
03-15 18:42:45.208  6349  6566 I APi2 info : : CaptureResult.Key(android.logicalMultiCamera.activePhysicalId) <=> <null>
03-15 18:42:45.208  6349  6467 I APi2 info : : CaptureResult.Key(android.control.afMode) <=> 4
03-15 18:42:45.208  6349  6566 I APi2 info : : CaptureResult.Key(android.statistics.oisSamples) <=> <null>
03-15 18:42:45.208  6349  6566 E OisListener: Null pointer for OIS data. OIS API version: 2
03-15 18:42:45.209  6349  6467 I APi2 info : : CaptureResult.Key(android.control.afState) <=> 2
03-15 18:42:45.209  6349  6467 I APi2 info : : CaptureResult.Key(android.lens.focusDistance) <=> 1.8181818
03-15 18:42:45.209  6349  6467 I APi2 info : : CaptureResult.Key(android.control.afMode) <=> 4
03-15 18:42:45.209  6349  6467 I APi2 info : : CaptureResult.Key(android.control.afRegions) <=> [ (x:1734, y:1164, w:1156, h:1160, wt:0)]
03-15 18:42:45.209  6349  6467 I APi2 info : : CaptureResult.Key(android.statistics.faces) <=> [ ]
03-15 18:42:45.209  6349  6467 I APi2 info : : CaptureResult.Key(android.statistics.faces) <=> [ ]
03-15 18:42:45.210  6349  6467 I APi2 info : : CaptureResult.Key(android.control.afRegions) <=> [ (x:1734, y:1164, w:1156, h:1160, wt:0)]
03-15 18:42:45.210  6349  6467 I APi2 info : : CaptureResult.Key(android.statistics.faces) <=> [ ]
03-15 18:42:45.210  6349  6467 I APi2 info : : CaptureResult.Key(android.scaler.cropRegion) <=> Rect(0, 0 - 4624, 3472)
03-15 18:42:45.210  6349  6467 I APi2 info : : CaptureResult.Key(android.scaler.cropRegion) <=> Rect(0, 0 - 4624, 3472)
03-15 18:42:45.210  6349  6467 I APi2 info : : CaptureResult.Key(android.control.afRegions) <=> [ (x:1734, y:1164, w:1156, h:1160, wt:0)]
03-15 18:42:45.210  6349  6467 I APi2 info : : CaptureResult.Key(android.statistics.faces) <=> [ ]
03-15 18:42:45.210  6349  6467 I APi2 info : : CaptureResult.Key(android.statistics.faces) <=> [ ]
03-15 18:42:45.210  6349  6467 I APi2 info : : CaptureResult.Key(android.control.afRegions) <=> [ (x:1734, y:1164, w:1156, h:1160, wt:0)]
03-15 18:42:45.210  6349  6467 I APi2 info : : CaptureResult.Key(android.statistics.faces) <=> [ ]
03-15 18:42:45.210  6349  6467 I APi2 info : : CaptureResult.Key(android.scaler.cropRegion) <=> Rect(0, 0 - 4624, 3472)
03-15 18:42:45.210  6349  6467 I APi2 info : : CaptureResult.Key(android.sensor.timestamp) <=> 2986155251135794
03-15 18:42:45.210  6349  6467 I APi2 info : : CaptureResult.Key(android.sensor.timestamp) <=> 2986155251135794
03-15 18:42:45.210  6349  6467 I APi2 info : : CaptureResult.Key(android.sensor.frameDuration) <=> 33333333
03-15 18:42:45.211  6349  6467 I APi2 info : : CaptureResult.Key(android.colorCorrection.gains) <=> RggbChannelVector{R:2,062500, G_even:1,000000, G_odd:1,000000, B:1,390625}
03-15 18:42:45.211  6349  6467 I APi2 info : : CaptureResult.Key(android.colorCorrection.transform) <=> ColorSpaceTransform([128/128, 0/128, 0/128], [0/128, 128/128, 0/128], [0/128, 0/128, 128/128])
03-15 18:42:45.211  6349  6467 I APi2 info : : CaptureResult.Key(android.control.aeRegions) <=> [ (x:0, y:0, w:0, h:0, wt:0)]
03-15 18:42:45.211  6349  6467 I APi2 info : : CaptureResult.Key(android.control.aeState) <=> 2
03-15 18:42:45.211  6349  6467 I APi2 info : : CaptureResult.Key(android.control.afState) <=> 2
03-15 18:42:45.211  6349  6467 I APi2 info : : CaptureResult.Key(android.control.afMode) <=> 4
03-15 18:42:45.211  6349  6467 I APi2 info : : CaptureResult.Key(android.logicalMultiCamera.activePhysicalId) <=> <null>
03-15 18:42:45.237  6349  6467 I APi2 info : : CaptureResult.Key(android.scaler.cropRegion) <=> <null>
03-15 18:42:45.241  6349  6467 I APi2 info : : CaptureResult.Key(android.scaler.cropRegion) <=> Rect(0, 0 - 4624, 3472)
03-15 18:42:45.241  6349  6467 I APi2 info : : CaptureResult.Key(android.control.aeState) <=> 2
03-15 18:42:45.241  6349  6467 I APi2 info : : CaptureResult.Key(android.lens.focusDistance) <=> 1.7910447
03-15 18:42:45.241  6349  6467 I APi2 info : : CaptureResult.Key(android.lens.focusRange) <=> Pair{0.1 10.0}
03-15 18:42:45.241  6349  6467 I APi2 info : : CaptureResult.Key(android.statistics.faces) <=> [ ]
03-15 18:42:45.241  6349  6467 I APi2 info : : CaptureResult.Key(android.scaler.cropRegion) <=> Rect(0, 0 - 4624, 3472)
03-15 18:42:45.241  6349  6467 I APi2 info : : CaptureResult.Key(android.sensor.frameDuration) <=> 33333333
03-15 18:42:45.242  6349  6467 I APi2 info : : CaptureResult.Key(android.control.aeMode) <=> 1
03-15 18:42:45.242  6349  6467 I APi2 info : : CaptureResult.Key(android.control.aeState) <=> 2
03-15 18:42:45.242  6349  6467 I APi2 info : : CaptureResult.Key(android.control.afMode) <=> 4
03-15 18:42:45.242  6349  6467 I APi2 info : : CaptureResult.Key(android.control.afMode) <=> 4
03-15 18:42:45.242  6349  6566 I APi2 info : : CaptureResult.Key(android.logicalMultiCamera.activePhysicalId) <=> <null>
03-15 18:42:45.242  6349  6467 I APi2 info : : CaptureResult.Key(android.control.afState) <=> 2
03-15 18:42:45.242  6349  6566 I APi2 info : : CaptureResult.Key(android.statistics.oisSamples) <=> <null>
03-15 18:42:45.242  6349  6566 E OisListener: Null pointer for OIS data. OIS API version: 2
03-15 18:42:45.242  6349  6467 I APi2 info : : CaptureResult.Key(android.lens.focusDistance) <=> 1.7910447
03-15 18:42:45.242  6349  6467 I APi2 info : : CaptureResult.Key(android.control.afMode) <=> 4
03-15 18:42:45.242  6349  6467 I APi2 info : : CaptureResult.Key(android.control.afRegions) <=> [ (x:1734, y:1164, w:1156, h:1160, wt:0)]
03-15 18:42:45.242  6349  6467 I APi2 info : : CaptureResult.Key(android.statistics.faces) <=> [ ]
03-15 18:42:45.242  6349  6467 I APi2 info : : CaptureResult.Key(android.statistics.faces) <=> [ ]
03-15 18:42:45.242  6349  6467 I APi2 info : : CaptureResult.Key(android.control.afRegions) <=> [ (x:1734, y:1164, w:1156, h:1160, wt:0)]
03-15 18:42:45.242  6349  6467 I APi2 info : : CaptureResult.Key(android.statistics.faces) <=> [ ]
03-15 18:42:45.243  6349  6467 I APi2 info : : CaptureResult.Key(android.scaler.cropRegion) <=> Rect(0, 0 - 4624, 3472)
03-15 18:42:45.243  6349  6467 I APi2 info : : CaptureResult.Key(android.scaler.cropRegion) <=> Rect(0, 0 - 4624, 3472)
03-15 18:42:45.243  6349  6467 I APi2 info : : CaptureResult.Key(android.control.afRegions) <=> [ (x:1734, y:1164, w:1156, h:1160, wt:0)]
03-15 18:42:45.243  6349  6467 I APi2 info : : CaptureResult.Key(android.statistics.faces) <=> [ ]
03-15 18:42:45.243  6349  6467 I APi2 info : : CaptureResult.Key(android.statistics.faces) <=> [ ]
03-15 18:42:45.243  6349  6467 I APi2 info : : CaptureResult.Key(android.control.afRegions) <=> [ (x:1734, y:1164, w:1156, h:1160, wt:0)]
03-15 18:42:45.243  6349  6467 I APi2 info : : CaptureResult.Key(android.statistics.faces) <=> [ ]
03-15 18:42:45.243  6349  6467 I APi2 info : : CaptureResult.Key(android.scaler.cropRegion) <=> Rect(0, 0 - 4624, 3472)
03-15 18:42:45.243  6349  6467 I APi2 info : : CaptureResult.Key(android.sensor.timestamp) <=> 2986155284465222
03-15 18:42:45.243  6349  6467 I APi2 info : : CaptureResult.Key(android.sensor.timestamp) <=> 2986155284465222
03-15 18:42:45.243  6349  6467 I APi2 info : : CaptureResult.Key(android.sensor.frameDuration) <=> 33333333
03-15 18:42:45.243  6349  6467 I APi2 info : : CaptureResult.Key(android.colorCorrection.gains) <=> RggbChannelVector{R:2,054688, G_even:1,000000, G_odd:1,000000, B:1,390625}
03-15 18:42:45.243  6349  6349 I APi2 info : : CaptureResult.Key(android.sensor.exposureTime) <=> 30000000
03-15 18:42:45.244  6349  6349 I APi2 info : : CaptureResult.Key(android.control.postRawSensitivityBoost) <=> 100
03-15 18:42:45.244  6349  6349 I APi2 info : : CaptureResult.Key(android.sensor.sensitivity) <=> 191
03-15 18:42:45.244  6349  6467 I APi2 info : : CaptureResult.Key(android.colorCorrection.transform) <=> ColorSpaceTransform([128/128, 0/128, 0/128], [0/128, 128/128, 0/128], [0/128, 0/128, 128/128])
03-15 18:42:45.244  6349  6467 I APi2 info : : CaptureResult.Key(android.control.aeRegions) <=> [ (x:0, y:0, w:0, h:0, wt:0)]
03-15 18:42:45.244  6349  6467 I APi2 info : : CaptureResult.Key(android.control.aeState) <=> 2
03-15 18:42:45.244  6349  6467 I APi2 info : : CaptureResult.Key(android.control.afState) <=> 2
03-15 18:42:45.244  6349  6467 I APi2 info : : CaptureResult.Key(android.control.afMode) <=> 4
03-15 18:42:45.244  6349  6467 I APi2 info : : CaptureResult.Key(android.logicalMultiCamera.activePhysicalId) <=> <null>
03-15 18:42:45.274  6349  6467 I APi2 info : : CaptureResult.Key(android.scaler.cropRegion) <=> Rect(0, 0 - 4624, 3472)
03-15 18:42:45.274  6349  6467 I APi2 info : : CaptureResult.Key(android.control.aeState) <=> 2
03-15 18:42:45.274  6349  6467 I APi2 info : : CaptureResult.Key(android.lens.focusDistance) <=> 1.7910447
03-15 18:42:45.275  6349  6467 I APi2 info : : CaptureResult.Key(android.lens.focusRange) <=> Pair{0.1 10.0}
03-15 18:42:45.275  6349  6467 I APi2 info : : CaptureResult.Key(android.statistics.faces) <=> [ ]
03-15 18:42:45.275  6349  6467 I APi2 info : : CaptureResult.Key(android.scaler.cropRegion) <=> Rect(0, 0 - 4624, 3472)
03-15 18:42:45.275  6349  6467 I APi2 info : : CaptureResult.Key(android.sensor.frameDuration) <=> 33333333
03-15 18:42:45.275  6349  6467 I APi2 info : : CaptureResult.Key(android.control.aeMode) <=> 1
03-15 18:42:45.275  6349  6467 I APi2 info : : CaptureResult.Key(android.control.aeState) <=> 2
03-15 18:42:45.275  6349  6467 I APi2 info : : CaptureResult.Key(android.control.afMode) <=> 4
03-15 18:42:45.275  6349  6467 I APi2 info : : CaptureResult.Key(android.control.afMode) <=> 4
03-15 18:42:45.275  6349  6467 I APi2 info : : CaptureResult.Key(android.control.afState) <=> 2
03-15 18:42:45.275  6349  6566 I APi2 info : : CaptureResult.Key(android.logicalMultiCamera.activePhysicalId) <=> <null>
03-15 18:42:45.275  6349  6467 I APi2 info : : CaptureResult.Key(android.lens.focusDistance) <=> 1.7910447
03-15 18:42:45.275  6349  6566 I APi2 info : : CaptureResult.Key(android.statistics.oisSamples) <=> <null>
03-15 18:42:45.275  6349  6566 E OisListener: Null pointer for OIS data. OIS API version: 2
03-15 18:42:45.276  6349  6467 I APi2 info : : CaptureResult.Key(android.control.afMode) <=> 4
03-15 18:42:45.276  6349  6467 I APi2 info : : CaptureResult.Key(android.control.afRegions) <=> [ (x:1734, y:1164, w:1156, h:1160, wt:0)]
03-15 18:42:45.276  6349  6467 I APi2 info : : CaptureResult.Key(android.statistics.faces) <=> [ ]
03-15 18:42:45.276  6349  6467 I APi2 info : : CaptureResult.Key(android.statistics.faces) <=> [ ]
03-15 18:42:45.276  6349  6467 I APi2 info : : CaptureResult.Key(android.control.afRegions) <=> [ (x:1734, y:1164, w:1156, h:1160, wt:0)]
03-15 18:42:45.276  6349  6467 I APi2 info : : CaptureResult.Key(android.statistics.faces) <=> [ ]
03-15 18:42:45.276  6349  6467 I APi2 info : : CaptureResult.Key(android.scaler.cropRegion) <=> Rect(0, 0 - 4624, 3472)
03-15 18:42:45.276  6349  6467 I APi2 info : : CaptureResult.Key(android.scaler.cropRegion) <=> Rect(0, 0 - 4624, 3472)
03-15 18:42:45.276  6349  6467 I APi2 info : : CaptureResult.Key(android.control.afRegions) <=> [ (x:1734, y:1164, w:1156, h:1160, wt:0)]
03-15 18:42:45.276  6349  6467 I APi2 info : : CaptureResult.Key(android.statistics.faces) <=> [ ]
03-15 18:42:45.276  6349  6467 I APi2 info : : CaptureResult.Key(android.statistics.faces) <=> [ ]
03-15 18:42:45.276  6349  6467 I APi2 info : : CaptureResult.Key(android.control.afRegions) <=> [ (x:1734, y:1164, w:1156, h:1160, wt:0)]
03-15 18:42:45.277  6349  6467 I APi2 info : : CaptureResult.Key(android.statistics.faces) <=> [ ]
03-15 18:42:45.277  6349  6467 I APi2 info : : CaptureResult.Key(android.scaler.cropRegion) <=> Rect(0, 0 - 4624, 3472)
03-15 18:42:45.277  6349  6467 I APi2 info : : CaptureResult.Key(android.sensor.timestamp) <=> 2986155317794649
03-15 18:42:45.277  6349  6467 I APi2 info : : CaptureResult.Key(android.sensor.timestamp) <=> 2986155317794649
03-15 18:42:45.277  6349  6467 I APi2 info : : CaptureResult.Key(android.sensor.frameDuration) <=> 33333333
03-15 18:42:45.277  6349  6467 I APi2 info : : CaptureResult.Key(android.colorCorrection.gains) <=> RggbChannelVector{R:2,046875, G_even:1,000000, G_odd:1,000000, B:1,398438}
03-15 18:42:45.277  6349  6467 I APi2 info : : CaptureResult.Key(android.colorCorrection.transform) <=> ColorSpaceTransform([128/128, 0/128, 0/128], [0/128, 128/128, 0/128], [0/128, 0/128, 128/128])
03-15 18:42:45.277  6349  6467 I APi2 info : : CaptureResult.Key(android.control.aeRegions) <=> [ (x:0, y:0, w:0, h:0, wt:0)]
03-15 18:42:45.277  6349  6467 I APi2 info : : CaptureResult.Key(android.control.aeState) <=> 2
03-15 18:42:45.277  6349  6467 I APi2 info : : CaptureResult.Key(android.control.afState) <=> 2
03-15 18:42:45.277  6349  6467 I APi2 info : : CaptureResult.Key(android.control.afMode) <=> 4
03-15 18:42:45.278  6349  6467 I APi2 info : : CaptureResult.Key(android.logicalMultiCamera.activePhysicalId) <=> <null>
03-15 18:42:45.278  6349  6467 I APi2 info : : CaptureResult.Key(android.scaler.cropRegion) <=> <null>
03-15 18:42:45.304  6349  6467 I APi2 info : : CaptureResult.Key(android.scaler.cropRegion) <=> Rect(0, 0 - 4624, 3472)
03-15 18:42:45.305  6349  6467 I APi2 info : : CaptureResult.Key(android.control.aeState) <=> 2
03-15 18:42:45.305  6349  6467 I APi2 info : : CaptureResult.Key(android.lens.focusDistance) <=> 1.8461537
03-15 18:42:45.305  6349  6467 I APi2 info : : CaptureResult.Key(android.lens.focusRange) <=> Pair{0.1 10.0}
03-15 18:42:45.305  6349  6467 I APi2 info : : CaptureResult.Key(android.statistics.faces) <=> [ ]
03-15 18:42:45.305  6349  6467 I APi2 info : : CaptureResult.Key(android.scaler.cropRegion) <=> Rect(0, 0 - 4624, 3472)
03-15 18:42:45.305  6349  6467 I APi2 info : : CaptureResult.Key(android.sensor.frameDuration) <=> 33333333
03-15 18:42:45.305  6349  6467 I APi2 info : : CaptureResult.Key(android.control.aeMode) <=> 1
03-15 18:42:45.305  6349  6467 I APi2 info : : CaptureResult.Key(android.control.aeState) <=> 2
03-15 18:42:45.305  6349  6467 I APi2 info : : CaptureResult.Key(android.control.afMode) <=> 4
03-15 18:42:45.305  6349  6467 I APi2 info : : CaptureResult.Key(android.control.afMode) <=> 4
03-15 18:42:45.305  6349  6467 I APi2 info : : CaptureResult.Key(android.control.afState) <=> 2
03-15 18:42:45.305  6349  6467 I APi2 info : : CaptureResult.Key(android.lens.focusDistance) <=> 1.8461537
03-15 18:42:45.305  6349  6566 I APi2 info : : CaptureResult.Key(android.logicalMultiCamera.activePhysicalId) <=> <null>
03-15 18:42:45.305  6349  6467 I APi2 info : : CaptureResult.Key(android.control.afMode) <=> 4
03-15 18:42:45.305  6349  6566 I APi2 info : : CaptureResult.Key(android.statistics.oisSamples) <=> <null>
03-15 18:42:45.305  6349  6566 E OisListener: Null pointer for OIS data. OIS API version: 2
03-15 18:42:45.305  6349  6467 I APi2 info : : CaptureResult.Key(android.control.afRegions) <=> [ (x:1734, y:1164, w:1156, h:1160, wt:0)]
03-15 18:42:45.305  6349  6467 I APi2 info : : CaptureResult.Key(android.statistics.faces) <=> [ ]
03-15 18:42:45.305  6349  6467 I APi2 info : : CaptureResult.Key(android.statistics.faces) <=> [ ]
03-15 18:42:45.305  6349  6467 I APi2 info : : CaptureResult.Key(android.control.afRegions) <=> [ (x:1734, y:1164, w:1156, h:1160, wt:0)]
03-15 18:42:45.305  6349  6467 I APi2 info : : CaptureResult.Key(android.statistics.faces) <=> [ ]
03-15 18:42:45.305  6349  6467 I APi2 info : : CaptureResult.Key(android.scaler.cropRegion) <=> Rect(0, 0 - 4624, 3472)
03-15 18:42:45.305  6349  6467 I APi2 info : : CaptureResult.Key(android.scaler.cropRegion) <=> Rect(0, 0 - 4624, 3472)
03-15 18:42:45.306  6349  6467 I APi2 info : : CaptureResult.Key(android.control.afRegions) <=> [ (x:1734, y:1164, w:1156, h:1160, wt:0)]
03-15 18:42:45.306  6349  6467 I APi2 info : : CaptureResult.Key(android.statistics.faces) <=> [ ]
03-15 18:42:45.306  6349  6467 I APi2 info : : CaptureResult.Key(android.statistics.faces) <=> [ ]
03-15 18:42:45.306  6349  6467 I APi2 info : : CaptureResult.Key(android.control.afRegions) <=> [ (x:1734, y:1164, w:1156, h:1160, wt:0)]
03-15 18:42:45.306  6349  6467 I APi2 info : : CaptureResult.Key(android.statistics.faces) <=> [ ]
03-15 18:42:45.306  6349  6467 I APi2 info : : CaptureResult.Key(android.scaler.cropRegion) <=> Rect(0, 0 - 4624, 3472)
03-15 18:42:45.306  6349  6467 I APi2 info : : CaptureResult.Key(android.sensor.timestamp) <=> 2986155351124076
03-15 18:42:45.306  6349  6467 I APi2 info : : CaptureResult.Key(android.sensor.timestamp) <=> 2986155351124076
03-15 18:42:45.306  6349  6467 I APi2 info : : CaptureResult.Key(android.sensor.frameDuration) <=> 33333333
03-15 18:42:45.306  6349  6467 I APi2 info : : CaptureResult.Key(android.colorCorrection.gains) <=> RggbChannelVector{R:2,046875, G_even:1,000000, G_odd:1,000000, B:1,406250}
03-15 18:42:45.306  6349  6467 I APi2 info : : CaptureResult.Key(android.colorCorrection.transform) <=> ColorSpaceTransform([128/128, 0/128, 0/128], [0/128, 128/128, 0/128], [0/128, 0/128, 128/128])
03-15 18:42:45.306  6349  6467 I APi2 info : : CaptureResult.Key(android.control.aeRegions) <=> [ (x:0, y:0, w:0, h:0, wt:0)]
03-15 18:42:45.306  6349  6467 I APi2 info : : CaptureResult.Key(android.control.aeState) <=> 2
03-15 18:42:45.306  6349  6467 I APi2 info : : CaptureResult.Key(android.control.afState) <=> 2
03-15 18:42:45.306  6349  6467 I APi2 info : : CaptureResult.Key(android.control.afMode) <=> 4
03-15 18:42:45.306  6349  6467 I APi2 info : : CaptureResult.Key(android.logicalMultiCamera.activePhysicalId) <=> <null>
03-15 18:42:45.306  6349  6467 I APi2 info : : CaptureResult.Key(android.scaler.cropRegion) <=> <null>
