03-15 18:42:44.440  6349  6467 I APi2 info : : CaptureResult.Key(android.sensor.timestamp) <=> 2986154467435951
03-15 18:42:44.440  6349  6467 I APi2 info : : CaptureResult.Key(android.sensor.timestamp) <=> 2986154467435951
03-15 18:42:44.440  6349  6467 I APi2 info : : CaptureResult.Key(android.sensor.frameDuration) <=> 40457294
03-15 18:42:44.440  6349  6467 I APi2 info : : CaptureResult.Key(android.sensor.exposureTime) <=> 40000000
03-15 18:42:44.440  6349  6467 I APi2 info : : CaptureResult.Key(android.sensor.timestamp) <=> 2986154467435951
03-15 18:42:44.440  6349  6467 I APi2 info : : CaptureResult.Key(android.sensor.frameDuration) <=> 40457294
03-15 18:42:44.440  6349  6467 W JankMonitorFacade: PHOTO > result sensor delay = 1,49 > 1,10
03-15 18:42:44.440  6349  6467 I APi2 info : : CaptureResult.Key(android.colorCorrection.gains) <=> RggbChannelVector{R:2,148438, G_even:1,000000, G_odd:1,000000, B:1,539063}
03-15 18:42:44.440  6349  6467 I APi2 info : : CaptureResult.Key(android.colorCorrection.transform) <=> ColorSpaceTransform([128/128, 0/128, 0/128], [0/128, 128/128, 0/128], [0/128, 0/128, 128/128])
03-15 18:42:44.441  6349  6467 I APi2 info : : CaptureResult.Key(android.control.aeRegions) <=> [ (x:0, y:0, w:0, h:0, wt:0)]
03-15 18:42:44.441  6349  6467 I APi2 info : : CaptureResult.Key(android.control.aeState) <=> 1
03-15 18:42:44.441  6349  6467 I APi2 info : : CaptureResult.Key(android.control.afState) <=> 2
03-15 18:42:44.441  6349  6467 I APi2 info : : CaptureResult.Key(android.control.afMode) <=> 4
03-15 18:42:44.441  6349  6467 I APi2 info : : CaptureResult.Key(android.logicalMultiCamera.activePhysicalId) <=> <null>
03-15 18:42:44.441  6349  6467 I APi2 info : : CaptureResult.Key(android.scaler.cropRegion) <=> <null>
03-15 18:42:44.451  6349  6349 I APi2 info : : CaptureResult.Key(android.sensor.exposureTime) <=> 40000000
03-15 18:42:44.451  6349  6349 I APi2 info : : CaptureResult.Key(android.control.postRawSensitivityBoost) <=> 100
03-15 18:42:44.451  6349  6349 I APi2 info : : CaptureResult.Key(android.sensor.sensitivity) <=> 1149
03-15 18:42:44.478  6349  6467 I APi2 info : : CaptureResult.Key(android.scaler.cropRegion) <=> <null>
03-15 18:42:44.479  6349  6467 I APi2 info : : CaptureResult.Key(android.scaler.cropRegion) <=> Rect(0, 0 - 4624, 3472)
03-15 18:42:44.479  6349  6467 I APi2 info : : CaptureResult.Key(android.control.aeState) <=> 1
03-15 18:42:44.479  6349  6467 I APi2 info : : CaptureResult.Key(android.lens.focusDistance) <=> 1.2318841
03-15 18:42:44.479  6349  6467 I APi2 info : : CaptureResult.Key(android.lens.focusRange) <=> Pair{0.1 10.0}
03-15 18:42:44.479  6349  6467 I APi2 info : : CaptureResult.Key(android.statistics.faces) <=> [ ]
03-15 18:42:44.479  6349  6467 I APi2 info : : CaptureResult.Key(android.scaler.cropRegion) <=> Rect(0, 0 - 4624, 3472)
03-15 18:42:44.479  6349  6467 I APi2 info : : CaptureResult.Key(android.sensor.frameDuration) <=> 33333333
03-15 18:42:44.479  6349  6467 I APi2 info : : CaptureResult.Key(android.control.aeMode) <=> 1
03-15 18:42:44.479  6349  6467 I APi2 info : : CaptureResult.Key(android.control.aeState) <=> 1
03-15 18:42:44.479  6349  6467 I APi2 info : : CaptureResult.Key(android.control.afMode) <=> 4
03-15 18:42:44.479  6349  6467 I APi2 info : : CaptureResult.Key(android.control.afMode) <=> 4
03-15 18:42:44.479  6349  6467 I APi2 info : : CaptureResult.Key(android.control.afState) <=> 2
03-15 18:42:44.479  6349  6467 I APi2 info : : CaptureResult.Key(android.lens.focusDistance) <=> 1.2318841
03-15 18:42:44.479  6349  6467 I APi2 info : : CaptureResult.Key(android.control.afMode) <=> 4
03-15 18:42:44.479  6349  6566 I APi2 info : : CaptureResult.Key(android.logicalMultiCamera.activePhysicalId) <=> <null>
03-15 18:42:44.479  6349  6467 I APi2 info : : CaptureResult.Key(android.control.afRegions) <=> [ (x:1734, y:1164, w:1156, h:1160, wt:0)]
03-15 18:42:44.479  6349  6566 I APi2 info : : CaptureResult.Key(android.statistics.oisSamples) <=> <null>
03-15 18:42:44.479  6349  6566 E OisListener: Null pointer for OIS data. OIS API version: 2
03-15 18:42:44.480  6349  6467 I APi2 info : : CaptureResult.Key(android.statistics.faces) <=> [ ]
03-15 18:42:44.480  6349  6467 I APi2 info : : CaptureResult.Key(android.statistics.faces) <=> [ ]
03-15 18:42:44.480  6349  6467 I APi2 info : : CaptureResult.Key(android.control.afRegions) <=> [ (x:1734, y:1164, w:1156, h:1160, wt:0)]
03-15 18:42:44.480  6349  6467 I APi2 info : : CaptureResult.Key(android.statistics.faces) <=> [ ]
03-15 18:42:44.480  6349  6467 I APi2 info : : CaptureResult.Key(android.scaler.cropRegion) <=> Rect(0, 0 - 4624, 3472)
03-15 18:42:44.480  6349  6467 I APi2 info : : CaptureResult.Key(android.scaler.cropRegion) <=> Rect(0, 0 - 4624, 3472)
03-15 18:42:44.480  6349  6467 I APi2 info : : CaptureResult.Key(android.control.afRegions) <=> [ (x:1734, y:1164, w:1156, h:1160, wt:0)]
03-15 18:42:44.480  6349  6467 I APi2 info : : CaptureResult.Key(android.statistics.faces) <=> [ ]
03-15 18:42:44.480  6349  6467 I APi2 info : : CaptureResult.Key(android.statistics.faces) <=> [ ]
03-15 18:42:44.480  6349  6467 I APi2 info : : CaptureResult.Key(android.control.afRegions) <=> [ (x:1734, y:1164, w:1156, h:1160, wt:0)]
03-15 18:42:44.480  6349  6467 I APi2 info : : CaptureResult.Key(android.statistics.faces) <=> [ ]
03-15 18:42:44.480  6349  6467 I APi2 info : : CaptureResult.Key(android.scaler.cropRegion) <=> Rect(0, 0 - 4624, 3472)
03-15 18:42:44.480  6349  6467 I APi2 info : : CaptureResult.Key(android.sensor.timestamp) <=> 2986154517888503
03-15 18:42:44.480  6349  6467 I APi2 info : : CaptureResult.Key(android.sensor.timestamp) <=> 2986154517888503
03-15 18:42:44.480  6349  6467 I APi2 info : : CaptureResult.Key(android.sensor.frameDuration) <=> 33333333
03-15 18:42:44.480  6349  6467 I APi2 info : : CaptureResult.Key(android.sensor.exposureTime) <=> 30000000
03-15 18:42:44.481  6349  6467 I APi2 info : : CaptureResult.Key(android.sensor.timestamp) <=> 2986154517888503
03-15 18:42:44.481  6349  6467 I APi2 info : : CaptureResult.Key(android.sensor.frameDuration) <=> 33333333
03-15 18:42:44.481  6349  6467 W JankMonitorFacade: PHOTO > result sensor delay = 1,51 > 1,10
03-15 18:42:44.481  6349  6467 I APi2 info : : CaptureResult.Key(android.colorCorrection.gains) <=> RggbChannelVector{R:2,210938, G_even:1,000000, G_odd:1,000000, B:1,421875}
03-15 18:42:44.481  6349  6467 I APi2 info : : CaptureResult.Key(android.colorCorrection.transform) <=> ColorSpaceTransform([128/128, 0/128, 0/128], [0/128, 128/128, 0/128], [0/128, 0/128, 128/128])
03-15 18:42:44.481  6349  6467 I APi2 info : : CaptureResult.Key(android.control.aeRegions) <=> [ (x:0, y:0, w:0, h:0, wt:0)]
03-15 18:42:44.481  6349  6467 I APi2 info : : CaptureResult.Key(android.control.aeState) <=> 1
03-15 18:42:44.481  6349  6467 I APi2 info : : CaptureResult.Key(android.control.afState) <=> 2
03-15 18:42:44.481  6349  6467 I APi2 info : : CaptureResult.Key(android.control.afMode) <=> 4
03-15 18:42:44.481  6349  6467 I APi2 info : : CaptureResult.Key(android.logicalMultiCamera.activePhysicalId) <=> <null>
03-15 18:42:44.505  6349  6467 I APi2 info : : CaptureResult.Key(android.scaler.cropRegion) <=> <null>
03-15 18:42:44.510  6349  6467 I APi2 info : : CaptureResult.Key(android.scaler.cropRegion) <=> Rect(0, 0 - 4624, 3472)
03-15 18:42:44.510  6349  6467 I APi2 info : : CaptureResult.Key(android.control.aeState) <=> 1
03-15 18:42:44.510  6349  6467 I APi2 info : : CaptureResult.Key(android.lens.focusDistance) <=> 1.2878789
03-15 18:42:44.510  6349  6467 I APi2 info : : CaptureResult.Key(android.lens.focusRange) <=> Pair{0.1 10.0}
03-15 18:42:44.510  6349  6467 I APi2 info : : CaptureResult.Key(android.statistics.faces) <=> [ ]
03-15 18:42:44.510  6349  6467 I APi2 info : : CaptureResult.Key(android.scaler.cropRegion) <=> Rect(0, 0 - 4624, 3472)
03-15 18:42:44.510  6349  6467 I APi2 info : : CaptureResult.Key(android.sensor.frameDuration) <=> 33333333
03-15 18:42:44.510  6349  6467 I APi2 info : : CaptureResult.Key(android.control.aeMode) <=> 1
03-15 18:42:44.510  6349  6467 I APi2 info : : CaptureResult.Key(android.control.aeState) <=> 1
03-15 18:42:44.511  6349  6467 I APi2 info : : CaptureResult.Key(android.control.afMode) <=> 4
03-15 18:42:44.511  6349  6467 I APi2 info : : CaptureResult.Key(android.control.afMode) <=> 4
03-15 18:42:44.511  6349  6467 I APi2 info : : CaptureResult.Key(android.control.afState) <=> 2
03-15 18:42:44.511  6349  6566 I APi2 info : : CaptureResult.Key(android.logicalMultiCamera.activePhysicalId) <=> <null>
03-15 18:42:44.511  6349  6566 I APi2 info : : CaptureResult.Key(android.statistics.oisSamples) <=> <null>
03-15 18:42:44.511  6349  6566 E OisListener: Null pointer for OIS data. OIS API version: 2
03-15 18:42:44.511  6349  6467 I APi2 info : : CaptureResult.Key(android.lens.focusDistance) <=> 1.2878789
03-15 18:42:44.511  6349  6467 I APi2 info : : CaptureResult.Key(android.control.afMode) <=> 4
03-15 18:42:44.511  6349  6467 I APi2 info : : CaptureResult.Key(android.control.afRegions) <=> [ (x:1734, y:1164, w:1156, h:1160, wt:0)]
03-15 18:42:44.511  6349  6467 I APi2 info : : CaptureResult.Key(android.statistics.faces) <=> [ ]
03-15 18:42:44.511  6349  6467 I APi2 info : : CaptureResult.Key(android.statistics.faces) <=> [ ]
03-15 18:42:44.511  6349  6467 I APi2 info : : CaptureResult.Key(android.control.afRegions) <=> [ (x:1734, y:1164, w:1156, h:1160, wt:0)]
03-15 18:42:44.511  6349  6467 I APi2 info : : CaptureResult.Key(android.statistics.faces) <=> [ ]
03-15 18:42:44.511  6349  6467 I APi2 info : : CaptureResult.Key(android.scaler.cropRegion) <=> Rect(0, 0 - 4624, 3472)
03-15 18:42:44.511  6349  6467 I APi2 info : : CaptureResult.Key(android.scaler.cropRegion) <=> Rect(0, 0 - 4624, 3472)
03-15 18:42:44.511  6349  6467 I APi2 info : : CaptureResult.Key(android.control.afRegions) <=> [ (x:1734, y:1164, w:1156, h:1160, wt:0)]
03-15 18:42:44.511  6349  6467 I APi2 info : : CaptureResult.Key(android.statistics.faces) <=> [ ]
03-15 18:42:44.511  6349  6467 I APi2 info : : CaptureResult.Key(android.statistics.faces) <=> [ ]
03-15 18:42:44.511  6349  6467 I APi2 info : : CaptureResult.Key(android.control.afRegions) <=> [ (x:1734, y:1164, w:1156, h:1160, wt:0)]
03-15 18:42:44.511  6349  6467 I APi2 info : : CaptureResult.Key(android.statistics.faces) <=> [ ]
03-15 18:42:44.511  6349  6467 I APi2 info : : CaptureResult.Key(android.scaler.cropRegion) <=> Rect(0, 0 - 4624, 3472)
03-15 18:42:44.511  6349  6467 I APi2 info : : CaptureResult.Key(android.sensor.timestamp) <=> 2986154551217930
03-15 18:42:44.511  6349  6467 I APi2 info : : CaptureResult.Key(android.sensor.timestamp) <=> 2986154551217930
03-15 18:42:44.511  6349  6467 I APi2 info : : CaptureResult.Key(android.sensor.frameDuration) <=> 33333333
03-15 18:42:44.512  6349  6467 I APi2 info : : CaptureResult.Key(android.sensor.exposureTime) <=> 30000000
03-15 18:42:44.512  6349  6467 I APi2 info : : CaptureResult.Key(android.sensor.timestamp) <=> 2986154551217930
03-15 18:42:44.512  6349  6467 I APi2 info : : CaptureResult.Key(android.sensor.frameDuration) <=> 33333333
03-15 18:42:44.512  6349  6467 W JankMonitorFacade: PHOTO > rel (result sensor timestamp) = 0,34 > 0,25
03-15 18:42:44.512  6349  6467 I APi2 info : : CaptureResult.Key(android.colorCorrection.gains) <=> RggbChannelVector{R:2,203125, G_even:1,000000, G_odd:1,000000, B:1,398438}
03-15 18:42:44.512  6349  6467 I APi2 info : : CaptureResult.Key(android.colorCorrection.transform) <=> ColorSpaceTransform([128/128, 0/128, 0/128], [0/128, 128/128, 0/128], [0/128, 0/128, 128/128])
03-15 18:42:44.512  6349  6467 I APi2 info : : CaptureResult.Key(android.control.aeRegions) <=> [ (x:0, y:0, w:0, h:0, wt:0)]
03-15 18:42:44.512  6349  6467 I APi2 info : : CaptureResult.Key(android.control.aeState) <=> 1
03-15 18:42:44.512  6349  6467 I APi2 info : : CaptureResult.Key(android.control.afState) <=> 2
03-15 18:42:44.512  6349  6467 I APi2 info : : CaptureResult.Key(android.control.afMode) <=> 4
03-15 18:42:44.512  6349  6467 I APi2 info : : CaptureResult.Key(android.logicalMultiCamera.activePhysicalId) <=> <null>
03-15 18:42:44.513  6349  6409 I APi2 info : : CaptureResult.Key(android.statistics.lensShadingCorrectionMap) <=> LensShadingMap{R:([4.0947266, 3.7646484, 3.4003906, 3.0341797, 2.7910156, 2.5253906, 2.3642578, 2.2666016, 2.2666016, 2.290039, 2.381836, 2.5595703, 2.8125, 3.1132812, 3.5585938, 3.9394531, 4.3759766], [3.8359375, 3.4941406, 3.0986328, 2.694336, 2.4121094, 2.1933594, 2.0273438, 1.9248047, 1.9023438, 1.9404297, 2.0458984, 2.211914, 2.4316406, 2.727539, 3.1455078, 3.569336, 4.067383], [3.7617188, 3.2558594, 2.8027344, 2.4365234, 2.1484375, 1.9179688, 1.7421875, 1.6289062, 1.59375, 1.6308594, 1.7460938, 1.9296875, 2.1621094, 2.4550781, 2.828125, 3.296875, 3.8134766], [3.5595703, 3.0253906, 2.5605469, 2.2246094, 1.9394531, 1.6855469, 1.4951172, 1.3740234, 1.3369141, 1.3798828, 1.4970703, 1.6894531, 1.9433594, 2.2441406, 2.5986328, 3.0625, 3.6132812], [3.3398438, 2.834961, 2.3876953, 2.0605469, 1.7587891, 1.5019531, 1.3095703, 1.1923828, 1.1533203, 1.1923828, 1.3105469, 1.5019531, 1.7666016, 2.0810547, 2.4316406, 2.875, 3.3955078], [3.2197266, 2.7089844, 2.3007812, 1.9658203, 1.6552734, 1.3945312, 1.2041016, 1.0927734, 1.0556641, 1.0908203, 1.2011719, 1.3945312, 1.6660156, 1.9902344, 2.3447266, 2.7714844, 3.2841797], [3.165039, 2.696289, 2.2822266, 1.9433594, 1.6308594, 1.3652344, 1.1699219, 1.0625, 1.0273438, 1.0634766, 1.1728516, 1.3632812, 1.6416016, 1.96875, 2.3261719, 2.7460938, 3.2470703], [3.2548828, 2.7402344, 2.321289, 1.9853516, 1.6738281, 1.4013672, 1.2080078, 1.1025391, 1.0693359, 1.1025391, 1.2128906, 1.4091797, 1.6796875, 2.0058594, 2.3603516, 2.7832031, 3.3027344], [3.366211, 2.850586, 2.4179688, 2.09375, 1.7900391, 1.5214844, 1.3300781, 1.2216797, 1.1865234, 1.2207031, 1.3320312, 1.5292969, 1.7978516, 2.1132812, 2.4580078, 2.8916016, 3.4453125], [3.553711, 3.0498047, 2.5917969, 2.25, 1.9667969, 1.7207031, 1.5292969, 1.4169922, 1.3847656, 1.4199219, 1.5283203, 1.7216797, 1.9794922, 2.2792969, 2.6259766, 3.1044922, 3.7871094], [3.7792969, 3.296875, 2.828125, 2.46875, 2.1982422, 1.9765625, 1.7988281, 1.6865234, 1.6582031, 1.7011719, 1.796875, 1.9746094, 2.2128906, 2.5048828, 2.866211, 3.3271484, 3.8232422], [3.9316406, 3.540039, 3.1269531, 2.7695312, 2.46875, 2.2734375, 2.1132812, 2.0292969, 1.9931641, 2.0449219, 2.1230469, 2.2949219, 2.5234375, 2.819336, 3.2109375, 3.6279297, 4.071289], [4.1376953, 3.8154297, 3.5429688, 3.2080078, 2.8105469, 2.625, 2.5146484, 2.413086, 2.3320312, 2.430664, 2.4902344, 2.6914062, 2.8632812, 3.2226562, 3.586914, 3.9169922, 4.2929688]), G_even:([3.7265625, 3.3964844, 3.0986328, 2.7792969, 2.4902344, 2.2939453, 2.163086, 2.0800781, 2.055664, 2.0791016, 2.1611328, 2.2949219, 2.5, 2.7763672, 3.0878906, 3.3740234, 3.6679688], [3.5341797, 3.1328125, 2.7607422, 2.4326172, 2.1826172, 2.0019531, 1.8701172, 1.7861328, 1.7568359, 1.78125, 1.8691406, 2.0058594, 2.1904297, 2.4453125, 2.7666016, 3.1171875, 3.4677734], [3.399414, 2.915039, 2.4980469, 2.1884766, 1.9570312, 1.7685547, 1.625, 1.5292969, 1.4960938, 1.5283203, 1.6210938, 1.7695312, 1.9628906, 2.203125, 2.5195312, 2.9072266, 3.3261719], [3.2148438, 2.711914, 2.2998047, 2.008789, 1.7724609, 1.5703125, 1.4140625, 1.3134766, 1.2792969, 1.3144531, 1.4130859, 1.5732422, 1.7792969, 2.0253906, 2.3242188, 2.7216797, 3.1748047], [3.0449219, 2.5458984, 2.1572266, 1.875, 1.625, 1.4111328, 1.2529297, 1.1533203, 1.1201172, 1.1533203, 1.2529297, 1.4130859, 1.6308594, 1.8896484, 2.1875, 2.5673828, 3.0136719], [2.9433594, 2.4648438, 2.0859375, 1.7988281, 1.5380859, 1.3183594, 1.1591797, 1.0644531, 1.0341797, 1.0654297, 1.1601562, 1.3222656, 1.5458984, 1.8144531, 2.116211, 2.4892578, 2.928711], [2.9013672, 2.4472656, 2.0742188, 1.78125, 1.5166016, 1.2919922, 1.1337891, 1.0400391, 1.0097656, 1.0419922, 1.1357422, 1.2958984, 1.5234375, 1.796875, 2.100586, 2.4746094, 2.9023438], [2.9609375, 2.4785156, 2.0996094, 1.8105469, 1.5478516, 1.3242188, 1.1630859, 1.0693359, 1.0400391, 1.0703125, 1.1660156, 1.3300781, 1.5556641, 1.8251953, 2.131836, 2.506836, 2.9316406], [3.069336, 2.5742188, 2.180664, 1.8945312, 1.6445312, 1.4257812, 1.2646484, 1.1669922,
03-15 18:42:44.513  6349  6409 I APi2 info : : CaptureResult.Key(android.sensor.timestamp) <=> 2986154551217930
03-15 18:42:44.514  6349  6409 I APi2 info : : CaptureResult.Key(android.sensor.exposureTime) <=> 30000000
03-15 18:42:44.515  6349  6409 D qdgralloc: GetYUVPlaneInfo: Invalid format passed: 0x21
03-15 18:42:44.516  6349  6409 D qdgralloc: GetYUVPlaneInfo: Invalid format passed: 0x21
03-15 18:42:44.516  6349  6409 D qdgralloc: GetYUVPlaneInfo: Invalid format passed: 0x21
03-15 18:42:44.516  6349  6409 D qdgralloc: GetYUVPlaneInfo: Invalid format passed: 0x21
03-15 18:42:44.516  6349  6409 D qdgralloc: GetYUVPlaneInfo: Invalid format passed: 0x21
03-15 18:42:44.516  6349  6409 D qdgralloc: GetYUVPlaneInfo: Invalid format passed: 0x21
03-15 18:42:44.517  6349  6409 D qdgralloc: GetYUVPlaneInfo: Invalid format passed: 0x21
03-15 18:42:44.517  6349  6409 D qdgralloc: GetYUVPlaneInfo: Invalid format passed: 0x21
03-15 18:42:44.517  6349  6409 D qdgralloc: GetYUVPlaneInfo: Invalid format passed: 0x21
03-15 18:42:44.517  6349  6409 D qdgralloc: GetYUVPlaneInfo: Invalid format passed: 0x21
03-15 18:42:44.517  6349  6409 D qdgralloc: GetYUVPlaneInfo: Invalid format passed: 0x21
03-15 18:42:44.517  6349  6409 D qdgralloc: GetYUVPlaneInfo: Invalid format passed: 0x21
03-15 18:42:44.517  6349  6409 D qdgralloc: GetYUVPlaneInfo: Invalid format passed: 0x21
03-15 18:42:44.517  6349  6409 D qdgralloc: GetYUVPlaneInfo: Invalid format passed: 0x21
03-15 18:42:44.517  6349  6409 D qdgralloc: GetYUVPlaneInfo: Invalid format passed: 0x21
03-15 18:42:44.517  6349  6409 D qdgralloc: GetYUVPlaneInfo: Invalid format passed: 0x21
03-15 18:42:44.517  6349  6409 D qdgralloc: GetYUVPlaneInfo: Invalid format passed: 0x21
03-15 18:42:44.517  6349  6409 D qdgralloc: GetYUVPlaneInfo: Invalid format passed: 0x21
03-15 18:42:44.517  6349  6409 D qdgralloc: GetYUVPlaneInfo: Invalid format passed: 0x21
03-15 18:42:44.517  6349  6409 D qdgralloc: GetYUVPlaneInfo: Invalid format passed: 0x21
03-15 18:42:44.517  6349  6409 D qdgralloc: GetYUVPlaneInfo: Invalid format passed: 0x21
03-15 18:42:44.517  6349  6409 D qdgralloc: GetYUVPlaneInfo: Invalid format passed: 0x21
03-15 18:42:44.517  6349  6409 D qdgralloc: GetYUVPlaneInfo: Invalid format passed: 0x21
03-15 18:42:44.517  6349  6409 D qdgralloc: GetYUVPlaneInfo: Invalid format passed: 0x21
03-15 18:42:44.517  6349  6409 D qdgralloc: GetYUVPlaneInfo: Invalid format passed: 0x21
03-15 18:42:44.517  6349  6409 D qdgralloc: GetYUVPlaneInfo: Invalid format passed: 0x21
03-15 18:42:44.517  6349  6409 D qdgralloc: GetYUVPlaneInfo: Invalid format passed: 0x21
03-15 18:42:44.517  6349  6409 D qdgralloc: GetYUVPlaneInfo: Invalid format passed: 0x21
03-15 18:42:44.517  6349  6409 D qdgralloc: GetYUVPlaneInfo: Invalid format passed: 0x21
03-15 18:42:44.517  6349  6409 D qdgralloc: GetYUVPlaneInfo: Invalid format passed: 0x21
03-15 18:42:44.517  6349  6409 D qdgralloc: GetYUVPlaneInfo: Invalid format passed: 0x21
03-15 18:42:44.517  6349  6409 D qdgralloc: GetYUVPlaneInfo: Invalid format passed: 0x21
03-15 18:42:44.517  6349  6409 D qdgralloc: GetYUVPlaneInfo: Invalid format passed: 0x21
03-15 18:42:44.517  6349  6409 D qdgralloc: GetYUVPlaneInfo: Invalid format passed: 0x21
03-15 18:42:44.517  6349  6409 D qdgralloc: GetYUVPlaneInfo: Invalid format passed: 0x21
03-15 18:42:44.517  6349  6409 D qdgralloc: GetYUVPlaneInfo: Invalid format passed: 0x21
03-15 18:42:44.517  6349  6409 D qdgralloc: GetYUVPlaneInfo: Invalid format passed: 0x21
03-15 18:42:44.517  6349  6409 D qdgralloc: GetYUVPlaneInfo: Invalid format passed: 0x21
03-15 18:42:44.517  6349  6409 D qdgralloc: GetYUVPlaneInfo: Invalid format passed: 0x21
03-15 18:42:44.517  6349  6409 D qdgralloc: GetYUVPlaneInfo: Invalid format passed: 0x21
03-15 18:42:44.517  6349  6409 D qdgralloc: GetYUVPlaneInfo: Invalid format passed: 0x21
03-15 18:42:44.517  6349  6409 D qdgralloc: GetYUVPlaneInfo: Invalid format passed: 0x21
03-15 18:42:44.517  6349  6409 D qdgralloc: GetYUVPlaneInfo: Invalid format passed: 0x21
03-15 18:42:44.517  6349  6409 D qdgralloc: GetYUVPlaneInfo: Invalid format passed: 0x21
03-15 18:42:44.517  6349  6409 D qdgralloc: GetYUVPlaneInfo: Invalid format passed: 0x21
03-15 18:42:44.517  6349  6409 D qdgralloc: GetYUVPlaneInfo: Invalid format passed: 0x21
03-15 18:42:44.517  6349  6409 D qdgralloc: GetYUVPlaneInfo: Invalid format passed: 0x21
03-15 18:42:44.517  6349  6409 D qdgralloc: GetYUVPlaneInfo: Invalid format passed: 0x21
03-15 18:42:44.517  6349  6409 D qdgralloc: GetYUVPlaneInfo: Invalid format passed: 0x21
03-15 18:42:44.517  6349  6409 D qdgralloc: GetYUVPlaneInfo: Invalid format passed: 0x21
03-15 18:42:44.517  6349  6409 D qdgralloc: GetYUVPlaneInfo: Invalid format passed: 0x21
03-15 18:42:44.517  6349  6409 D qdgralloc: GetYUVPlaneInfo: Invalid format passed: 0x21
03-15 18:42:44.517  6349  6409 D qdgralloc: GetYUVPlaneInfo: Invalid format passed: 0x21
03-15 18:42:44.517  6349  6409 D qdgralloc: GetYUVPlaneInfo: Invalid format passed: 0x21
03-15 18:42:44.517  6349  6409 D qdgralloc: GetYUVPlaneInfo: Invalid format passed: 0x21
03-15 18:42:44.517  6349  6409 D qdgralloc: GetYUVPlaneInfo: Invalid format passed: 0x21
03-15 18:42:44.518  6349  6409 D qdgralloc: GetYUVPlaneInfo: Invalid format passed: 0x21
03-15 18:42:44.518  6349  6409 D qdgralloc: GetYUVPlaneInfo: Invalid format passed: 0x21
03-15 18:42:44.518  6349  6409 D qdgralloc: GetYUVPlaneInfo: Invalid format passed: 0x21
03-15 18:42:44.518  6349  6409 D qdgralloc: GetYUVPlaneInfo: Invalid format passed: 0x21
03-15 18:42:44.518  6349  6409 D qdgralloc: GetYUVPlaneInfo: Invalid format passed: 0x21
03-15 18:42:44.518  6349  6409 I APi2 info : : CaptureResult.Key(android.statistics.faces) <=> [ ]
03-15 18:42:44.520  6349  6409 I APi2 info : : CaptureResult.Key(android.control.aeRegions) <=> [ (x:0, y:0, w:0, h:0, wt:0)]
03-15 18:42:44.520  6349  6409 I APi2 info : : CaptureResult.Key(android.control.awbRegions) <=> [ (x:0, y:0, w:0, h:0, wt:0)]
03-15 18:42:44.520  6349  6409 I APi2 info : : CaptureResult.Key(android.control.afRegions) <=> [ (x:1734, y:1164, w:1156, h:1160, wt:0)]
03-15 18:42:44.520  6349  6409 I APi2 info : : CaptureResult.Key(android.scaler.cropRegion) <=> Rect(0, 0 - 4624, 3472)
03-15 18:42:44.520  6349  6409 I APi2 info : : CaptureResult.Key(android.statistics.oisDataMode) <=> <null>
03-15 18:42:44.520  6349  6409 I APi2 info : : CaptureResult.Key(android.lens.distortion) <=> [ 0.0, 0.0, 0.0, 0.0, 0.0]
03-15 18:42:44.520  6349  6409 I APi2 info : : CaptureResult.Key(android.lens.intrinsicCalibration) <=> [ 3393.7498, 3393.7498, 0.0, 0.0, 0.0]
03-15 18:42:44.520  6349  6409 I APi2 info : : CaptureResult.Key(android.lens.poseRotation) <=> [ 0.0, 0.0, 0.0, 1.0]
03-15 18:42:44.520  6349  6409 I APi2 info : : CaptureResult.Key(android.lens.poseTranslation) <=> [ 0.0, 0.0, 0.0]
03-15 18:42:44.521  6349  6409 I APi2 info : : CaptureResult.Key(android.sensor.exposureTime) <=> 30000000
03-15 18:42:44.521  6349  6409 I APi2 info : : CaptureResult.Key(android.sensor.sensitivity) <=> 800
03-15 18:42:44.521  6349  6409 D Deez IN ISO: 800
03-15 18:42:44.521  6349  6409 I APi2 info : : CaptureResult.Key(android.control.postRawSensitivityBoost) <=> 100
03-15 18:42:44.521  6349  6409 I APi2 info : : CaptureResult.Key(android.flash.mode) <=> 0
03-15 18:42:44.521  6349  6409 I APi2 info : : CaptureResult.Key(android.colorCorrection.gains) <=> RggbChannelVector{R:2,203125, G_even:1,000000, G_odd:1,000000, B:1,398438}
03-15 18:42:44.521  6349  6409 I APi2 info : : CaptureResult.Key(android.colorCorrection.transform) <=> ColorSpaceTransform([128/128, 0/128, 0/128], [0/128, 128/128, 0/128], [0/128, 0/128, 128/128])
03-15 18:42:44.522  6349  6409 I APi2 info : : CaptureResult.Key(android.sensor.sensitivity) <=> 800
03-15 18:42:44.522  6349  6409 I APi2 info : : CaptureResult.Key(android.sensor.neutralColorPoint) <=> [ 465/1024, 1/1, 731/1024]
03-15 18:42:44.522  6349  6409 I APi2 info : : CaptureResult.Key(android.blackLevel.lock) <=> false
03-15 18:42:44.522  6349  6409 I APi2 info : : CaptureResult.Key(android.sensor.timestamp) <=> 2986154551217930
03-15 18:42:44.522  6349  6409 I APi2 info : : CaptureResult.Key(android.statistics.sceneFlicker) <=> 1
03-15 18:42:44.522  6349  6409 I APi2 info : : CaptureResult.Key(android.sensor.noiseProfile) <=> [ Pair{4.05364157E-4 1.11187126E-6}, Pair{4.05364157E-4 1.11187126E-6}, Pair{4.05364157E-4 1.11187126E-6}, Pair{4.05364157E-4 1.11187126E-6}]
03-15 18:42:44.531  6349  6409 I APi2 info : : CaptureResult.Key(android.lens.focusDistance) <=> 1.2878789
03-15 18:42:44.531  6349  6409 I APi2 info : : CaptureResult.Key(android.lens.focalLength) <=> 5.43
03-15 18:42:44.531  6349  6409 I APi2 info : : CaptureResult.Key(android.lens.aperture) <=> 1.89
03-15 18:42:44.531  6349  6409 I APi2 info : : CaptureResult.Key(android.control.mode) <=> 2
03-15 18:42:44.531  6349  6409 I APi2 info : : CaptureResult.Key(android.control.aeMode) <=> 1
03-15 18:42:44.531  6349  6409 I APi2 info : : CaptureResult.Key(android.control.aeLock) <=> false
03-15 18:42:44.531  6349  6409 I APi2 info : : CaptureResult.Key(android.control.aeState) <=> 1
03-15 18:42:44.531  6349  6409 I APi2 info : : CaptureResult.Key(android.control.aePrecaptureTrigger) <=> 0
03-15 18:42:44.531  6349  6409 I APi2 info : : CaptureResult.Key(android.control.aeExposureCompensation) <=> 0
03-15 18:42:44.532  6349  6409 I APi2 info : : CaptureResult.Key(android.control.awbMode) <=> 1
03-15 18:42:44.532  6349  6409 I APi2 info : : CaptureResult.Key(android.control.awbLock) <=> false
03-15 18:42:44.532  6349  6409 I APi2 info : : CaptureResult.Key(android.control.awbState) <=> 2
03-15 18:42:44.532  6349  6409 I APi2 info : : CaptureResult.Key(android.control.afMode) <=> 4
03-15 18:42:44.532  6349  6409 I APi2 info : : CaptureResult.Key(android.control.afState) <=> 2
03-15 18:42:44.532  6349  6409 I APi2 info : : CaptureResult.Key(android.control.afTrigger) <=> 0
03-15 18:42:44.532  6349  6409 I APi2 info : : CaptureResult.Key(android.lens.state) <=> 1
03-15 18:42:44.533  6349  6409 I APi2 info : : CaptureResult.Key(android.statistics.lensShadingCorrectionMap) <=> LensShadingMap{R:([4.0947266, 3.7646484, 3.4003906, 3.0341797, 2.7910156, 2.5253906, 2.3642578, 2.2666016, 2.2666016, 2.290039, 2.381836, 2.5595703, 2.8125, 3.1132812, 3.5585938, 3.9394531, 4.3759766], [3.8359375, 3.4941406, 3.0986328, 2.694336, 2.4121094, 2.1933594, 2.0273438, 1.9248047, 1.9023438, 1.9404297, 2.0458984, 2.211914, 2.4316406, 2.727539, 3.1455078, 3.569336, 4.067383], [3.7617188, 3.2558594, 2.8027344, 2.4365234, 2.1484375, 1.9179688, 1.7421875, 1.6289062, 1.59375, 1.6308594, 1.7460938, 1.9296875, 2.1621094, 2.4550781, 2.828125, 3.296875, 3.8134766], [3.5595703, 3.0253906, 2.5605469, 2.2246094, 1.9394531, 1.6855469, 1.4951172, 1.3740234, 1.3369141, 1.3798828, 1.4970703, 1.6894531, 1.9433594, 2.2441406, 2.5986328, 3.0625, 3.6132812], [3.3398438, 2.834961, 2.3876953, 2.0605469, 1.7587891, 1.5019531, 1.3095703, 1.1923828, 1.1533203, 1.1923828, 1.3105469, 1.5019531, 1.7666016, 2.0810547, 2.4316406, 2.875, 3.3955078], [3.2197266, 2.7089844, 2.3007812, 1.9658203, 1.6552734, 1.3945312, 1.2041016, 1.0927734, 1.0556641, 1.0908203, 1.2011719, 1.3945312, 1.6660156, 1.9902344, 2.3447266, 2.7714844, 3.2841797], [3.165039, 2.696289, 2.2822266, 1.9433594, 1.6308594, 1.3652344, 1.1699219, 1.0625, 1.0273438, 1.0634766, 1.1728516, 1.3632812, 1.6416016, 1.96875, 2.3261719, 2.7460938, 3.2470703], [3.2548828, 2.7402344, 2.321289, 1.9853516, 1.6738281, 1.4013672, 1.2080078, 1.1025391, 1.0693359, 1.1025391, 1.2128906, 1.4091797, 1.6796875, 2.0058594, 2.3603516, 2.7832031, 3.3027344], [3.366211, 2.850586, 2.4179688, 2.09375, 1.7900391, 1.5214844, 1.3300781, 1.2216797, 1.1865234, 1.2207031, 1.3320312, 1.5292969, 1.7978516, 2.1132812, 2.4580078, 2.8916016, 3.4453125], [3.553711, 3.0498047, 2.5917969, 2.25, 1.9667969, 1.7207031, 1.5292969, 1.4169922, 1.3847656, 1.4199219, 1.5283203, 1.7216797, 1.9794922, 2.2792969, 2.6259766, 3.1044922, 3.7871094], [3.7792969, 3.296875, 2.828125, 2.46875, 2.1982422, 1.9765625, 1.7988281, 1.6865234, 1.6582031, 1.7011719, 1.796875, 1.9746094, 2.2128906, 2.5048828, 2.866211, 3.3271484, 3.8232422], [3.9316406, 3.540039, 3.1269531, 2.7695312, 2.46875, 2.2734375, 2.1132812, 2.0292969, 1.9931641, 2.0449219, 2.1230469, 2.2949219, 2.5234375, 2.819336, 3.2109375, 3.6279297, 4.071289], [4.1376953, 3.8154297, 3.5429688, 3.2080078, 2.8105469, 2.625, 2.5146484, 2.413086, 2.3320312, 2.430664, 2.4902344, 2.6914062, 2.8632812, 3.2226562, 3.586914, 3.9169922, 4.2929688]), G_even:([3.7265625, 3.3964844, 3.0986328, 2.7792969, 2.4902344, 2.2939453, 2.163086, 2.0800781, 2.055664, 2.0791016, 2.1611328, 2.2949219, 2.5, 2.7763672, 3.0878906, 3.3740234, 3.6679688], [3.5341797, 3.1328125, 2.7607422, 2.4326172, 2.1826172, 2.0019531, 1.8701172, 1.7861328, 1.7568359, 1.78125, 1.8691406, 2.0058594, 2.1904297, 2.4453125, 2.7666016, 3.1171875, 3.4677734], [3.399414, 2.915039, 2.4980469, 2.1884766, 1.9570312, 1.7685547, 1.625, 1.5292969, 1.4960938, 1.5283203, 1.6210938, 1.7695312, 1.9628906, 2.203125, 2.5195312, 2.9072266, 3.3261719], [3.2148438, 2.711914, 2.2998047, 2.008789, 1.7724609, 1.5703125, 1.4140625, 1.3134766, 1.2792969, 1.3144531, 1.4130859, 1.5732422, 1.7792969, 2.0253906, 2.3242188, 2.7216797, 3.1748047], [3.0449219, 2.5458984, 2.1572266, 1.875, 1.625, 1.4111328, 1.2529297, 1.1533203, 1.1201172, 1.1533203, 1.2529297, 1.4130859, 1.6308594, 1.8896484, 2.1875, 2.5673828, 3.0136719], [2.9433594, 2.4648438, 2.0859375, 1.7988281, 1.5380859, 1.3183594, 1.1591797, 1.0644531, 1.0341797, 1.0654297, 1.1601562, 1.3222656, 1.5458984, 1.8144531, 2.116211, 2.4892578, 2.928711], [2.9013672, 2.4472656, 2.0742188, 1.78125, 1.5166016, 1.2919922, 1.1337891, 1.0400391, 1.0097656, 1.0419922, 1.1357422, 1.2958984, 1.5234375, 1.796875, 2.100586, 2.4746094, 2.9023438], [2.9609375, 2.4785156, 2.0996094, 1.8105469, 1.5478516, 1.3242188, 1.1630859, 1.0693359, 1.0400391, 1.0703125, 1.1660156, 1.3300781, 1.5556641, 1.8251953, 2.131836, 2.506836, 2.9316406], [3.069336, 2.5742188, 2.180664, 1.8945312, 1.6445312, 1.4257812, 1.2646484, 1.1669922,
03-15 18:42:44.533  6349  6409 I APi2 info : : CaptureResult.Key(android.control.aeExposureCompensation) <=> 0
03-15 18:42:44.535  6349  6409 I APi2 info : : CaptureResult.Key(android.scaler.cropRegion) <=> Rect(0, 0 - 4624, 3472)
03-15 18:42:44.535  6349  6409 I APi2 info : : CaptureResult.Key(android.control.aeRegions) <=> [ (x:0, y:0, w:0, h:0, wt:0)]
03-15 18:42:44.535  6349  6409 I APi2 info : : CaptureResult.Key(android.scaler.cropRegion) <=> Rect(0, 0 - 4624, 3472)
03-15 18:42:44.540  6349  6467 I APi2 info : : CaptureResult.Key(android.scaler.cropRegion) <=> Rect(0, 0 - 4624, 3472)
03-15 18:42:44.540  6349  6467 I APi2 info : : CaptureResult.Key(android.control.aeState) <=> 1
03-15 18:42:44.540  6349  6467 I APi2 info : : CaptureResult.Key(android.lens.focusDistance) <=> 1.4166667
03-15 18:42:44.540  6349  6467 I APi2 info : : CaptureResult.Key(android.lens.focusRange) <=> Pair{0.1 10.0}
03-15 18:42:44.540  6349  6467 I APi2 info : : CaptureResult.Key(android.statistics.faces) <=> [ ]
03-15 18:42:44.540  6349  6467 I APi2 info : : CaptureResult.Key(android.scaler.cropRegion) <=> Rect(0, 0 - 4624, 3472)
03-15 18:42:44.540  6349  6467 I APi2 info : : CaptureResult.Key(android.sensor.frameDuration) <=> 33333333
03-15 18:42:44.541  6349  6467 I APi2 info : : CaptureResult.Key(android.control.aeMode) <=> 1
03-15 18:42:44.541  6349  6467 I APi2 info : : CaptureResult.Key(android.control.aeState) <=> 1
03-15 18:42:44.541  6349  6467 I APi2 info : : CaptureResult.Key(android.control.afMode) <=> 4
03-15 18:42:44.541  6349  6566 I APi2 info : : CaptureResult.Key(android.logicalMultiCamera.activePhysicalId) <=> <null>
03-15 18:42:44.541  6349  6467 I APi2 info : : CaptureResult.Key(android.control.afMode) <=> 4
03-15 18:42:44.541  6349  6566 I APi2 info : : CaptureResult.Key(android.statistics.oisSamples) <=> <null>
03-15 18:42:44.541  6349  6566 E OisListener: Null pointer for OIS data. OIS API version: 2
03-15 18:42:44.543  6349  6467 I APi2 info : : CaptureResult.Key(android.control.afState) <=> 2
03-15 18:42:44.543  6349  6467 I APi2 info : : CaptureResult.Key(android.lens.focusDistance) <=> 1.4166667
03-15 18:42:44.544  6349  6467 I APi2 info : : CaptureResult.Key(android.control.afMode) <=> 4
03-15 18:42:44.544  6349  6467 I APi2 info : : CaptureResult.Key(android.control.afRegions) <=> [ (x:1734, y:1164, w:1156, h:1160, wt:0)]
03-15 18:42:44.544  6349  6467 I APi2 info : : CaptureResult.Key(android.statistics.faces) <=> [ ]
03-15 18:42:44.544  6349  6467 I APi2 info : : CaptureResult.Key(android.statistics.faces) <=> [ ]
03-15 18:42:44.544  6349  6467 I APi2 info : : CaptureResult.Key(android.control.afRegions) <=> [ (x:1734, y:1164, w:1156, h:1160, wt:0)]
03-15 18:42:44.544  6349  6467 I APi2 info : : CaptureResult.Key(android.statistics.faces) <=> [ ]
03-15 18:42:44.544  6349  6467 I APi2 info : : CaptureResult.Key(android.scaler.cropRegion) <=> Rect(0, 0 - 4624, 3472)
03-15 18:42:44.544  6349  6467 I APi2 info : : CaptureResult.Key(android.scaler.cropRegion) <=> Rect(0, 0 - 4624, 3472)
03-15 18:42:44.544  6349  6467 I APi2 info : : CaptureResult.Key(android.control.afRegions) <=> [ (x:1734, y:1164, w:1156, h:1160, wt:0)]
03-15 18:42:44.544  6349  6467 I APi2 info : : CaptureResult.Key(android.statistics.faces) <=> [ ]
03-15 18:42:44.544  6349  6467 I APi2 info : : CaptureResult.Key(android.statistics.faces) <=> [ ]
03-15 18:42:44.544  6349  6467 I APi2 info : : CaptureResult.Key(android.control.afRegions) <=> [ (x:1734, y:1164, w:1156, h:1160, wt:0)]
03-15 18:42:44.544  6349  6467 I APi2 info : : CaptureResult.Key(android.statistics.faces) <=> [ ]
03-15 18:42:44.544  6349  6467 I APi2 info : : CaptureResult.Key(android.scaler.cropRegion) <=> Rect(0, 0 - 4624, 3472)
03-15 18:42:44.544  6349  6467 I APi2 info : : CaptureResult.Key(android.sensor.timestamp) <=> 2986154584547357
03-15 18:42:44.544  6349  6467 I APi2 info : : CaptureResult.Key(android.sensor.timestamp) <=> 2986154584547357
03-15 18:42:44.544  6349  6467 I APi2 info : : CaptureResult.Key(android.sensor.frameDuration) <=> 33333333
03-15 18:42:44.544  6349  6467 I APi2 info : : CaptureResult.Key(android.sensor.exposureTime) <=> 30000000
03-15 18:42:44.544  6349  6467 I APi2 info : : CaptureResult.Key(android.sensor.timestamp) <=> 2986154584547357
03-15 18:42:44.544  6349  6467 I APi2 info : : CaptureResult.Key(android.sensor.frameDuration) <=> 33333333
03-15 18:42:44.545  6349  6467 I APi2 info : : CaptureResult.Key(android.colorCorrection.gains) <=> RggbChannelVector{R:2,140625, G_even:1,000000, G_odd:1,000000, B:1,406250}
03-15 18:42:44.545  6349  6467 I APi2 info : : CaptureResult.Key(android.colorCorrection.transform) <=> ColorSpaceTransform([128/128, 0/128, 0/128], [0/128, 128/128, 0/128], [0/128, 0/128, 128/128])
03-15 18:42:44.545  6349  6349 I APi2 info : : CaptureResult.Key(android.sensor.exposureTime) <=> 30000000
03-15 18:42:44.545  6349  6349 I APi2 info : : CaptureResult.Key(android.control.postRawSensitivityBoost) <=> 100
03-15 18:42:44.545  6349  6349 I APi2 info : : CaptureResult.Key(android.sensor.sensitivity) <=> 622
03-15 18:42:44.545  6349  6467 I APi2 info : : CaptureResult.Key(android.control.aeRegions) <=> [ (x:0, y:0, w:0, h:0, wt:0)]
03-15 18:42:44.545  6349  6467 I APi2 info : : CaptureResult.Key(android.control.aeState) <=> 1
03-15 18:42:44.545  6349  6467 I APi2 info : : CaptureResult.Key(android.control.afState) <=> 2
03-15 18:42:44.545  6349  6467 I APi2 info : : CaptureResult.Key(android.control.afMode) <=> 4
03-15 18:42:44.545  6349  6467 I APi2 info : : CaptureResult.Key(android.logicalMultiCamera.activePhysicalId) <=> <null>
03-15 18:42:44.545  6349  6467 I APi2 info : : CaptureResult.Key(android.scaler.cropRegion) <=> <null>
03-15 18:42:44.574  6349  6467 I APi2 info : : CaptureResult.Key(android.scaler.cropRegion) <=> <null>
03-15 18:42:44.577  6349  6467 I APi2 info : : CaptureResult.Key(android.scaler.cropRegion) <=> Rect(0, 0 - 4624, 3472)
03-15 18:42:44.578  6349  6467 I APi2 info : : CaptureResult.Key(android.control.aeState) <=> 1
03-15 18:42:44.578  6349  6467 I APi2 info : : CaptureResult.Key(android.lens.focusDistance) <=> 1.491228
03-15 18:42:44.578  6349  6467 I APi2 info : : CaptureResult.Key(android.lens.focusRange) <=> Pair{0.1 10.0}
03-15 18:42:44.578  6349  6467 I APi2 info : : CaptureResult.Key(android.statistics.faces) <=> [ ]
03-15 18:42:44.578  6349  6467 I APi2 info : : CaptureResult.Key(android.scaler.cropRegion) <=> Rect(0, 0 - 4624, 3472)
03-15 18:42:44.578  6349  6467 I APi2 info : : CaptureResult.Key(android.sensor.frameDuration) <=> 33333333
03-15 18:42:44.578  6349  6467 I APi2 info : : CaptureResult.Key(android.control.aeMode) <=> 1
03-15 18:42:44.578  6349  6467 I APi2 info : : CaptureResult.Key(android.control.aeState) <=> 1
03-15 18:42:44.578  6349  6467 I APi2 info : : CaptureResult.Key(android.control.afMode) <=> 4
03-15 18:42:44.578  6349  6467 I APi2 info : : CaptureResult.Key(android.control.afMode) <=> 4
03-15 18:42:44.578  6349  6467 I APi2 info : : CaptureResult.Key(android.control.afState) <=> 2
03-15 18:42:44.578  6349  6467 I APi2 info : : CaptureResult.Key(android.lens.focusDistance) <=> 1.491228
03-15 18:42:44.578  6349  6467 I APi2 info : : CaptureResult.Key(android.control.afMode) <=> 4
03-15 18:42:44.578  6349  6467 I APi2 info : : CaptureResult.Key(android.control.afRegions) <=> [ (x:1734, y:1164, w:1156, h:1160, wt:0)]
03-15 18:42:44.578  6349  6566 I APi2 info : : CaptureResult.Key(android.logicalMultiCamera.activePhysicalId) <=> <null>
03-15 18:42:44.578  6349  6467 I APi2 info : : CaptureResult.Key(android.statistics.faces) <=> [ ]
03-15 18:42:44.578  6349  6566 I APi2 info : : CaptureResult.Key(android.statistics.oisSamples) <=> <null>
03-15 18:42:44.578  6349  6467 I APi2 info : : CaptureResult.Key(android.statistics.faces) <=> [ ]
03-15 18:42:44.578  6349  6566 E OisListener: Null pointer for OIS data. OIS API version: 2
03-15 18:42:44.578  6349  6467 I APi2 info : : CaptureResult.Key(android.control.afRegions) <=> [ (x:1734, y:1164, w:1156, h:1160, wt:0)]
03-15 18:42:44.578  6349  6467 I APi2 info : : CaptureResult.Key(android.statistics.faces) <=> [ ]
03-15 18:42:44.579  6349  6467 I APi2 info : : CaptureResult.Key(android.scaler.cropRegion) <=> Rect(0, 0 - 4624, 3472)
03-15 18:42:44.579  6349  6467 I APi2 info : : CaptureResult.Key(android.scaler.cropRegion) <=> Rect(0, 0 - 4624, 3472)
03-15 18:42:44.579  6349  6467 I APi2 info : : CaptureResult.Key(android.control.afRegions) <=> [ (x:1734, y:1164, w:1156, h:1160, wt:0)]
03-15 18:42:44.579  6349  6467 I APi2 info : : CaptureResult.Key(android.statistics.faces) <=> [ ]
03-15 18:42:44.579  6349  6467 I APi2 info : : CaptureResult.Key(android.statistics.faces) <=> [ ]
03-15 18:42:44.579  6349  6467 I APi2 info : : CaptureResult.Key(android.control.afRegions) <=> [ (x:1734, y:1164, w:1156, h:1160, wt:0)]
03-15 18:42:44.579  6349  6467 I APi2 info : : CaptureResult.Key(android.statistics.faces) <=> [ ]
03-15 18:42:44.579  6349  6467 I APi2 info : : CaptureResult.Key(android.scaler.cropRegion) <=> Rect(0, 0 - 4624, 3472)
03-15 18:42:44.579  6349  6467 I APi2 info : : CaptureResult.Key(android.sensor.timestamp) <=> 2986154617876784
03-15 18:42:44.579  6349  6467 I APi2 info : : CaptureResult.Key(android.sensor.timestamp) <=> 2986154617876784
03-15 18:42:44.579  6349  6467 I APi2 info : : CaptureResult.Key(android.sensor.frameDuration) <=> 33333333
03-15 18:42:44.579  6349  6467 I APi2 info : : CaptureResult.Key(android.sensor.exposureTime) <=> 30000000
03-15 18:42:44.579  6349  6467 I APi2 info : : CaptureResult.Key(android.sensor.timestamp) <=> 2986154617876784
03-15 18:42:44.579  6349  6467 I APi2 info : : CaptureResult.Key(android.sensor.frameDuration) <=> 33333333
03-15 18:42:44.580  6349  6467 I APi2 info : : CaptureResult.Key(android.colorCorrection.gains) <=> RggbChannelVector{R:2,132813, G_even:1,000000, G_odd:1,000000, B:1,390625}
03-15 18:42:44.580  6349  6467 I APi2 info : : CaptureResult.Key(android.colorCorrection.transform) <=> ColorSpaceTransform([128/128, 0/128, 0/128], [0/128, 128/128, 0/128], [0/128, 0/128, 128/128])
03-15 18:42:44.580  6349  6467 I APi2 info : : CaptureResult.Key(android.control.aeRegions) <=> [ (x:0, y:0, w:0, h:0, wt:0)]
03-15 18:42:44.580  6349  6467 I APi2 info : : CaptureResult.Key(android.control.aeState) <=> 1
03-15 18:42:44.580  6349  6467 I APi2 info : : CaptureResult.Key(android.control.afState) <=> 2
03-15 18:42:44.580  6349  6467 I APi2 info : : CaptureResult.Key(android.control.afMode) <=> 4
03-15 18:42:44.580  6349  6467 I APi2 info : : CaptureResult.Key(android.logicalMultiCamera.activePhysicalId) <=> <null>
03-15 18:42:44.607  6349  6467 I APi2 info : : CaptureResult.Key(android.scaler.cropRegion) <=> <null>
03-15 18:42:44.610  6349  6467 I APi2 info : : CaptureResult.Key(android.scaler.cropRegion) <=> Rect(0, 0 - 4624, 3472)
03-15 18:42:44.610  6349  6467 I APi2 info : : CaptureResult.Key(android.control.aeState) <=> 1
03-15 18:42:44.610  6349  6467 I APi2 info : : CaptureResult.Key(android.lens.focusDistance) <=> 1.491228
03-15 18:42:44.610  6349  6467 I APi2 info : : CaptureResult.Key(android.lens.focusRange) <=> Pair{0.1 10.0}
03-15 18:42:44.610  6349  6467 I APi2 info : : CaptureResult.Key(android.statistics.faces) <=> [ ]
03-15 18:42:44.610  6349  6467 I APi2 info : : CaptureResult.Key(android.scaler.cropRegion) <=> Rect(0, 0 - 4624, 3472)
03-15 18:42:44.610  6349  6467 I APi2 info : : CaptureResult.Key(android.sensor.frameDuration) <=> 33333333
03-15 18:42:44.610  6349  6467 I APi2 info : : CaptureResult.Key(android.control.aeMode) <=> 1
03-15 18:42:44.610  6349  6467 I APi2 info : : CaptureResult.Key(android.control.aeState) <=> 1
03-15 18:42:44.610  6349  6467 I APi2 info : : CaptureResult.Key(android.control.afMode) <=> 4
03-15 18:42:44.611  6349  6566 I APi2 info : : CaptureResult.Key(android.logicalMultiCamera.activePhysicalId) <=> <null>
03-15 18:42:44.611  6349  6566 I APi2 info : : CaptureResult.Key(android.statistics.oisSamples) <=> <null>
03-15 18:42:44.611  6349  6566 E OisListener: Null pointer for OIS data. OIS API version: 2
03-15 18:42:44.611  6349  6467 I APi2 info : : CaptureResult.Key(android.control.afMode) <=> 4
03-15 18:42:44.611  6349  6467 I APi2 info : : CaptureResult.Key(android.control.afState) <=> 2
03-15 18:42:44.611  6349  6467 I APi2 info : : CaptureResult.Key(android.lens.focusDistance) <=> 1.491228
03-15 18:42:44.611  6349  6467 I APi2 info : : CaptureResult.Key(android.control.afMode) <=> 4
03-15 18:42:44.611  6349  6467 I APi2 info : : CaptureResult.Key(android.control.afRegions) <=> [ (x:1734, y:1164, w:1156, h:1160, wt:0)]
03-15 18:42:44.611  6349  6467 I APi2 info : : CaptureResult.Key(android.statistics.faces) <=> [ ]
03-15 18:42:44.611  6349  6467 I APi2 info : : CaptureResult.Key(android.statistics.faces) <=> [ ]
03-15 18:42:44.611  6349  6467 I APi2 info : : CaptureResult.Key(android.control.afRegions) <=> [ (x:1734, y:1164, w:1156, h:1160, wt:0)]
03-15 18:42:44.611  6349  6467 I APi2 info : : CaptureResult.Key(android.statistics.faces) <=> [ ]
03-15 18:42:44.611  6349  6467 I APi2 info : : CaptureResult.Key(android.scaler.cropRegion) <=> Rect(0, 0 - 4624, 3472)
03-15 18:42:44.611  6349  6467 I APi2 info : : CaptureResult.Key(android.scaler.cropRegion) <=> Rect(0, 0 - 4624, 3472)
03-15 18:42:44.611  6349  6467 I APi2 info : : CaptureResult.Key(android.control.afRegions) <=> [ (x:1734, y:1164, w:1156, h:1160, wt:0)]
03-15 18:42:44.611  6349  6467 I APi2 info : : CaptureResult.Key(android.statistics.faces) <=> [ ]
03-15 18:42:44.611  6349  6467 I APi2 info : : CaptureResult.Key(android.statistics.faces) <=> [ ]
03-15 18:42:44.611  6349  6467 I APi2 info : : CaptureResult.Key(android.control.afRegions) <=> [ (x:1734, y:1164, w:1156, h:1160, wt:0)]
03-15 18:42:44.611  6349  6467 I APi2 info : : CaptureResult.Key(android.statistics.faces) <=> [ ]
03-15 18:42:44.611  6349  6467 I APi2 info : : CaptureResult.Key(android.scaler.cropRegion) <=> Rect(0, 0 - 4624, 3472)
03-15 18:42:44.611  6349  6467 I APi2 info : : CaptureResult.Key(android.sensor.timestamp) <=> 2986154651206211
03-15 18:42:44.611  6349  6467 I APi2 info : : CaptureResult.Key(android.sensor.timestamp) <=> 2986154651206211
03-15 18:42:44.612  6349  6467 I APi2 info : : CaptureResult.Key(android.sensor.frameDuration) <=> 33333333
03-15 18:42:44.612  6349  6467 I APi2 info : : CaptureResult.Key(android.sensor.exposureTime) <=> 30000000
03-15 18:42:44.612  6349  6467 I APi2 info : : CaptureResult.Key(android.sensor.timestamp) <=> 2986154651206211
03-15 18:42:44.612  6349  6467 I APi2 info : : CaptureResult.Key(android.sensor.frameDuration) <=> 33333333
03-15 18:42:44.612  6349  6467 I APi2 info : : CaptureResult.Key(android.colorCorrection.gains) <=> RggbChannelVector{R:2,132813, G_even:1,000000, G_odd:1,000000, B:1,382813}
03-15 18:42:44.612  6349  6467 I APi2 info : : CaptureResult.Key(android.colorCorrection.transform) <=> ColorSpaceTransform([128/128, 0/128, 0/128], [0/128, 128/128, 0/128], [0/128, 0/128, 128/128])
03-15 18:42:44.612  6349  6467 I APi2 info : : CaptureResult.Key(android.control.aeRegions) <=> [ (x:0, y:0, w:0, h:0, wt:0)]
03-15 18:42:44.612  6349  6467 I APi2 info : : CaptureResult.Key(android.control.aeState) <=> 1
03-15 18:42:44.612  6349  6467 I APi2 info : : CaptureResult.Key(android.control.afState) <=> 2
03-15 18:42:44.612  6349  6467 I APi2 info : : CaptureResult.Key(android.control.afMode) <=> 4
03-15 18:42:44.612  6349  6467 I APi2 info : : CaptureResult.Key(android.logicalMultiCamera.activePhysicalId) <=> <null>
03-15 18:42:44.638  6349  6467 I APi2 info : : CaptureResult.Key(android.scaler.cropRegion) <=> <null>
03-15 18:42:44.642  6349  6467 I APi2 info : : CaptureResult.Key(android.scaler.cropRegion) <=> Rect(0, 0 - 4624, 3472)
03-15 18:42:44.642  6349  6467 I APi2 info : : CaptureResult.Key(android.control.aeState) <=> 1
03-15 18:42:44.642  6349  6467 I APi2 info : : CaptureResult.Key(android.lens.focusDistance) <=> 1.4166667
03-15 18:42:44.642  6349  6467 I APi2 info : : CaptureResult.Key(android.lens.focusRange) <=> Pair{0.1 10.0}
03-15 18:42:44.642  6349  6467 I APi2 info : : CaptureResult.Key(android.statistics.faces) <=> [ ]
03-15 18:42:44.642  6349  6467 I APi2 info : : CaptureResult.Key(android.scaler.cropRegion) <=> Rect(0, 0 - 4624, 3472)
03-15 18:42:44.643  6349  6467 I APi2 info : : CaptureResult.Key(android.sensor.frameDuration) <=> 33333333
03-15 18:42:44.643  6349  6467 I APi2 info : : CaptureResult.Key(android.control.aeMode) <=> 1
03-15 18:42:44.643  6349  6467 I APi2 info : : CaptureResult.Key(android.control.aeState) <=> 1
03-15 18:42:44.643  6349  6467 I APi2 info : : CaptureResult.Key(android.control.afMode) <=> 4
03-15 18:42:44.643  6349  6467 I APi2 info : : CaptureResult.Key(android.control.afMode) <=> 4
03-15 18:42:44.643  6349  6467 I APi2 info : : CaptureResult.Key(android.control.afState) <=> 2
03-15 18:42:44.643  6349  6467 I APi2 info : : CaptureResult.Key(android.lens.focusDistance) <=> 1.4166667
03-15 18:42:44.643  6349  6566 I APi2 info : : CaptureResult.Key(android.logicalMultiCamera.activePhysicalId) <=> <null>
03-15 18:42:44.643  6349  6566 I APi2 info : : CaptureResult.Key(android.statistics.oisSamples) <=> <null>
03-15 18:42:44.643  6349  6467 I APi2 info : : CaptureResult.Key(android.control.afMode) <=> 4
03-15 18:42:44.643  6349  6467 I APi2 info : : CaptureResult.Key(android.control.afRegions) <=> [ (x:1734, y:1164, w:1156, h:1160, wt:0)]
03-15 18:42:44.643  6349  6467 I APi2 info : : CaptureResult.Key(android.statistics.faces) <=> [ ]
03-15 18:42:44.643  6349  6467 I APi2 info : : CaptureResult.Key(android.statistics.faces) <=> [ ]
03-15 18:42:44.643  6349  6467 I APi2 info : : CaptureResult.Key(android.control.afRegions) <=> [ (x:1734, y:1164, w:1156, h:1160, wt:0)]
03-15 18:42:44.643  6349  6467 I APi2 info : : CaptureResult.Key(android.statistics.faces) <=> [ ]
03-15 18:42:44.643  6349  6467 I APi2 info : : CaptureResult.Key(android.scaler.cropRegion) <=> Rect(0, 0 - 4624, 3472)
03-15 18:42:44.643  6349  6467 I APi2 info : : CaptureResult.Key(android.scaler.cropRegion) <=> Rect(0, 0 - 4624, 3472)
03-15 18:42:44.643  6349  6467 I APi2 info : : CaptureResult.Key(android.control.afRegions) <=> [ (x:1734, y:1164, w:1156, h:1160, wt:0)]
03-15 18:42:44.643  6349  6467 I APi2 info : : CaptureResult.Key(android.statistics.faces) <=> [ ]
03-15 18:42:44.643  6349  6566 E OisListener: Null pointer for OIS data. OIS API version: 2
03-15 18:42:44.643  6349  6467 I APi2 info : : CaptureResult.Key(android.statistics.faces) <=> [ ]
03-15 18:42:44.643  6349  6467 I APi2 info : : CaptureResult.Key(android.control.afRegions) <=> [ (x:1734, y:1164, w:1156, h:1160, wt:0)]
03-15 18:42:44.643  6349  6467 I APi2 info : : CaptureResult.Key(android.statistics.faces) <=> [ ]
03-15 18:42:44.643  6349  6467 I APi2 info : : CaptureResult.Key(android.scaler.cropRegion) <=> Rect(0, 0 - 4624, 3472)
03-15 18:42:44.644  6349  6467 I APi2 info : : CaptureResult.Key(android.sensor.timestamp) <=> 2986154684535638
03-15 18:42:44.644  6349  6467 I APi2 info : : CaptureResult.Key(android.sensor.timestamp) <=> 2986154684535638
03-15 18:42:44.644  6349  6467 I APi2 info : : CaptureResult.Key(android.sensor.frameDuration) <=> 33333333
03-15 18:42:44.644  6349  6467 I APi2 info : : CaptureResult.Key(android.sensor.exposureTime) <=> 30000000
03-15 18:42:44.644  6349  6467 I APi2 info : : CaptureResult.Key(android.sensor.timestamp) <=> 2986154684535638
